<?xml version="1.0" encoding="UTF-8"?><testsuite name="nosetests" tests="36" errors="5" failures="4" skip="0"><testcase classname="tests.tests.test_check_links.CheckLinksTest" name="test_amenity_links" time="29.935"></testcase><testcase classname="tests.tests.test_check_links.CheckLinksTest" name="test_category_links" time="11.490"></testcase><testcase classname="tests.tests.test_check_links.CheckLinksTest" name="test_check_POI_page_header_and_footer_links" time="58.592"><failure type="exceptions.AssertionError" message='dropdown is not visible&#10;-------------------- &gt;&gt; begin captured logging &lt;&lt; --------------------&#10;selenium.webdriver.remote.remote_connection: DEBUG: DELETE http://172.31.237.7:4444/wd/hub/session/75f626e6-8981-4bea-95f8-f0fc392b2a16/cookie {"sessionId": "75f626e6-8981-4bea-95f8-f0fc392b2a16"}&#10;selenium.webdriver.remote.remote_connection: DEBUG: POST http://172.31.237.7:4444/wd/hub/session/75f626e6-8981-4bea-95f8-f0fc392b2a16/url {"url": "about:blank", "sessionId": "75f626e6-8981-4bea-95f8-f0fc392b2a16"}&#10;selenium.webdriver.remote.remote_connection: DEBUG: POST http://172.31.237.7:4444/wd/hub/session/75f626e6-8981-4bea-95f8-f0fc392b2a16/url {"url": "http://172.31.237.12/#/poi?id=172880af0000000000000000", "sessionId": "75f626e6-8981-4bea-95f8-f0fc392b2a16"}&#10;selenium.webdriver.remote.remote_connection: DEBUG: GET http://172.31.237.7:4444/wd/hub/session/75f626e6-8981-4bea-95f8-f0fc392b2a16/title {"sessionId": "75f626e6-8981-4bea-95f8-f0fc392b2a16"}&#10;selenium.webdriver.remote.remote_connection: DEBUG: POST http://172.31.237.7:4444/wd/hub/session/75f626e6-8981-4bea-95f8-f0fc392b2a16/element {"using": "xpath", "sessionId": "75f626e6-8981-4bea-95f8-f0fc392b2a16", "value": "//header/section[2]/ul/li[1]/a"}&#10;selenium.webdriver.remote.remote_connection: DEBUG: POST http://172.31.237.7:4444/wd/hub/session/75f626e6-8981-4bea-95f8-f0fc392b2a16/element/18/click {"sessionId": "75f626e6-8981-4bea-95f8-f0fc392b2a16", "id": "18"}&#10;selenium.webdriver.remote.remote_connection: DEBUG: POST http://172.31.237.7:4444/wd/hub/session/75f626e6-8981-4bea-95f8-f0fc392b2a16/timeouts/implicit_wait {"sessionId": "75f626e6-8981-4bea-95f8-f0fc392b2a16", "ms": 20000.0}&#10;selenium.webdriver.remote.remote_connection: DEBUG: GET http://172.31.237.7:4444/wd/hub/session/75f626e6-8981-4bea-95f8-f0fc392b2a16/window_handles {"sessionId": "75f626e6-8981-4bea-95f8-f0fc392b2a16"}&#10;selenium.webdriver.remote.remote_connection: DEBUG: GET http://172.31.237.7:4444/wd/hub/session/75f626e6-8981-4bea-95f8-f0fc392b2a16/url {"sessionId": "75f626e6-8981-4bea-95f8-f0fc392b2a16"}&#10;selenium.webdriver.remote.remote_connection: DEBUG: POST http://172.31.237.7:4444/wd/hub/session/75f626e6-8981-4bea-95f8-f0fc392b2a16/back {"sessionId": "75f626e6-8981-4bea-95f8-f0fc392b2a16"}&#10;selenium.webdriver.remote.remote_connection: DEBUG: POST http://172.31.237.7:4444/wd/hub/session/75f626e6-8981-4bea-95f8-f0fc392b2a16/element {"using": "xpath", "sessionId": "75f626e6-8981-4bea-95f8-f0fc392b2a16", "value": "//header/section/nav/a[1]"}&#10;selenium.webdriver.remote.remote_connection: DEBUG: POST http://172.31.237.7:4444/wd/hub/session/75f626e6-8981-4bea-95f8-f0fc392b2a16/element/19/click {"sessionId": "75f626e6-8981-4bea-95f8-f0fc392b2a16", "id": "19"}&#10;selenium.webdriver.remote.remote_connection: DEBUG: POST http://172.31.237.7:4444/wd/hub/session/75f626e6-8981-4bea-95f8-f0fc392b2a16/timeouts/implicit_wait {"sessionId": "75f626e6-8981-4bea-95f8-f0fc392b2a16", "ms": 20000.0}&#10;selenium.webdriver.remote.remote_connection: DEBUG: GET http://172.31.237.7:4444/wd/hub/session/75f626e6-8981-4bea-95f8-f0fc392b2a16/window_handles {"sessionId": "75f626e6-8981-4bea-95f8-f0fc392b2a16"}&#10;selenium.webdriver.remote.remote_connection: DEBUG: GET http://172.31.237.7:4444/wd/hub/session/75f626e6-8981-4bea-95f8-f0fc392b2a16/url {"sessionId": "75f626e6-8981-4bea-95f8-f0fc392b2a16"}&#10;selenium.webdriver.remote.remote_connection: DEBUG: POST http://172.31.237.7:4444/wd/hub/session/75f626e6-8981-4bea-95f8-f0fc392b2a16/back {"sessionId": "75f626e6-8981-4bea-95f8-f0fc392b2a16"}&#10;selenium.webdriver.remote.remote_connection: DEBUG: POST http://172.31.237.7:4444/wd/hub/session/75f626e6-8981-4bea-95f8-f0fc392b2a16/element {"using": "xpath", "sessionId": "75f626e6-8981-4bea-95f8-f0fc392b2a16", "value": "//header/section/nav/a[2]"}&#10;selenium.webdriver.remote.remote_connection: DEBUG: POST http://172.31.237.7:4444/wd/hub/session/75f626e6-8981-4bea-95f8-f0fc392b2a16/element/20/click {"sessionId": "75f626e6-8981-4bea-95f8-f0fc392b2a16", "id": "20"}&#10;selenium.webdriver.remote.remote_connection: DEBUG: POST http://172.31.237.7:4444/wd/hub/session/75f626e6-8981-4bea-95f8-f0fc392b2a16/timeouts/implicit_wait {"sessionId": "75f626e6-8981-4bea-95f8-f0fc392b2a16", "ms": 20000.0}&#10;selenium.webdriver.remote.remote_connection: DEBUG: GET http://172.31.237.7:4444/wd/hub/session/75f626e6-8981-4bea-95f8-f0fc392b2a16/window_handles {"sessionId": "75f626e6-8981-4bea-95f8-f0fc392b2a16"}&#10;selenium.webdriver.remote.remote_connection: DEBUG: GET http://172.31.237.7:4444/wd/hub/session/75f626e6-8981-4bea-95f8-f0fc392b2a16/url {"sessionId": "75f626e6-8981-4bea-95f8-f0fc392b2a16"}&#10;selenium.webdriver.remote.remote_connection: DEBUG: POST http://172.31.237.7:4444/wd/hub/session/75f626e6-8981-4bea-95f8-f0fc392b2a16/back {"sessionId": "75f626e6-8981-4bea-95f8-f0fc392b2a16"}&#10;selenium.webdriver.remote.remote_connection: DEBUG: POST http://172.31.237.7:4444/wd/hub/session/75f626e6-8981-4bea-95f8-f0fc392b2a16/element {"using": "xpath", "sessionId": "75f626e6-8981-4bea-95f8-f0fc392b2a16", "value": "//header/section/nav/a[3]"}&#10;selenium.webdriver.remote.remote_connection: DEBUG: POST http://172.31.237.7:4444/wd/hub/session/75f626e6-8981-4bea-95f8-f0fc392b2a16/element/21/click {"sessionId": "75f626e6-8981-4bea-95f8-f0fc392b2a16", "id": "21"}&#10;selenium.webdriver.remote.remote_connection: DEBUG: POST http://172.31.237.7:4444/wd/hub/session/75f626e6-8981-4bea-95f8-f0fc392b2a16/timeouts/implicit_wait {"sessionId": "75f626e6-8981-4bea-95f8-f0fc392b2a16", "ms": 20000.0}&#10;selenium.webdriver.remote.remote_connection: DEBUG: GET http://172.31.237.7:4444/wd/hub/session/75f626e6-8981-4bea-95f8-f0fc392b2a16/window_handles {"sessionId": "75f626e6-8981-4bea-95f8-f0fc392b2a16"}&#10;selenium.webdriver.remote.remote_connection: DEBUG: GET http://172.31.237.7:4444/wd/hub/session/75f626e6-8981-4bea-95f8-f0fc392b2a16/url {"sessionId": "75f626e6-8981-4bea-95f8-f0fc392b2a16"}&#10;selenium.webdriver.remote.remote_connection: DEBUG: POST http://172.31.237.7:4444/wd/hub/session/75f626e6-8981-4bea-95f8-f0fc392b2a16/back {"sessionId": "75f626e6-8981-4bea-95f8-f0fc392b2a16"}&#10;selenium.webdriver.remote.remote_connection: DEBUG: POST http://172.31.237.7:4444/wd/hub/session/75f626e6-8981-4bea-95f8-f0fc392b2a16/element {"using": "xpath", "sessionId": "75f626e6-8981-4bea-95f8-f0fc392b2a16", "value": "//header/section/nav/a[4]"}&#10;selenium.webdriver.remote.remote_connection: DEBUG: POST http://172.31.237.7:4444/wd/hub/session/75f626e6-8981-4bea-95f8-f0fc392b2a16/element/22/click {"sessionId": "75f626e6-8981-4bea-95f8-f0fc392b2a16", "id": "22"}&#10;selenium.webdriver.remote.remote_connection: DEBUG: POST http://172.31.237.7:4444/wd/hub/session/75f626e6-8981-4bea-95f8-f0fc392b2a16/timeouts/implicit_wait {"sessionId": "75f626e6-8981-4bea-95f8-f0fc392b2a16", "ms": 20000.0}&#10;selenium.webdriver.remote.remote_connection: DEBUG: GET http://172.31.237.7:4444/wd/hub/session/75f626e6-8981-4bea-95f8-f0fc392b2a16/window_handles {"sessionId": "75f626e6-8981-4bea-95f8-f0fc392b2a16"}&#10;selenium.webdriver.remote.remote_connection: DEBUG: GET http://172.31.237.7:4444/wd/hub/session/75f626e6-8981-4bea-95f8-f0fc392b2a16/url {"sessionId": "75f626e6-8981-4bea-95f8-f0fc392b2a16"}&#10;selenium.webdriver.remote.remote_connection: DEBUG: POST http://172.31.237.7:4444/wd/hub/session/75f626e6-8981-4bea-95f8-f0fc392b2a16/back {"sessionId": "75f626e6-8981-4bea-95f8-f0fc392b2a16"}&#10;selenium.webdriver.remote.remote_connection: DEBUG: POST http://172.31.237.7:4444/wd/hub/session/75f626e6-8981-4bea-95f8-f0fc392b2a16/element {"using": "xpath", "sessionId": "75f626e6-8981-4bea-95f8-f0fc392b2a16", "value": "//header/section/nav/a[5]"}&#10;selenium.webdriver.remote.remote_connection: DEBUG: GET http://172.31.237.7:4444/wd/hub/session/75f626e6-8981-4bea-95f8-f0fc392b2a16/url {"sessionId": "75f626e6-8981-4bea-95f8-f0fc392b2a16"}&#10;selenium.webdriver.remote.remote_connection: DEBUG: POST http://172.31.237.7:4444/wd/hub/session/75f626e6-8981-4bea-95f8-f0fc392b2a16/element/23/click {"sessionId": "75f626e6-8981-4bea-95f8-f0fc392b2a16", "id": "23"}&#10;selenium.webdriver.remote.remote_connection: DEBUG: POST http://172.31.237.7:4444/wd/hub/session/75f626e6-8981-4bea-95f8-f0fc392b2a16/timeouts/implicit_wait {"sessionId": "75f626e6-8981-4bea-95f8-f0fc392b2a16", "ms": 20000.0}&#10;selenium.webdriver.remote.remote_connection: DEBUG: GET http://172.31.237.7:4444/wd/hub/session/75f626e6-8981-4bea-95f8-f0fc392b2a16/window_handles {"sessionId": "75f626e6-8981-4bea-95f8-f0fc392b2a16"}&#10;selenium.webdriver.remote.remote_connection: DEBUG: GET http://172.31.237.7:4444/wd/hub/session/75f626e6-8981-4bea-95f8-f0fc392b2a16/url {"sessionId": "75f626e6-8981-4bea-95f8-f0fc392b2a16"}&#10;selenium.webdriver.remote.remote_connection: DEBUG: POST http://172.31.237.7:4444/wd/hub/session/75f626e6-8981-4bea-95f8-f0fc392b2a16/element {"using": "xpath", "sessionId": "75f626e6-8981-4bea-95f8-f0fc392b2a16", "value": "//header/section/nav/a[6]"}&#10;selenium.webdriver.remote.remote_connection: DEBUG: POST http://172.31.237.7:4444/wd/hub/session/75f626e6-8981-4bea-95f8-f0fc392b2a16/element/24/click {"sessionId": "75f626e6-8981-4bea-95f8-f0fc392b2a16", "id": "24"}&#10;selenium.webdriver.remote.remote_connection: DEBUG: POST http://172.31.237.7:4444/wd/hub/session/75f626e6-8981-4bea-95f8-f0fc392b2a16/timeouts/implicit_wait {"sessionId": "75f626e6-8981-4bea-95f8-f0fc392b2a16", "ms": 20000.0}&#10;selenium.webdriver.remote.remote_connection: DEBUG: GET http://172.31.237.7:4444/wd/hub/session/75f626e6-8981-4bea-95f8-f0fc392b2a16/window_handles {"sessionId": "75f626e6-8981-4bea-95f8-f0fc392b2a16"}&#10;selenium.webdriver.remote.remote_connection: DEBUG: GET http://172.31.237.7:4444/wd/hub/session/75f626e6-8981-4bea-95f8-f0fc392b2a16/url {"sessionId": "75f626e6-8981-4bea-95f8-f0fc392b2a16"}&#10;selenium.webdriver.remote.remote_connection: DEBUG: POST http://172.31.237.7:4444/wd/hub/session/75f626e6-8981-4bea-95f8-f0fc392b2a16/back {"sessionId": "75f626e6-8981-4bea-95f8-f0fc392b2a16"}&#10;selenium.webdriver.remote.remote_connection: DEBUG: POST http://172.31.237.7:4444/wd/hub/session/75f626e6-8981-4bea-95f8-f0fc392b2a16/element {"using": "xpath", "sessionId": "75f626e6-8981-4bea-95f8-f0fc392b2a16", "value": "//header/section/nav/a[7]"}&#10;selenium.webdriver.remote.remote_connection: DEBUG: GET http://172.31.237.7:4444/wd/hub/session/75f626e6-8981-4bea-95f8-f0fc392b2a16/url {"sessionId": "75f626e6-8981-4bea-95f8-f0fc392b2a16"}&#10;selenium.webdriver.remote.remote_connection: DEBUG: POST http://172.31.237.7:4444/wd/hub/session/75f626e6-8981-4bea-95f8-f0fc392b2a16/element/25/click {"sessionId": "75f626e6-8981-4bea-95f8-f0fc392b2a16", "id": "25"}&#10;selenium.webdriver.remote.remote_connection: DEBUG: POST http://172.31.237.7:4444/wd/hub/session/75f626e6-8981-4bea-95f8-f0fc392b2a16/timeouts/implicit_wait {"sessionId": "75f626e6-8981-4bea-95f8-f0fc392b2a16", "ms": 20000.0}&#10;selenium.webdriver.remote.remote_connection: DEBUG: GET http://172.31.237.7:4444/wd/hub/session/75f626e6-8981-4bea-95f8-f0fc392b2a16/window_handles {"sessionId": "75f626e6-8981-4bea-95f8-f0fc392b2a16"}&#10;selenium.webdriver.remote.remote_connection: DEBUG: GET http://172.31.237.7:4444/wd/hub/session/75f626e6-8981-4bea-95f8-f0fc392b2a16/url {"sessionId": "75f626e6-8981-4bea-95f8-f0fc392b2a16"}&#10;selenium.webdriver.remote.remote_connection: DEBUG: POST http://172.31.237.7:4444/wd/hub/session/75f626e6-8981-4bea-95f8-f0fc392b2a16/element {"using": "xpath", "sessionId": "75f626e6-8981-4bea-95f8-f0fc392b2a16", "value": "//header/section/nav/a[8]"}&#10;selenium.webdriver.remote.remote_connection: DEBUG: GET http://172.31.237.7:4444/wd/hub/session/75f626e6-8981-4bea-95f8-f0fc392b2a16/url {"sessionId": "75f626e6-8981-4bea-95f8-f0fc392b2a16"}&#10;selenium.webdriver.remote.remote_connection: DEBUG: POST http://172.31.237.7:4444/wd/hub/session/75f626e6-8981-4bea-95f8-f0fc392b2a16/element/26/click {"sessionId": "75f626e6-8981-4bea-95f8-f0fc392b2a16", "id": "26"}&#10;selenium.webdriver.remote.remote_connection: DEBUG: POST http://172.31.237.7:4444/wd/hub/session/75f626e6-8981-4bea-95f8-f0fc392b2a16/timeouts/implicit_wait {"sessionId": "75f626e6-8981-4bea-95f8-f0fc392b2a16", "ms": 20000.0}&#10;selenium.webdriver.remote.remote_connection: DEBUG: GET http://172.31.237.7:4444/wd/hub/session/75f626e6-8981-4bea-95f8-f0fc392b2a16/window_handles {"sessionId": "75f626e6-8981-4bea-95f8-f0fc392b2a16"}&#10;selenium.webdriver.remote.remote_connection: DEBUG: GET http://172.31.237.7:4444/wd/hub/session/75f626e6-8981-4bea-95f8-f0fc392b2a16/url {"sessionId": "75f626e6-8981-4bea-95f8-f0fc392b2a16"}&#10;selenium.webdriver.remote.remote_connection: DEBUG: POST http://172.31.237.7:4444/wd/hub/session/75f626e6-8981-4bea-95f8-f0fc392b2a16/element {"using": "xpath", "sessionId": "75f626e6-8981-4bea-95f8-f0fc392b2a16", "value": "//header/section[2]/ul/li[2]/div"}&#10;selenium.webdriver.remote.remote_connection: DEBUG: POST http://172.31.237.7:4444/wd/hub/session/75f626e6-8981-4bea-95f8-f0fc392b2a16/element/27/click {"sessionId": "75f626e6-8981-4bea-95f8-f0fc392b2a16", "id": "27"}&#10;selenium.webdriver.remote.remote_connection: DEBUG: POST http://172.31.237.7:4444/wd/hub/session/75f626e6-8981-4bea-95f8-f0fc392b2a16/element {"using": "xpath", "sessionId": "75f626e6-8981-4bea-95f8-f0fc392b2a16", "value": "//header/section[2]/ul/li[2]/div/ul"}&#10;selenium.webdriver.remote.remote_connection: DEBUG: GET http://172.31.237.7:4444/wd/hub/session/75f626e6-8981-4bea-95f8-f0fc392b2a16/element/28/size {"sessionId": "75f626e6-8981-4bea-95f8-f0fc392b2a16", "id": "28"}&#10;selenium.webdriver.remote.remote_connection: DEBUG: POST http://172.31.237.7:4444/wd/hub/session/75f626e6-8981-4bea-95f8-f0fc392b2a16/element {"using": "xpath", "sessionId": "75f626e6-8981-4bea-95f8-f0fc392b2a16", "value": "//header/section[2]/ul/li[6]"}&#10;selenium.webdriver.remote.remote_connection: DEBUG: POST http://172.31.237.7:4444/wd/hub/session/75f626e6-8981-4bea-95f8-f0fc392b2a16/element/29/click {"sessionId": "75f626e6-8981-4bea-95f8-f0fc392b2a16", "id": "29"}&#10;selenium.webdriver.remote.remote_connection: DEBUG: POST http://172.31.237.7:4444/wd/hub/session/75f626e6-8981-4bea-95f8-f0fc392b2a16/element {"using": "xpath", "sessionId": "75f626e6-8981-4bea-95f8-f0fc392b2a16", "value": "//header/section[2]/ul/li[6]/div/ul"}&#10;selenium.webdriver.remote.remote_connection: DEBUG: GET http://172.31.237.7:4444/wd/hub/session/75f626e6-8981-4bea-95f8-f0fc392b2a16/element/30/size {"sessionId": "75f626e6-8981-4bea-95f8-f0fc392b2a16", "id": "30"}&#10;--------------------- &gt;&gt; end captured logging &lt;&lt; ---------------------'><![CDATA[  File "C:\Users\lxz\Documents\GitHub\localway_tests\wtframework\wtf\testobjects\testcase.py", line 101, in run
    testMethod()
  File "C:\Users\lxz\Documents\GitHub\localway_tests\tests\tests\test_check_links.py", line 237, in test_check_POI_page_header_and_footer_links
    'dropdown is not visible')
  File "C:\Python27\lib\unittest\case.py", line 424, in assertTrue
    raise self.failureException(msg)
dropdown is not visible
-------------------- >> begin captured logging << --------------------
selenium.webdriver.remote.remote_connection: DEBUG: DELETE http://172.31.237.7:4444/wd/hub/session/75f626e6-8981-4bea-95f8-f0fc392b2a16/cookie {"sessionId": "75f626e6-8981-4bea-95f8-f0fc392b2a16"}
selenium.webdriver.remote.remote_connection: DEBUG: POST http://172.31.237.7:4444/wd/hub/session/75f626e6-8981-4bea-95f8-f0fc392b2a16/url {"url": "about:blank", "sessionId": "75f626e6-8981-4bea-95f8-f0fc392b2a16"}
selenium.webdriver.remote.remote_connection: DEBUG: POST http://172.31.237.7:4444/wd/hub/session/75f626e6-8981-4bea-95f8-f0fc392b2a16/url {"url": "http://172.31.237.12/#/poi?id=172880af0000000000000000", "sessionId": "75f626e6-8981-4bea-95f8-f0fc392b2a16"}
selenium.webdriver.remote.remote_connection: DEBUG: GET http://172.31.237.7:4444/wd/hub/session/75f626e6-8981-4bea-95f8-f0fc392b2a16/title {"sessionId": "75f626e6-8981-4bea-95f8-f0fc392b2a16"}
selenium.webdriver.remote.remote_connection: DEBUG: POST http://172.31.237.7:4444/wd/hub/session/75f626e6-8981-4bea-95f8-f0fc392b2a16/element {"using": "xpath", "sessionId": "75f626e6-8981-4bea-95f8-f0fc392b2a16", "value": "//header/section[2]/ul/li[1]/a"}
selenium.webdriver.remote.remote_connection: DEBUG: POST http://172.31.237.7:4444/wd/hub/session/75f626e6-8981-4bea-95f8-f0fc392b2a16/element/18/click {"sessionId": "75f626e6-8981-4bea-95f8-f0fc392b2a16", "id": "18"}
selenium.webdriver.remote.remote_connection: DEBUG: POST http://172.31.237.7:4444/wd/hub/session/75f626e6-8981-4bea-95f8-f0fc392b2a16/timeouts/implicit_wait {"sessionId": "75f626e6-8981-4bea-95f8-f0fc392b2a16", "ms": 20000.0}
selenium.webdriver.remote.remote_connection: DEBUG: GET http://172.31.237.7:4444/wd/hub/session/75f626e6-8981-4bea-95f8-f0fc392b2a16/window_handles {"sessionId": "75f626e6-8981-4bea-95f8-f0fc392b2a16"}
selenium.webdriver.remote.remote_connection: DEBUG: GET http://172.31.237.7:4444/wd/hub/session/75f626e6-8981-4bea-95f8-f0fc392b2a16/url {"sessionId": "75f626e6-8981-4bea-95f8-f0fc392b2a16"}
selenium.webdriver.remote.remote_connection: DEBUG: POST http://172.31.237.7:4444/wd/hub/session/75f626e6-8981-4bea-95f8-f0fc392b2a16/back {"sessionId": "75f626e6-8981-4bea-95f8-f0fc392b2a16"}
selenium.webdriver.remote.remote_connection: DEBUG: POST http://172.31.237.7:4444/wd/hub/session/75f626e6-8981-4bea-95f8-f0fc392b2a16/element {"using": "xpath", "sessionId": "75f626e6-8981-4bea-95f8-f0fc392b2a16", "value": "//header/section/nav/a[1]"}
selenium.webdriver.remote.remote_connection: DEBUG: POST http://172.31.237.7:4444/wd/hub/session/75f626e6-8981-4bea-95f8-f0fc392b2a16/element/19/click {"sessionId": "75f626e6-8981-4bea-95f8-f0fc392b2a16", "id": "19"}
selenium.webdriver.remote.remote_connection: DEBUG: POST http://172.31.237.7:4444/wd/hub/session/75f626e6-8981-4bea-95f8-f0fc392b2a16/timeouts/implicit_wait {"sessionId": "75f626e6-8981-4bea-95f8-f0fc392b2a16", "ms": 20000.0}
selenium.webdriver.remote.remote_connection: DEBUG: GET http://172.31.237.7:4444/wd/hub/session/75f626e6-8981-4bea-95f8-f0fc392b2a16/window_handles {"sessionId": "75f626e6-8981-4bea-95f8-f0fc392b2a16"}
selenium.webdriver.remote.remote_connection: DEBUG: GET http://172.31.237.7:4444/wd/hub/session/75f626e6-8981-4bea-95f8-f0fc392b2a16/url {"sessionId": "75f626e6-8981-4bea-95f8-f0fc392b2a16"}
selenium.webdriver.remote.remote_connection: DEBUG: POST http://172.31.237.7:4444/wd/hub/session/75f626e6-8981-4bea-95f8-f0fc392b2a16/back {"sessionId": "75f626e6-8981-4bea-95f8-f0fc392b2a16"}
selenium.webdriver.remote.remote_connection: DEBUG: POST http://172.31.237.7:4444/wd/hub/session/75f626e6-8981-4bea-95f8-f0fc392b2a16/element {"using": "xpath", "sessionId": "75f626e6-8981-4bea-95f8-f0fc392b2a16", "value": "//header/section/nav/a[2]"}
selenium.webdriver.remote.remote_connection: DEBUG: POST http://172.31.237.7:4444/wd/hub/session/75f626e6-8981-4bea-95f8-f0fc392b2a16/element/20/click {"sessionId": "75f626e6-8981-4bea-95f8-f0fc392b2a16", "id": "20"}
selenium.webdriver.remote.remote_connection: DEBUG: POST http://172.31.237.7:4444/wd/hub/session/75f626e6-8981-4bea-95f8-f0fc392b2a16/timeouts/implicit_wait {"sessionId": "75f626e6-8981-4bea-95f8-f0fc392b2a16", "ms": 20000.0}
selenium.webdriver.remote.remote_connection: DEBUG: GET http://172.31.237.7:4444/wd/hub/session/75f626e6-8981-4bea-95f8-f0fc392b2a16/window_handles {"sessionId": "75f626e6-8981-4bea-95f8-f0fc392b2a16"}
selenium.webdriver.remote.remote_connection: DEBUG: GET http://172.31.237.7:4444/wd/hub/session/75f626e6-8981-4bea-95f8-f0fc392b2a16/url {"sessionId": "75f626e6-8981-4bea-95f8-f0fc392b2a16"}
selenium.webdriver.remote.remote_connection: DEBUG: POST http://172.31.237.7:4444/wd/hub/session/75f626e6-8981-4bea-95f8-f0fc392b2a16/back {"sessionId": "75f626e6-8981-4bea-95f8-f0fc392b2a16"}
selenium.webdriver.remote.remote_connection: DEBUG: POST http://172.31.237.7:4444/wd/hub/session/75f626e6-8981-4bea-95f8-f0fc392b2a16/element {"using": "xpath", "sessionId": "75f626e6-8981-4bea-95f8-f0fc392b2a16", "value": "//header/section/nav/a[3]"}
selenium.webdriver.remote.remote_connection: DEBUG: POST http://172.31.237.7:4444/wd/hub/session/75f626e6-8981-4bea-95f8-f0fc392b2a16/element/21/click {"sessionId": "75f626e6-8981-4bea-95f8-f0fc392b2a16", "id": "21"}
selenium.webdriver.remote.remote_connection: DEBUG: POST http://172.31.237.7:4444/wd/hub/session/75f626e6-8981-4bea-95f8-f0fc392b2a16/timeouts/implicit_wait {"sessionId": "75f626e6-8981-4bea-95f8-f0fc392b2a16", "ms": 20000.0}
selenium.webdriver.remote.remote_connection: DEBUG: GET http://172.31.237.7:4444/wd/hub/session/75f626e6-8981-4bea-95f8-f0fc392b2a16/window_handles {"sessionId": "75f626e6-8981-4bea-95f8-f0fc392b2a16"}
selenium.webdriver.remote.remote_connection: DEBUG: GET http://172.31.237.7:4444/wd/hub/session/75f626e6-8981-4bea-95f8-f0fc392b2a16/url {"sessionId": "75f626e6-8981-4bea-95f8-f0fc392b2a16"}
selenium.webdriver.remote.remote_connection: DEBUG: POST http://172.31.237.7:4444/wd/hub/session/75f626e6-8981-4bea-95f8-f0fc392b2a16/back {"sessionId": "75f626e6-8981-4bea-95f8-f0fc392b2a16"}
selenium.webdriver.remote.remote_connection: DEBUG: POST http://172.31.237.7:4444/wd/hub/session/75f626e6-8981-4bea-95f8-f0fc392b2a16/element {"using": "xpath", "sessionId": "75f626e6-8981-4bea-95f8-f0fc392b2a16", "value": "//header/section/nav/a[4]"}
selenium.webdriver.remote.remote_connection: DEBUG: POST http://172.31.237.7:4444/wd/hub/session/75f626e6-8981-4bea-95f8-f0fc392b2a16/element/22/click {"sessionId": "75f626e6-8981-4bea-95f8-f0fc392b2a16", "id": "22"}
selenium.webdriver.remote.remote_connection: DEBUG: POST http://172.31.237.7:4444/wd/hub/session/75f626e6-8981-4bea-95f8-f0fc392b2a16/timeouts/implicit_wait {"sessionId": "75f626e6-8981-4bea-95f8-f0fc392b2a16", "ms": 20000.0}
selenium.webdriver.remote.remote_connection: DEBUG: GET http://172.31.237.7:4444/wd/hub/session/75f626e6-8981-4bea-95f8-f0fc392b2a16/window_handles {"sessionId": "75f626e6-8981-4bea-95f8-f0fc392b2a16"}
selenium.webdriver.remote.remote_connection: DEBUG: GET http://172.31.237.7:4444/wd/hub/session/75f626e6-8981-4bea-95f8-f0fc392b2a16/url {"sessionId": "75f626e6-8981-4bea-95f8-f0fc392b2a16"}
selenium.webdriver.remote.remote_connection: DEBUG: POST http://172.31.237.7:4444/wd/hub/session/75f626e6-8981-4bea-95f8-f0fc392b2a16/back {"sessionId": "75f626e6-8981-4bea-95f8-f0fc392b2a16"}
selenium.webdriver.remote.remote_connection: DEBUG: POST http://172.31.237.7:4444/wd/hub/session/75f626e6-8981-4bea-95f8-f0fc392b2a16/element {"using": "xpath", "sessionId": "75f626e6-8981-4bea-95f8-f0fc392b2a16", "value": "//header/section/nav/a[5]"}
selenium.webdriver.remote.remote_connection: DEBUG: GET http://172.31.237.7:4444/wd/hub/session/75f626e6-8981-4bea-95f8-f0fc392b2a16/url {"sessionId": "75f626e6-8981-4bea-95f8-f0fc392b2a16"}
selenium.webdriver.remote.remote_connection: DEBUG: POST http://172.31.237.7:4444/wd/hub/session/75f626e6-8981-4bea-95f8-f0fc392b2a16/element/23/click {"sessionId": "75f626e6-8981-4bea-95f8-f0fc392b2a16", "id": "23"}
selenium.webdriver.remote.remote_connection: DEBUG: POST http://172.31.237.7:4444/wd/hub/session/75f626e6-8981-4bea-95f8-f0fc392b2a16/timeouts/implicit_wait {"sessionId": "75f626e6-8981-4bea-95f8-f0fc392b2a16", "ms": 20000.0}
selenium.webdriver.remote.remote_connection: DEBUG: GET http://172.31.237.7:4444/wd/hub/session/75f626e6-8981-4bea-95f8-f0fc392b2a16/window_handles {"sessionId": "75f626e6-8981-4bea-95f8-f0fc392b2a16"}
selenium.webdriver.remote.remote_connection: DEBUG: GET http://172.31.237.7:4444/wd/hub/session/75f626e6-8981-4bea-95f8-f0fc392b2a16/url {"sessionId": "75f626e6-8981-4bea-95f8-f0fc392b2a16"}
selenium.webdriver.remote.remote_connection: DEBUG: POST http://172.31.237.7:4444/wd/hub/session/75f626e6-8981-4bea-95f8-f0fc392b2a16/element {"using": "xpath", "sessionId": "75f626e6-8981-4bea-95f8-f0fc392b2a16", "value": "//header/section/nav/a[6]"}
selenium.webdriver.remote.remote_connection: DEBUG: POST http://172.31.237.7:4444/wd/hub/session/75f626e6-8981-4bea-95f8-f0fc392b2a16/element/24/click {"sessionId": "75f626e6-8981-4bea-95f8-f0fc392b2a16", "id": "24"}
selenium.webdriver.remote.remote_connection: DEBUG: POST http://172.31.237.7:4444/wd/hub/session/75f626e6-8981-4bea-95f8-f0fc392b2a16/timeouts/implicit_wait {"sessionId": "75f626e6-8981-4bea-95f8-f0fc392b2a16", "ms": 20000.0}
selenium.webdriver.remote.remote_connection: DEBUG: GET http://172.31.237.7:4444/wd/hub/session/75f626e6-8981-4bea-95f8-f0fc392b2a16/window_handles {"sessionId": "75f626e6-8981-4bea-95f8-f0fc392b2a16"}
selenium.webdriver.remote.remote_connection: DEBUG: GET http://172.31.237.7:4444/wd/hub/session/75f626e6-8981-4bea-95f8-f0fc392b2a16/url {"sessionId": "75f626e6-8981-4bea-95f8-f0fc392b2a16"}
selenium.webdriver.remote.remote_connection: DEBUG: POST http://172.31.237.7:4444/wd/hub/session/75f626e6-8981-4bea-95f8-f0fc392b2a16/back {"sessionId": "75f626e6-8981-4bea-95f8-f0fc392b2a16"}
selenium.webdriver.remote.remote_connection: DEBUG: POST http://172.31.237.7:4444/wd/hub/session/75f626e6-8981-4bea-95f8-f0fc392b2a16/element {"using": "xpath", "sessionId": "75f626e6-8981-4bea-95f8-f0fc392b2a16", "value": "//header/section/nav/a[7]"}
selenium.webdriver.remote.remote_connection: DEBUG: GET http://172.31.237.7:4444/wd/hub/session/75f626e6-8981-4bea-95f8-f0fc392b2a16/url {"sessionId": "75f626e6-8981-4bea-95f8-f0fc392b2a16"}
selenium.webdriver.remote.remote_connection: DEBUG: POST http://172.31.237.7:4444/wd/hub/session/75f626e6-8981-4bea-95f8-f0fc392b2a16/element/25/click {"sessionId": "75f626e6-8981-4bea-95f8-f0fc392b2a16", "id": "25"}
selenium.webdriver.remote.remote_connection: DEBUG: POST http://172.31.237.7:4444/wd/hub/session/75f626e6-8981-4bea-95f8-f0fc392b2a16/timeouts/implicit_wait {"sessionId": "75f626e6-8981-4bea-95f8-f0fc392b2a16", "ms": 20000.0}
selenium.webdriver.remote.remote_connection: DEBUG: GET http://172.31.237.7:4444/wd/hub/session/75f626e6-8981-4bea-95f8-f0fc392b2a16/window_handles {"sessionId": "75f626e6-8981-4bea-95f8-f0fc392b2a16"}
selenium.webdriver.remote.remote_connection: DEBUG: GET http://172.31.237.7:4444/wd/hub/session/75f626e6-8981-4bea-95f8-f0fc392b2a16/url {"sessionId": "75f626e6-8981-4bea-95f8-f0fc392b2a16"}
selenium.webdriver.remote.remote_connection: DEBUG: POST http://172.31.237.7:4444/wd/hub/session/75f626e6-8981-4bea-95f8-f0fc392b2a16/element {"using": "xpath", "sessionId": "75f626e6-8981-4bea-95f8-f0fc392b2a16", "value": "//header/section/nav/a[8]"}
selenium.webdriver.remote.remote_connection: DEBUG: GET http://172.31.237.7:4444/wd/hub/session/75f626e6-8981-4bea-95f8-f0fc392b2a16/url {"sessionId": "75f626e6-8981-4bea-95f8-f0fc392b2a16"}
selenium.webdriver.remote.remote_connection: DEBUG: POST http://172.31.237.7:4444/wd/hub/session/75f626e6-8981-4bea-95f8-f0fc392b2a16/element/26/click {"sessionId": "75f626e6-8981-4bea-95f8-f0fc392b2a16", "id": "26"}
selenium.webdriver.remote.remote_connection: DEBUG: POST http://172.31.237.7:4444/wd/hub/session/75f626e6-8981-4bea-95f8-f0fc392b2a16/timeouts/implicit_wait {"sessionId": "75f626e6-8981-4bea-95f8-f0fc392b2a16", "ms": 20000.0}
selenium.webdriver.remote.remote_connection: DEBUG: GET http://172.31.237.7:4444/wd/hub/session/75f626e6-8981-4bea-95f8-f0fc392b2a16/window_handles {"sessionId": "75f626e6-8981-4bea-95f8-f0fc392b2a16"}
selenium.webdriver.remote.remote_connection: DEBUG: GET http://172.31.237.7:4444/wd/hub/session/75f626e6-8981-4bea-95f8-f0fc392b2a16/url {"sessionId": "75f626e6-8981-4bea-95f8-f0fc392b2a16"}
selenium.webdriver.remote.remote_connection: DEBUG: POST http://172.31.237.7:4444/wd/hub/session/75f626e6-8981-4bea-95f8-f0fc392b2a16/element {"using": "xpath", "sessionId": "75f626e6-8981-4bea-95f8-f0fc392b2a16", "value": "//header/section[2]/ul/li[2]/div"}
selenium.webdriver.remote.remote_connection: DEBUG: POST http://172.31.237.7:4444/wd/hub/session/75f626e6-8981-4bea-95f8-f0fc392b2a16/element/27/click {"sessionId": "75f626e6-8981-4bea-95f8-f0fc392b2a16", "id": "27"}
selenium.webdriver.remote.remote_connection: DEBUG: POST http://172.31.237.7:4444/wd/hub/session/75f626e6-8981-4bea-95f8-f0fc392b2a16/element {"using": "xpath", "sessionId": "75f626e6-8981-4bea-95f8-f0fc392b2a16", "value": "//header/section[2]/ul/li[2]/div/ul"}
selenium.webdriver.remote.remote_connection: DEBUG: GET http://172.31.237.7:4444/wd/hub/session/75f626e6-8981-4bea-95f8-f0fc392b2a16/element/28/size {"sessionId": "75f626e6-8981-4bea-95f8-f0fc392b2a16", "id": "28"}
selenium.webdriver.remote.remote_connection: DEBUG: POST http://172.31.237.7:4444/wd/hub/session/75f626e6-8981-4bea-95f8-f0fc392b2a16/element {"using": "xpath", "sessionId": "75f626e6-8981-4bea-95f8-f0fc392b2a16", "value": "//header/section[2]/ul/li[6]"}
selenium.webdriver.remote.remote_connection: DEBUG: POST http://172.31.237.7:4444/wd/hub/session/75f626e6-8981-4bea-95f8-f0fc392b2a16/element/29/click {"sessionId": "75f626e6-8981-4bea-95f8-f0fc392b2a16", "id": "29"}
selenium.webdriver.remote.remote_connection: DEBUG: POST http://172.31.237.7:4444/wd/hub/session/75f626e6-8981-4bea-95f8-f0fc392b2a16/element {"using": "xpath", "sessionId": "75f626e6-8981-4bea-95f8-f0fc392b2a16", "value": "//header/section[2]/ul/li[6]/div/ul"}
selenium.webdriver.remote.remote_connection: DEBUG: GET http://172.31.237.7:4444/wd/hub/session/75f626e6-8981-4bea-95f8-f0fc392b2a16/element/30/size {"sessionId": "75f626e6-8981-4bea-95f8-f0fc392b2a16", "id": "30"}
--------------------- >> end captured logging << ---------------------]]></failure></testcase><testcase classname="tests.tests.test_check_links.CheckLinksTest" name="test_check_all_sections" time="3.835"><error type="exceptions.UnicodeEncodeError" message="'ascii' codec can't encode characters in position 0-4: ordinal not in range(128)&#10;-------------------- &gt;&gt; begin captured logging &lt;&lt; --------------------&#10;selenium.webdriver.remote.remote_connection: DEBUG: DELETE http://172.31.237.7:4444/wd/hub/session/75f626e6-8981-4bea-95f8-f0fc392b2a16/cookie {&quot;sessionId&quot;: &quot;75f626e6-8981-4bea-95f8-f0fc392b2a16&quot;}&#10;selenium.webdriver.remote.remote_connection: DEBUG: POST http://172.31.237.7:4444/wd/hub/session/75f626e6-8981-4bea-95f8-f0fc392b2a16/url {&quot;url&quot;: &quot;about:blank&quot;, &quot;sessionId&quot;: &quot;75f626e6-8981-4bea-95f8-f0fc392b2a16&quot;}&#10;selenium.webdriver.remote.remote_connection: DEBUG: POST http://172.31.237.7:4444/wd/hub/session/75f626e6-8981-4bea-95f8-f0fc392b2a16/url {&quot;url&quot;: &quot;http://172.31.237.12/ng/#/section/leisure&quot;, &quot;sessionId&quot;: &quot;75f626e6-8981-4bea-95f8-f0fc392b2a16&quot;}&#10;requests.packages.urllib3.connectionpool: INFO: Starting new HTTP connection (1): 172.31.237.12&#10;requests.packages.urllib3.connectionpool: DEBUG: &quot;GET /portal-api/site/meta/ HTTP/1.1&quot; 200 35720&#10;--------------------- &gt;&gt; end captured logging &lt;&lt; ---------------------"><![CDATA[  File "C:\Users\lxz\Documents\GitHub\localway_tests\wtframework\wtf\testobjects\testcase.py", line 101, in run
    testMethod()
  File "C:\Users\lxz\Documents\GitHub\localway_tests\tests\tests\test_check_links.py", line 268, in test_check_all_sections
    print '' + meta_section['name']
  File "C:\Python27\lib\site-packages\nose\plugins\xunit.py", line 136, in write
    s.write(*args)
'ascii' codec can't encode characters in position 0-4: ordinal not in range(128)
-------------------- >> begin captured logging << --------------------
selenium.webdriver.remote.remote_connection: DEBUG: DELETE http://172.31.237.7:4444/wd/hub/session/75f626e6-8981-4bea-95f8-f0fc392b2a16/cookie {"sessionId": "75f626e6-8981-4bea-95f8-f0fc392b2a16"}
selenium.webdriver.remote.remote_connection: DEBUG: POST http://172.31.237.7:4444/wd/hub/session/75f626e6-8981-4bea-95f8-f0fc392b2a16/url {"url": "about:blank", "sessionId": "75f626e6-8981-4bea-95f8-f0fc392b2a16"}
selenium.webdriver.remote.remote_connection: DEBUG: POST http://172.31.237.7:4444/wd/hub/session/75f626e6-8981-4bea-95f8-f0fc392b2a16/url {"url": "http://172.31.237.12/ng/#/section/leisure", "sessionId": "75f626e6-8981-4bea-95f8-f0fc392b2a16"}
requests.packages.urllib3.connectionpool: INFO: Starting new HTTP connection (1): 172.31.237.12
requests.packages.urllib3.connectionpool: DEBUG: "GET /portal-api/site/meta/ HTTP/1.1" 200 35720
--------------------- >> end captured logging << ---------------------]]></error></testcase><testcase classname="tests.tests.test_check_links.CheckLinksTest" name="test_check_home_page_header_and_footer_links" time="87.076"></testcase><testcase classname="tests.tests.test_check_links.CheckLinksTest" name="test_check_links_on_leisure_section_page" time="29.395"><error type="selenium.common.exceptions.NoSuchElementException" message="Message: u'Unable to locate element: {&quot;method&quot;:&quot;xpath&quot;,&quot;selector&quot;:&quot;/html/body/div/section/section[2]/section/section/header/div/h6/span&quot;}\nCommand duration or timeout: 20.99 seconds\nFor documentation on this error, please visit: http://seleniumhq.org/exceptions/no_such_element.html\nBuild info: version: \'2.35.0\', revision: \'c916b9d\', time: \'2013-08-12 15:42:01\'\nSystem info: os.name: \'Windows 8\', os.arch: \'x86\', os.version: \'6.2\', java.version: \'1.7.0_25\'\nSession ID: 162ebf7f-9432-43c1-bb70-bc1892c657d3\nDriver info: org.openqa.selenium.firefox.FirefoxDriver\nCapabilities [{platform=XP, databaseEnabled=true, cssSelectorsEnabled=true, javascriptEnabled=true, acceptSslCerts=true, handlesAlerts=true, browserName=firefox, browserConnectionEnabled=true, nativeEvents=true, webStorageEnabled=true, rotatable=false, locationContextEnabled=true, applicationCacheEnabled=true, takesScreenshot=true, version=20.0.1}]' ; Screenshot: available via screen ; Stacktrace: &#10;    at sun.reflect.NativeConstructorAccessorImpl.newInstance0 (None:-2)&#10;    at sun.reflect.NativeConstructorAccessorImpl.newInstance (None:-1)&#10;    at sun.reflect.DelegatingConstructorAccessorImpl.newInstance (None:-1)&#10;    at java.lang.reflect.Constructor.newInstance (None:-1)&#10;    at org.openqa.selenium.remote.ErrorHandler.createThrowable (ErrorHandler.java:191)&#10;    at org.openqa.selenium.remote.ErrorHandler.throwIfResponseFailed (ErrorHandler.java:145)&#10;    at org.openqa.selenium.remote.RemoteWebDriver.execute (RemoteWebDriver.java:554)&#10;    at org.openqa.selenium.remote.RemoteWebDriver.findElement (RemoteWebDriver.java:307)&#10;    at org.openqa.selenium.remote.RemoteWebDriver.findElementByXPath (RemoteWebDriver.java:404)&#10;    at org.openqa.selenium.By$ByXPath.findElement (By.java:344)&#10;    at org.openqa.selenium.remote.RemoteWebDriver.findElement (RemoteWebDriver.java:299)&#10;    at sun.reflect.GeneratedMethodAccessor25.invoke (None:-1)&#10;    at sun.reflect.DelegatingMethodAccessorImpl.invoke (None:-1)&#10;    at java.lang.reflect.Method.invoke (None:-1)&#10;    at org.openqa.selenium.support.events.EventFiringWebDriver$2.invoke (EventFiringWebDriver.java:101)&#10;    at com.sun.proxy.$Proxy4.findElement (None:-1)&#10;    at org.openqa.selenium.support.events.EventFiringWebDriver.findElement (EventFiringWebDriver.java:180)&#10;    at org.openqa.selenium.remote.server.handler.FindElement.call (FindElement.java:47)&#10;    at org.openqa.selenium.remote.server.handler.FindElement.call (FindElement.java:1)&#10;    at java.util.concurrent.FutureTask$Sync.innerRun (None:-1)&#10;    at java.util.concurrent.FutureTask.run (None:-1)&#10;    at org.openqa.selenium.remote.server.DefaultSession$1.run (DefaultSession.java:169)&#10;    at java.util.concurrent.ThreadPoolExecutor.runWorker (None:-1)&#10;    at java.util.concurrent.ThreadPoolExecutor$Worker.run (None:-1)&#10;    at java.lang.Thread.run (None:-1) &#10;-------------------- &gt;&gt; begin captured logging &lt;&lt; --------------------&#10;selenium.webdriver.remote.remote_connection: DEBUG: DELETE http://172.31.237.7:4444/wd/hub/session/75f626e6-8981-4bea-95f8-f0fc392b2a16/cookie {&quot;sessionId&quot;: &quot;75f626e6-8981-4bea-95f8-f0fc392b2a16&quot;}&#10;selenium.webdriver.remote.remote_connection: DEBUG: POST http://172.31.237.7:4444/wd/hub/session/75f626e6-8981-4bea-95f8-f0fc392b2a16/url {&quot;url&quot;: &quot;about:blank&quot;, &quot;sessionId&quot;: &quot;75f626e6-8981-4bea-95f8-f0fc392b2a16&quot;}&#10;selenium.webdriver.remote.remote_connection: DEBUG: POST http://172.31.237.7:4444/wd/hub/session/75f626e6-8981-4bea-95f8-f0fc392b2a16/url {&quot;url&quot;: &quot;http://172.31.237.12/ng/#/section/leisure&quot;, &quot;sessionId&quot;: &quot;75f626e6-8981-4bea-95f8-f0fc392b2a16&quot;}&#10;selenium.webdriver.remote.remote_connection: DEBUG: POST http://172.31.237.7:4444/wd/hub/session/75f626e6-8981-4bea-95f8-f0fc392b2a16/elements {&quot;using&quot;: &quot;xpath&quot;, &quot;sessionId&quot;: &quot;75f626e6-8981-4bea-95f8-f0fc392b2a16&quot;, &quot;value&quot;: &quot;/html/body/div/section/section[2]/section/div/section/article/ul/li/a&quot;}&#10;selenium.webdriver.remote.remote_connection: DEBUG: POST http://172.31.237.7:4444/wd/hub/session/75f626e6-8981-4bea-95f8-f0fc392b2a16/element {&quot;using&quot;: &quot;xpath&quot;, &quot;sessionId&quot;: &quot;75f626e6-8981-4bea-95f8-f0fc392b2a16&quot;, &quot;value&quot;: &quot;(/html/body/div/section/section[2]/section/div/section/article/ul/li/a)[1]&quot;}&#10;selenium.webdriver.remote.remote_connection: DEBUG: POST http://172.31.237.7:4444/wd/hub/session/75f626e6-8981-4bea-95f8-f0fc392b2a16/element {&quot;using&quot;: &quot;xpath&quot;, &quot;sessionId&quot;: &quot;75f626e6-8981-4bea-95f8-f0fc392b2a16&quot;, &quot;value&quot;: &quot;(/html/body/div/section/section[2]/section/div/section/article/ul/li/span)[1]&quot;}&#10;selenium.webdriver.remote.remote_connection: DEBUG: GET http://172.31.237.7:4444/wd/hub/session/75f626e6-8981-4bea-95f8-f0fc392b2a16/element/114/text {&quot;sessionId&quot;: &quot;75f626e6-8981-4bea-95f8-f0fc392b2a16&quot;, &quot;id&quot;: &quot;114&quot;}&#10;selenium.webdriver.remote.remote_connection: DEBUG: GET http://172.31.237.7:4444/wd/hub/session/75f626e6-8981-4bea-95f8-f0fc392b2a16/element/56/text {&quot;sessionId&quot;: &quot;75f626e6-8981-4bea-95f8-f0fc392b2a16&quot;, &quot;id&quot;: &quot;56&quot;}&#10;selenium.webdriver.remote.remote_connection: DEBUG: POST http://172.31.237.7:4444/wd/hub/session/75f626e6-8981-4bea-95f8-f0fc392b2a16/element/56/click {&quot;sessionId&quot;: &quot;75f626e6-8981-4bea-95f8-f0fc392b2a16&quot;, &quot;id&quot;: &quot;56&quot;}&#10;selenium.webdriver.remote.remote_connection: DEBUG: POST http://172.31.237.7:4444/wd/hub/session/75f626e6-8981-4bea-95f8-f0fc392b2a16/timeouts/implicit_wait {&quot;sessionId&quot;: &quot;75f626e6-8981-4bea-95f8-f0fc392b2a16&quot;, &quot;ms&quot;: 20000.0}&#10;selenium.webdriver.remote.remote_connection: DEBUG: GET http://172.31.237.7:4444/wd/hub/session/75f626e6-8981-4bea-95f8-f0fc392b2a16/window_handles {&quot;sessionId&quot;: &quot;75f626e6-8981-4bea-95f8-f0fc392b2a16&quot;}&#10;selenium.webdriver.remote.remote_connection: DEBUG: GET http://172.31.237.7:4444/wd/hub/session/75f626e6-8981-4bea-95f8-f0fc392b2a16/url {&quot;sessionId&quot;: &quot;75f626e6-8981-4bea-95f8-f0fc392b2a16&quot;}&#10;selenium.webdriver.remote.remote_connection: DEBUG: POST http://172.31.237.7:4444/wd/hub/session/75f626e6-8981-4bea-95f8-f0fc392b2a16/back {&quot;sessionId&quot;: &quot;75f626e6-8981-4bea-95f8-f0fc392b2a16&quot;}&#10;selenium.webdriver.remote.remote_connection: DEBUG: POST http://172.31.237.7:4444/wd/hub/session/75f626e6-8981-4bea-95f8-f0fc392b2a16/element {&quot;using&quot;: &quot;xpath&quot;, &quot;sessionId&quot;: &quot;75f626e6-8981-4bea-95f8-f0fc392b2a16&quot;, &quot;value&quot;: &quot;/html/body/div/section/section[2]/section/section/header/div/h6/span&quot;}&#10;--------------------- &gt;&gt; end captured logging &lt;&lt; ---------------------"><![CDATA[  File "C:\Users\lxz\Documents\GitHub\localway_tests\wtframework\wtf\testobjects\testcase.py", line 101, in run
    testMethod()
  File "C:\Users\lxz\Documents\GitHub\localway_tests\tests\tests\test_check_links.py", line 262, in test_check_links_on_leisure_section_page
    '/html/body/div/section/section[2]/section/section/header/div/h6/span').text)
  File "C:\Python27\lib\site-packages\selenium\webdriver\remote\webdriver.py", line 222, in find_element_by_xpath
    return self.find_element(by=By.XPATH, value=xpath)
  File "C:\Python27\lib\site-packages\selenium\webdriver\remote\webdriver.py", line 680, in find_element
    {'using': by, 'value': value})['value']
  File "C:\Python27\lib\site-packages\selenium\webdriver\remote\webdriver.py", line 165, in execute
    self.error_handler.check_response(response)
  File "C:\Python27\lib\site-packages\selenium\webdriver\remote\errorhandler.py", line 158, in check_response
    raise exception_class(message, screen, stacktrace)
Message: u'Unable to locate element: {"method":"xpath","selector":"/html/body/div/section/section[2]/section/section/header/div/h6/span"}\nCommand duration or timeout: 20.99 seconds\nFor documentation on this error, please visit: http://seleniumhq.org/exceptions/no_such_element.html\nBuild info: version: \'2.35.0\', revision: \'c916b9d\', time: \'2013-08-12 15:42:01\'\nSystem info: os.name: \'Windows 8\', os.arch: \'x86\', os.version: \'6.2\', java.version: \'1.7.0_25\'\nSession ID: 162ebf7f-9432-43c1-bb70-bc1892c657d3\nDriver info: org.openqa.selenium.firefox.FirefoxDriver\nCapabilities [{platform=XP, databaseEnabled=true, cssSelectorsEnabled=true, javascriptEnabled=true, acceptSslCerts=true, handlesAlerts=true, browserName=firefox, browserConnectionEnabled=true, nativeEvents=true, webStorageEnabled=true, rotatable=false, locationContextEnabled=true, applicationCacheEnabled=true, takesScreenshot=true, version=20.0.1}]' ; Screenshot: available via screen ; Stacktrace: 
    at sun.reflect.NativeConstructorAccessorImpl.newInstance0 (None:-2)
    at sun.reflect.NativeConstructorAccessorImpl.newInstance (None:-1)
    at sun.reflect.DelegatingConstructorAccessorImpl.newInstance (None:-1)
    at java.lang.reflect.Constructor.newInstance (None:-1)
    at org.openqa.selenium.remote.ErrorHandler.createThrowable (ErrorHandler.java:191)
    at org.openqa.selenium.remote.ErrorHandler.throwIfResponseFailed (ErrorHandler.java:145)
    at org.openqa.selenium.remote.RemoteWebDriver.execute (RemoteWebDriver.java:554)
    at org.openqa.selenium.remote.RemoteWebDriver.findElement (RemoteWebDriver.java:307)
    at org.openqa.selenium.remote.RemoteWebDriver.findElementByXPath (RemoteWebDriver.java:404)
    at org.openqa.selenium.By$ByXPath.findElement (By.java:344)
    at org.openqa.selenium.remote.RemoteWebDriver.findElement (RemoteWebDriver.java:299)
    at sun.reflect.GeneratedMethodAccessor25.invoke (None:-1)
    at sun.reflect.DelegatingMethodAccessorImpl.invoke (None:-1)
    at java.lang.reflect.Method.invoke (None:-1)
    at org.openqa.selenium.support.events.EventFiringWebDriver$2.invoke (EventFiringWebDriver.java:101)
    at com.sun.proxy.$Proxy4.findElement (None:-1)
    at org.openqa.selenium.support.events.EventFiringWebDriver.findElement (EventFiringWebDriver.java:180)
    at org.openqa.selenium.remote.server.handler.FindElement.call (FindElement.java:47)
    at org.openqa.selenium.remote.server.handler.FindElement.call (FindElement.java:1)
    at java.util.concurrent.FutureTask$Sync.innerRun (None:-1)
    at java.util.concurrent.FutureTask.run (None:-1)
    at org.openqa.selenium.remote.server.DefaultSession$1.run (DefaultSession.java:169)
    at java.util.concurrent.ThreadPoolExecutor.runWorker (None:-1)
    at java.util.concurrent.ThreadPoolExecutor$Worker.run (None:-1)
    at java.lang.Thread.run (None:-1) 
-------------------- >> begin captured logging << --------------------
selenium.webdriver.remote.remote_connection: DEBUG: DELETE http://172.31.237.7:4444/wd/hub/session/75f626e6-8981-4bea-95f8-f0fc392b2a16/cookie {"sessionId": "75f626e6-8981-4bea-95f8-f0fc392b2a16"}
selenium.webdriver.remote.remote_connection: DEBUG: POST http://172.31.237.7:4444/wd/hub/session/75f626e6-8981-4bea-95f8-f0fc392b2a16/url {"url": "about:blank", "sessionId": "75f626e6-8981-4bea-95f8-f0fc392b2a16"}
selenium.webdriver.remote.remote_connection: DEBUG: POST http://172.31.237.7:4444/wd/hub/session/75f626e6-8981-4bea-95f8-f0fc392b2a16/url {"url": "http://172.31.237.12/ng/#/section/leisure", "sessionId": "75f626e6-8981-4bea-95f8-f0fc392b2a16"}
selenium.webdriver.remote.remote_connection: DEBUG: POST http://172.31.237.7:4444/wd/hub/session/75f626e6-8981-4bea-95f8-f0fc392b2a16/elements {"using": "xpath", "sessionId": "75f626e6-8981-4bea-95f8-f0fc392b2a16", "value": "/html/body/div/section/section[2]/section/div/section/article/ul/li/a"}
selenium.webdriver.remote.remote_connection: DEBUG: POST http://172.31.237.7:4444/wd/hub/session/75f626e6-8981-4bea-95f8-f0fc392b2a16/element {"using": "xpath", "sessionId": "75f626e6-8981-4bea-95f8-f0fc392b2a16", "value": "(/html/body/div/section/section[2]/section/div/section/article/ul/li/a)[1]"}
selenium.webdriver.remote.remote_connection: DEBUG: POST http://172.31.237.7:4444/wd/hub/session/75f626e6-8981-4bea-95f8-f0fc392b2a16/element {"using": "xpath", "sessionId": "75f626e6-8981-4bea-95f8-f0fc392b2a16", "value": "(/html/body/div/section/section[2]/section/div/section/article/ul/li/span)[1]"}
selenium.webdriver.remote.remote_connection: DEBUG: GET http://172.31.237.7:4444/wd/hub/session/75f626e6-8981-4bea-95f8-f0fc392b2a16/element/114/text {"sessionId": "75f626e6-8981-4bea-95f8-f0fc392b2a16", "id": "114"}
selenium.webdriver.remote.remote_connection: DEBUG: GET http://172.31.237.7:4444/wd/hub/session/75f626e6-8981-4bea-95f8-f0fc392b2a16/element/56/text {"sessionId": "75f626e6-8981-4bea-95f8-f0fc392b2a16", "id": "56"}
selenium.webdriver.remote.remote_connection: DEBUG: POST http://172.31.237.7:4444/wd/hub/session/75f626e6-8981-4bea-95f8-f0fc392b2a16/element/56/click {"sessionId": "75f626e6-8981-4bea-95f8-f0fc392b2a16", "id": "56"}
selenium.webdriver.remote.remote_connection: DEBUG: POST http://172.31.237.7:4444/wd/hub/session/75f626e6-8981-4bea-95f8-f0fc392b2a16/timeouts/implicit_wait {"sessionId": "75f626e6-8981-4bea-95f8-f0fc392b2a16", "ms": 20000.0}
selenium.webdriver.remote.remote_connection: DEBUG: GET http://172.31.237.7:4444/wd/hub/session/75f626e6-8981-4bea-95f8-f0fc392b2a16/window_handles {"sessionId": "75f626e6-8981-4bea-95f8-f0fc392b2a16"}
selenium.webdriver.remote.remote_connection: DEBUG: GET http://172.31.237.7:4444/wd/hub/session/75f626e6-8981-4bea-95f8-f0fc392b2a16/url {"sessionId": "75f626e6-8981-4bea-95f8-f0fc392b2a16"}
selenium.webdriver.remote.remote_connection: DEBUG: POST http://172.31.237.7:4444/wd/hub/session/75f626e6-8981-4bea-95f8-f0fc392b2a16/back {"sessionId": "75f626e6-8981-4bea-95f8-f0fc392b2a16"}
selenium.webdriver.remote.remote_connection: DEBUG: POST http://172.31.237.7:4444/wd/hub/session/75f626e6-8981-4bea-95f8-f0fc392b2a16/element {"using": "xpath", "sessionId": "75f626e6-8981-4bea-95f8-f0fc392b2a16", "value": "/html/body/div/section/section[2]/section/section/header/div/h6/span"}
--------------------- >> end captured logging << ---------------------]]></error></testcase><testcase classname="tests.tests.test_check_links.CheckLinksTest" name="test_check_results_list_page_header_and_footer_links" time="29.032"><failure type="exceptions.AssertionError" message='dropdown is not visible&#10;-------------------- &gt;&gt; begin captured logging &lt;&lt; --------------------&#10;selenium.webdriver.remote.remote_connection: DEBUG: DELETE http://172.31.237.7:4444/wd/hub/session/75f626e6-8981-4bea-95f8-f0fc392b2a16/cookie {"sessionId": "75f626e6-8981-4bea-95f8-f0fc392b2a16"}&#10;selenium.webdriver.remote.remote_connection: DEBUG: POST http://172.31.237.7:4444/wd/hub/session/75f626e6-8981-4bea-95f8-f0fc392b2a16/url {"url": "about:blank", "sessionId": "75f626e6-8981-4bea-95f8-f0fc392b2a16"}&#10;selenium.webdriver.remote.remote_connection: DEBUG: POST http://172.31.237.7:4444/wd/hub/session/75f626e6-8981-4bea-95f8-f0fc392b2a16/url {"url": "http://172.31.237.12/", "sessionId": "75f626e6-8981-4bea-95f8-f0fc392b2a16"}&#10;selenium.webdriver.remote.remote_connection: DEBUG: GET http://172.31.237.7:4444/wd/hub/session/75f626e6-8981-4bea-95f8-f0fc392b2a16/title {"sessionId": "75f626e6-8981-4bea-95f8-f0fc392b2a16"}&#10;selenium.webdriver.remote.remote_connection: DEBUG: POST http://172.31.237.7:4444/wd/hub/session/75f626e6-8981-4bea-95f8-f0fc392b2a16/element {"using": "id", "sessionId": "75f626e6-8981-4bea-95f8-f0fc392b2a16", "value": "input-where"}&#10;selenium.webdriver.remote.remote_connection: DEBUG: POST http://172.31.237.7:4444/wd/hub/session/75f626e6-8981-4bea-95f8-f0fc392b2a16/element/115/clear {"sessionId": "75f626e6-8981-4bea-95f8-f0fc392b2a16", "id": "115"}&#10;selenium.webdriver.remote.remote_connection: DEBUG: POST http://172.31.237.7:4444/wd/hub/session/75f626e6-8981-4bea-95f8-f0fc392b2a16/element {"using": "id", "sessionId": "75f626e6-8981-4bea-95f8-f0fc392b2a16", "value": "input-where"}&#10;selenium.webdriver.remote.remote_connection: DEBUG: POST http://172.31.237.7:4444/wd/hub/session/75f626e6-8981-4bea-95f8-f0fc392b2a16/element/115/value {"sessionId": "75f626e6-8981-4bea-95f8-f0fc392b2a16", "id": "115", "value": ["\u041c", "\u043e", "\u0441", "\u043a", "\u0432", "\u0430"]}&#10;selenium.webdriver.remote.remote_connection: DEBUG: POST http://172.31.237.7:4444/wd/hub/session/75f626e6-8981-4bea-95f8-f0fc392b2a16/element {"using": "id", "sessionId": "75f626e6-8981-4bea-95f8-f0fc392b2a16", "value": "input-where"}&#10;selenium.webdriver.remote.remote_connection: DEBUG: POST http://172.31.237.7:4444/wd/hub/session/75f626e6-8981-4bea-95f8-f0fc392b2a16/element/115/value {"sessionId": "75f626e6-8981-4bea-95f8-f0fc392b2a16", "id": "115", "value": ["\ue006"]}&#10;selenium.webdriver.remote.remote_connection: DEBUG: POST http://172.31.237.7:4444/wd/hub/session/75f626e6-8981-4bea-95f8-f0fc392b2a16/timeouts/implicit_wait {"sessionId": "75f626e6-8981-4bea-95f8-f0fc392b2a16", "ms": 20000.0}&#10;selenium.webdriver.remote.remote_connection: DEBUG: GET http://172.31.237.7:4444/wd/hub/session/75f626e6-8981-4bea-95f8-f0fc392b2a16/title {"sessionId": "75f626e6-8981-4bea-95f8-f0fc392b2a16"}&#10;selenium.webdriver.remote.remote_connection: DEBUG: POST http://172.31.237.7:4444/wd/hub/session/75f626e6-8981-4bea-95f8-f0fc392b2a16/element {"using": "xpath", "sessionId": "75f626e6-8981-4bea-95f8-f0fc392b2a16", "value": "//header/section[2]/ul/li[1]/a"}&#10;selenium.webdriver.remote.remote_connection: DEBUG: POST http://172.31.237.7:4444/wd/hub/session/75f626e6-8981-4bea-95f8-f0fc392b2a16/element/116/click {"sessionId": "75f626e6-8981-4bea-95f8-f0fc392b2a16", "id": "116"}&#10;selenium.webdriver.remote.remote_connection: DEBUG: POST http://172.31.237.7:4444/wd/hub/session/75f626e6-8981-4bea-95f8-f0fc392b2a16/timeouts/implicit_wait {"sessionId": "75f626e6-8981-4bea-95f8-f0fc392b2a16", "ms": 20000.0}&#10;selenium.webdriver.remote.remote_connection: DEBUG: GET http://172.31.237.7:4444/wd/hub/session/75f626e6-8981-4bea-95f8-f0fc392b2a16/window_handles {"sessionId": "75f626e6-8981-4bea-95f8-f0fc392b2a16"}&#10;selenium.webdriver.remote.remote_connection: DEBUG: GET http://172.31.237.7:4444/wd/hub/session/75f626e6-8981-4bea-95f8-f0fc392b2a16/url {"sessionId": "75f626e6-8981-4bea-95f8-f0fc392b2a16"}&#10;selenium.webdriver.remote.remote_connection: DEBUG: POST http://172.31.237.7:4444/wd/hub/session/75f626e6-8981-4bea-95f8-f0fc392b2a16/back {"sessionId": "75f626e6-8981-4bea-95f8-f0fc392b2a16"}&#10;selenium.webdriver.remote.remote_connection: DEBUG: POST http://172.31.237.7:4444/wd/hub/session/75f626e6-8981-4bea-95f8-f0fc392b2a16/element {"using": "xpath", "sessionId": "75f626e6-8981-4bea-95f8-f0fc392b2a16", "value": "//header/section/nav/a[1]"}&#10;selenium.webdriver.remote.remote_connection: DEBUG: POST http://172.31.237.7:4444/wd/hub/session/75f626e6-8981-4bea-95f8-f0fc392b2a16/element/117/click {"sessionId": "75f626e6-8981-4bea-95f8-f0fc392b2a16", "id": "117"}&#10;selenium.webdriver.remote.remote_connection: DEBUG: POST http://172.31.237.7:4444/wd/hub/session/75f626e6-8981-4bea-95f8-f0fc392b2a16/timeouts/implicit_wait {"sessionId": "75f626e6-8981-4bea-95f8-f0fc392b2a16", "ms": 20000.0}&#10;selenium.webdriver.remote.remote_connection: DEBUG: GET http://172.31.237.7:4444/wd/hub/session/75f626e6-8981-4bea-95f8-f0fc392b2a16/window_handles {"sessionId": "75f626e6-8981-4bea-95f8-f0fc392b2a16"}&#10;selenium.webdriver.remote.remote_connection: DEBUG: GET http://172.31.237.7:4444/wd/hub/session/75f626e6-8981-4bea-95f8-f0fc392b2a16/url {"sessionId": "75f626e6-8981-4bea-95f8-f0fc392b2a16"}&#10;selenium.webdriver.remote.remote_connection: DEBUG: POST http://172.31.237.7:4444/wd/hub/session/75f626e6-8981-4bea-95f8-f0fc392b2a16/back {"sessionId": "75f626e6-8981-4bea-95f8-f0fc392b2a16"}&#10;selenium.webdriver.remote.remote_connection: DEBUG: POST http://172.31.237.7:4444/wd/hub/session/75f626e6-8981-4bea-95f8-f0fc392b2a16/element {"using": "xpath", "sessionId": "75f626e6-8981-4bea-95f8-f0fc392b2a16", "value": "//header/section/nav/a[2]"}&#10;selenium.webdriver.remote.remote_connection: DEBUG: POST http://172.31.237.7:4444/wd/hub/session/75f626e6-8981-4bea-95f8-f0fc392b2a16/element/118/click {"sessionId": "75f626e6-8981-4bea-95f8-f0fc392b2a16", "id": "118"}&#10;selenium.webdriver.remote.remote_connection: DEBUG: POST http://172.31.237.7:4444/wd/hub/session/75f626e6-8981-4bea-95f8-f0fc392b2a16/timeouts/implicit_wait {"sessionId": "75f626e6-8981-4bea-95f8-f0fc392b2a16", "ms": 20000.0}&#10;selenium.webdriver.remote.remote_connection: DEBUG: GET http://172.31.237.7:4444/wd/hub/session/75f626e6-8981-4bea-95f8-f0fc392b2a16/window_handles {"sessionId": "75f626e6-8981-4bea-95f8-f0fc392b2a16"}&#10;selenium.webdriver.remote.remote_connection: DEBUG: GET http://172.31.237.7:4444/wd/hub/session/75f626e6-8981-4bea-95f8-f0fc392b2a16/url {"sessionId": "75f626e6-8981-4bea-95f8-f0fc392b2a16"}&#10;selenium.webdriver.remote.remote_connection: DEBUG: POST http://172.31.237.7:4444/wd/hub/session/75f626e6-8981-4bea-95f8-f0fc392b2a16/back {"sessionId": "75f626e6-8981-4bea-95f8-f0fc392b2a16"}&#10;selenium.webdriver.remote.remote_connection: DEBUG: POST http://172.31.237.7:4444/wd/hub/session/75f626e6-8981-4bea-95f8-f0fc392b2a16/element {"using": "xpath", "sessionId": "75f626e6-8981-4bea-95f8-f0fc392b2a16", "value": "//header/section/nav/a[3]"}&#10;selenium.webdriver.remote.remote_connection: DEBUG: POST http://172.31.237.7:4444/wd/hub/session/75f626e6-8981-4bea-95f8-f0fc392b2a16/element/119/click {"sessionId": "75f626e6-8981-4bea-95f8-f0fc392b2a16", "id": "119"}&#10;selenium.webdriver.remote.remote_connection: DEBUG: POST http://172.31.237.7:4444/wd/hub/session/75f626e6-8981-4bea-95f8-f0fc392b2a16/timeouts/implicit_wait {"sessionId": "75f626e6-8981-4bea-95f8-f0fc392b2a16", "ms": 20000.0}&#10;selenium.webdriver.remote.remote_connection: DEBUG: GET http://172.31.237.7:4444/wd/hub/session/75f626e6-8981-4bea-95f8-f0fc392b2a16/window_handles {"sessionId": "75f626e6-8981-4bea-95f8-f0fc392b2a16"}&#10;selenium.webdriver.remote.remote_connection: DEBUG: GET http://172.31.237.7:4444/wd/hub/session/75f626e6-8981-4bea-95f8-f0fc392b2a16/url {"sessionId": "75f626e6-8981-4bea-95f8-f0fc392b2a16"}&#10;selenium.webdriver.remote.remote_connection: DEBUG: POST http://172.31.237.7:4444/wd/hub/session/75f626e6-8981-4bea-95f8-f0fc392b2a16/back {"sessionId": "75f626e6-8981-4bea-95f8-f0fc392b2a16"}&#10;selenium.webdriver.remote.remote_connection: DEBUG: POST http://172.31.237.7:4444/wd/hub/session/75f626e6-8981-4bea-95f8-f0fc392b2a16/element {"using": "xpath", "sessionId": "75f626e6-8981-4bea-95f8-f0fc392b2a16", "value": "//header/section/nav/a[4]"}&#10;selenium.webdriver.remote.remote_connection: DEBUG: POST http://172.31.237.7:4444/wd/hub/session/75f626e6-8981-4bea-95f8-f0fc392b2a16/element/120/click {"sessionId": "75f626e6-8981-4bea-95f8-f0fc392b2a16", "id": "120"}&#10;selenium.webdriver.remote.remote_connection: DEBUG: POST http://172.31.237.7:4444/wd/hub/session/75f626e6-8981-4bea-95f8-f0fc392b2a16/timeouts/implicit_wait {"sessionId": "75f626e6-8981-4bea-95f8-f0fc392b2a16", "ms": 20000.0}&#10;selenium.webdriver.remote.remote_connection: DEBUG: GET http://172.31.237.7:4444/wd/hub/session/75f626e6-8981-4bea-95f8-f0fc392b2a16/window_handles {"sessionId": "75f626e6-8981-4bea-95f8-f0fc392b2a16"}&#10;selenium.webdriver.remote.remote_connection: DEBUG: GET http://172.31.237.7:4444/wd/hub/session/75f626e6-8981-4bea-95f8-f0fc392b2a16/url {"sessionId": "75f626e6-8981-4bea-95f8-f0fc392b2a16"}&#10;selenium.webdriver.remote.remote_connection: DEBUG: POST http://172.31.237.7:4444/wd/hub/session/75f626e6-8981-4bea-95f8-f0fc392b2a16/back {"sessionId": "75f626e6-8981-4bea-95f8-f0fc392b2a16"}&#10;selenium.webdriver.remote.remote_connection: DEBUG: POST http://172.31.237.7:4444/wd/hub/session/75f626e6-8981-4bea-95f8-f0fc392b2a16/element {"using": "xpath", "sessionId": "75f626e6-8981-4bea-95f8-f0fc392b2a16", "value": "//header/section/nav/a[5]"}&#10;selenium.webdriver.remote.remote_connection: DEBUG: GET http://172.31.237.7:4444/wd/hub/session/75f626e6-8981-4bea-95f8-f0fc392b2a16/url {"sessionId": "75f626e6-8981-4bea-95f8-f0fc392b2a16"}&#10;selenium.webdriver.remote.remote_connection: DEBUG: POST http://172.31.237.7:4444/wd/hub/session/75f626e6-8981-4bea-95f8-f0fc392b2a16/element/121/click {"sessionId": "75f626e6-8981-4bea-95f8-f0fc392b2a16", "id": "121"}&#10;selenium.webdriver.remote.remote_connection: DEBUG: POST http://172.31.237.7:4444/wd/hub/session/75f626e6-8981-4bea-95f8-f0fc392b2a16/timeouts/implicit_wait {"sessionId": "75f626e6-8981-4bea-95f8-f0fc392b2a16", "ms": 20000.0}&#10;selenium.webdriver.remote.remote_connection: DEBUG: GET http://172.31.237.7:4444/wd/hub/session/75f626e6-8981-4bea-95f8-f0fc392b2a16/window_handles {"sessionId": "75f626e6-8981-4bea-95f8-f0fc392b2a16"}&#10;selenium.webdriver.remote.remote_connection: DEBUG: GET http://172.31.237.7:4444/wd/hub/session/75f626e6-8981-4bea-95f8-f0fc392b2a16/url {"sessionId": "75f626e6-8981-4bea-95f8-f0fc392b2a16"}&#10;selenium.webdriver.remote.remote_connection: DEBUG: POST http://172.31.237.7:4444/wd/hub/session/75f626e6-8981-4bea-95f8-f0fc392b2a16/element {"using": "xpath", "sessionId": "75f626e6-8981-4bea-95f8-f0fc392b2a16", "value": "//header/section/nav/a[6]"}&#10;selenium.webdriver.remote.remote_connection: DEBUG: POST http://172.31.237.7:4444/wd/hub/session/75f626e6-8981-4bea-95f8-f0fc392b2a16/element/122/click {"sessionId": "75f626e6-8981-4bea-95f8-f0fc392b2a16", "id": "122"}&#10;selenium.webdriver.remote.remote_connection: DEBUG: POST http://172.31.237.7:4444/wd/hub/session/75f626e6-8981-4bea-95f8-f0fc392b2a16/timeouts/implicit_wait {"sessionId": "75f626e6-8981-4bea-95f8-f0fc392b2a16", "ms": 20000.0}&#10;selenium.webdriver.remote.remote_connection: DEBUG: GET http://172.31.237.7:4444/wd/hub/session/75f626e6-8981-4bea-95f8-f0fc392b2a16/window_handles {"sessionId": "75f626e6-8981-4bea-95f8-f0fc392b2a16"}&#10;selenium.webdriver.remote.remote_connection: DEBUG: GET http://172.31.237.7:4444/wd/hub/session/75f626e6-8981-4bea-95f8-f0fc392b2a16/url {"sessionId": "75f626e6-8981-4bea-95f8-f0fc392b2a16"}&#10;selenium.webdriver.remote.remote_connection: DEBUG: POST http://172.31.237.7:4444/wd/hub/session/75f626e6-8981-4bea-95f8-f0fc392b2a16/back {"sessionId": "75f626e6-8981-4bea-95f8-f0fc392b2a16"}&#10;selenium.webdriver.remote.remote_connection: DEBUG: POST http://172.31.237.7:4444/wd/hub/session/75f626e6-8981-4bea-95f8-f0fc392b2a16/element {"using": "xpath", "sessionId": "75f626e6-8981-4bea-95f8-f0fc392b2a16", "value": "//header/section/nav/a[7]"}&#10;selenium.webdriver.remote.remote_connection: DEBUG: GET http://172.31.237.7:4444/wd/hub/session/75f626e6-8981-4bea-95f8-f0fc392b2a16/url {"sessionId": "75f626e6-8981-4bea-95f8-f0fc392b2a16"}&#10;selenium.webdriver.remote.remote_connection: DEBUG: POST http://172.31.237.7:4444/wd/hub/session/75f626e6-8981-4bea-95f8-f0fc392b2a16/element/123/click {"sessionId": "75f626e6-8981-4bea-95f8-f0fc392b2a16", "id": "123"}&#10;selenium.webdriver.remote.remote_connection: DEBUG: POST http://172.31.237.7:4444/wd/hub/session/75f626e6-8981-4bea-95f8-f0fc392b2a16/timeouts/implicit_wait {"sessionId": "75f626e6-8981-4bea-95f8-f0fc392b2a16", "ms": 20000.0}&#10;selenium.webdriver.remote.remote_connection: DEBUG: GET http://172.31.237.7:4444/wd/hub/session/75f626e6-8981-4bea-95f8-f0fc392b2a16/window_handles {"sessionId": "75f626e6-8981-4bea-95f8-f0fc392b2a16"}&#10;selenium.webdriver.remote.remote_connection: DEBUG: GET http://172.31.237.7:4444/wd/hub/session/75f626e6-8981-4bea-95f8-f0fc392b2a16/url {"sessionId": "75f626e6-8981-4bea-95f8-f0fc392b2a16"}&#10;selenium.webdriver.remote.remote_connection: DEBUG: POST http://172.31.237.7:4444/wd/hub/session/75f626e6-8981-4bea-95f8-f0fc392b2a16/element {"using": "xpath", "sessionId": "75f626e6-8981-4bea-95f8-f0fc392b2a16", "value": "//header/section/nav/a[8]"}&#10;selenium.webdriver.remote.remote_connection: DEBUG: GET http://172.31.237.7:4444/wd/hub/session/75f626e6-8981-4bea-95f8-f0fc392b2a16/url {"sessionId": "75f626e6-8981-4bea-95f8-f0fc392b2a16"}&#10;selenium.webdriver.remote.remote_connection: DEBUG: POST http://172.31.237.7:4444/wd/hub/session/75f626e6-8981-4bea-95f8-f0fc392b2a16/element/124/click {"sessionId": "75f626e6-8981-4bea-95f8-f0fc392b2a16", "id": "124"}&#10;selenium.webdriver.remote.remote_connection: DEBUG: POST http://172.31.237.7:4444/wd/hub/session/75f626e6-8981-4bea-95f8-f0fc392b2a16/timeouts/implicit_wait {"sessionId": "75f626e6-8981-4bea-95f8-f0fc392b2a16", "ms": 20000.0}&#10;selenium.webdriver.remote.remote_connection: DEBUG: GET http://172.31.237.7:4444/wd/hub/session/75f626e6-8981-4bea-95f8-f0fc392b2a16/window_handles {"sessionId": "75f626e6-8981-4bea-95f8-f0fc392b2a16"}&#10;selenium.webdriver.remote.remote_connection: DEBUG: GET http://172.31.237.7:4444/wd/hub/session/75f626e6-8981-4bea-95f8-f0fc392b2a16/url {"sessionId": "75f626e6-8981-4bea-95f8-f0fc392b2a16"}&#10;selenium.webdriver.remote.remote_connection: DEBUG: POST http://172.31.237.7:4444/wd/hub/session/75f626e6-8981-4bea-95f8-f0fc392b2a16/element {"using": "xpath", "sessionId": "75f626e6-8981-4bea-95f8-f0fc392b2a16", "value": "//header/section[2]/ul/li[2]/div"}&#10;selenium.webdriver.remote.remote_connection: DEBUG: POST http://172.31.237.7:4444/wd/hub/session/75f626e6-8981-4bea-95f8-f0fc392b2a16/element/125/click {"sessionId": "75f626e6-8981-4bea-95f8-f0fc392b2a16", "id": "125"}&#10;selenium.webdriver.remote.remote_connection: DEBUG: POST http://172.31.237.7:4444/wd/hub/session/75f626e6-8981-4bea-95f8-f0fc392b2a16/element {"using": "xpath", "sessionId": "75f626e6-8981-4bea-95f8-f0fc392b2a16", "value": "//header/section[2]/ul/li[2]/div/ul"}&#10;selenium.webdriver.remote.remote_connection: DEBUG: GET http://172.31.237.7:4444/wd/hub/session/75f626e6-8981-4bea-95f8-f0fc392b2a16/element/126/size {"sessionId": "75f626e6-8981-4bea-95f8-f0fc392b2a16", "id": "126"}&#10;selenium.webdriver.remote.remote_connection: DEBUG: POST http://172.31.237.7:4444/wd/hub/session/75f626e6-8981-4bea-95f8-f0fc392b2a16/element {"using": "xpath", "sessionId": "75f626e6-8981-4bea-95f8-f0fc392b2a16", "value": "//header/section[2]/ul/li[6]"}&#10;selenium.webdriver.remote.remote_connection: DEBUG: POST http://172.31.237.7:4444/wd/hub/session/75f626e6-8981-4bea-95f8-f0fc392b2a16/element/127/click {"sessionId": "75f626e6-8981-4bea-95f8-f0fc392b2a16", "id": "127"}&#10;selenium.webdriver.remote.remote_connection: DEBUG: POST http://172.31.237.7:4444/wd/hub/session/75f626e6-8981-4bea-95f8-f0fc392b2a16/element {"using": "xpath", "sessionId": "75f626e6-8981-4bea-95f8-f0fc392b2a16", "value": "//header/section[2]/ul/li[6]/div/ul"}&#10;selenium.webdriver.remote.remote_connection: DEBUG: GET http://172.31.237.7:4444/wd/hub/session/75f626e6-8981-4bea-95f8-f0fc392b2a16/element/128/size {"sessionId": "75f626e6-8981-4bea-95f8-f0fc392b2a16", "id": "128"}&#10;--------------------- &gt;&gt; end captured logging &lt;&lt; ---------------------'><![CDATA[  File "C:\Users\lxz\Documents\GitHub\localway_tests\wtframework\wtf\testobjects\testcase.py", line 101, in run
    testMethod()
  File "C:\Users\lxz\Documents\GitHub\localway_tests\tests\tests\test_check_links.py", line 171, in test_check_results_list_page_header_and_footer_links
    'dropdown is not visible')
  File "C:\Python27\lib\unittest\case.py", line 424, in assertTrue
    raise self.failureException(msg)
dropdown is not visible
-------------------- >> begin captured logging << --------------------
selenium.webdriver.remote.remote_connection: DEBUG: DELETE http://172.31.237.7:4444/wd/hub/session/75f626e6-8981-4bea-95f8-f0fc392b2a16/cookie {"sessionId": "75f626e6-8981-4bea-95f8-f0fc392b2a16"}
selenium.webdriver.remote.remote_connection: DEBUG: POST http://172.31.237.7:4444/wd/hub/session/75f626e6-8981-4bea-95f8-f0fc392b2a16/url {"url": "about:blank", "sessionId": "75f626e6-8981-4bea-95f8-f0fc392b2a16"}
selenium.webdriver.remote.remote_connection: DEBUG: POST http://172.31.237.7:4444/wd/hub/session/75f626e6-8981-4bea-95f8-f0fc392b2a16/url {"url": "http://172.31.237.12/", "sessionId": "75f626e6-8981-4bea-95f8-f0fc392b2a16"}
selenium.webdriver.remote.remote_connection: DEBUG: GET http://172.31.237.7:4444/wd/hub/session/75f626e6-8981-4bea-95f8-f0fc392b2a16/title {"sessionId": "75f626e6-8981-4bea-95f8-f0fc392b2a16"}
selenium.webdriver.remote.remote_connection: DEBUG: POST http://172.31.237.7:4444/wd/hub/session/75f626e6-8981-4bea-95f8-f0fc392b2a16/element {"using": "id", "sessionId": "75f626e6-8981-4bea-95f8-f0fc392b2a16", "value": "input-where"}
selenium.webdriver.remote.remote_connection: DEBUG: POST http://172.31.237.7:4444/wd/hub/session/75f626e6-8981-4bea-95f8-f0fc392b2a16/element/115/clear {"sessionId": "75f626e6-8981-4bea-95f8-f0fc392b2a16", "id": "115"}
selenium.webdriver.remote.remote_connection: DEBUG: POST http://172.31.237.7:4444/wd/hub/session/75f626e6-8981-4bea-95f8-f0fc392b2a16/element {"using": "id", "sessionId": "75f626e6-8981-4bea-95f8-f0fc392b2a16", "value": "input-where"}
selenium.webdriver.remote.remote_connection: DEBUG: POST http://172.31.237.7:4444/wd/hub/session/75f626e6-8981-4bea-95f8-f0fc392b2a16/element/115/value {"sessionId": "75f626e6-8981-4bea-95f8-f0fc392b2a16", "id": "115", "value": ["\u041c", "\u043e", "\u0441", "\u043a", "\u0432", "\u0430"]}
selenium.webdriver.remote.remote_connection: DEBUG: POST http://172.31.237.7:4444/wd/hub/session/75f626e6-8981-4bea-95f8-f0fc392b2a16/element {"using": "id", "sessionId": "75f626e6-8981-4bea-95f8-f0fc392b2a16", "value": "input-where"}
selenium.webdriver.remote.remote_connection: DEBUG: POST http://172.31.237.7:4444/wd/hub/session/75f626e6-8981-4bea-95f8-f0fc392b2a16/element/115/value {"sessionId": "75f626e6-8981-4bea-95f8-f0fc392b2a16", "id": "115", "value": ["\ue006"]}
selenium.webdriver.remote.remote_connection: DEBUG: POST http://172.31.237.7:4444/wd/hub/session/75f626e6-8981-4bea-95f8-f0fc392b2a16/timeouts/implicit_wait {"sessionId": "75f626e6-8981-4bea-95f8-f0fc392b2a16", "ms": 20000.0}
selenium.webdriver.remote.remote_connection: DEBUG: GET http://172.31.237.7:4444/wd/hub/session/75f626e6-8981-4bea-95f8-f0fc392b2a16/title {"sessionId": "75f626e6-8981-4bea-95f8-f0fc392b2a16"}
selenium.webdriver.remote.remote_connection: DEBUG: POST http://172.31.237.7:4444/wd/hub/session/75f626e6-8981-4bea-95f8-f0fc392b2a16/element {"using": "xpath", "sessionId": "75f626e6-8981-4bea-95f8-f0fc392b2a16", "value": "//header/section[2]/ul/li[1]/a"}
selenium.webdriver.remote.remote_connection: DEBUG: POST http://172.31.237.7:4444/wd/hub/session/75f626e6-8981-4bea-95f8-f0fc392b2a16/element/116/click {"sessionId": "75f626e6-8981-4bea-95f8-f0fc392b2a16", "id": "116"}
selenium.webdriver.remote.remote_connection: DEBUG: POST http://172.31.237.7:4444/wd/hub/session/75f626e6-8981-4bea-95f8-f0fc392b2a16/timeouts/implicit_wait {"sessionId": "75f626e6-8981-4bea-95f8-f0fc392b2a16", "ms": 20000.0}
selenium.webdriver.remote.remote_connection: DEBUG: GET http://172.31.237.7:4444/wd/hub/session/75f626e6-8981-4bea-95f8-f0fc392b2a16/window_handles {"sessionId": "75f626e6-8981-4bea-95f8-f0fc392b2a16"}
selenium.webdriver.remote.remote_connection: DEBUG: GET http://172.31.237.7:4444/wd/hub/session/75f626e6-8981-4bea-95f8-f0fc392b2a16/url {"sessionId": "75f626e6-8981-4bea-95f8-f0fc392b2a16"}
selenium.webdriver.remote.remote_connection: DEBUG: POST http://172.31.237.7:4444/wd/hub/session/75f626e6-8981-4bea-95f8-f0fc392b2a16/back {"sessionId": "75f626e6-8981-4bea-95f8-f0fc392b2a16"}
selenium.webdriver.remote.remote_connection: DEBUG: POST http://172.31.237.7:4444/wd/hub/session/75f626e6-8981-4bea-95f8-f0fc392b2a16/element {"using": "xpath", "sessionId": "75f626e6-8981-4bea-95f8-f0fc392b2a16", "value": "//header/section/nav/a[1]"}
selenium.webdriver.remote.remote_connection: DEBUG: POST http://172.31.237.7:4444/wd/hub/session/75f626e6-8981-4bea-95f8-f0fc392b2a16/element/117/click {"sessionId": "75f626e6-8981-4bea-95f8-f0fc392b2a16", "id": "117"}
selenium.webdriver.remote.remote_connection: DEBUG: POST http://172.31.237.7:4444/wd/hub/session/75f626e6-8981-4bea-95f8-f0fc392b2a16/timeouts/implicit_wait {"sessionId": "75f626e6-8981-4bea-95f8-f0fc392b2a16", "ms": 20000.0}
selenium.webdriver.remote.remote_connection: DEBUG: GET http://172.31.237.7:4444/wd/hub/session/75f626e6-8981-4bea-95f8-f0fc392b2a16/window_handles {"sessionId": "75f626e6-8981-4bea-95f8-f0fc392b2a16"}
selenium.webdriver.remote.remote_connection: DEBUG: GET http://172.31.237.7:4444/wd/hub/session/75f626e6-8981-4bea-95f8-f0fc392b2a16/url {"sessionId": "75f626e6-8981-4bea-95f8-f0fc392b2a16"}
selenium.webdriver.remote.remote_connection: DEBUG: POST http://172.31.237.7:4444/wd/hub/session/75f626e6-8981-4bea-95f8-f0fc392b2a16/back {"sessionId": "75f626e6-8981-4bea-95f8-f0fc392b2a16"}
selenium.webdriver.remote.remote_connection: DEBUG: POST http://172.31.237.7:4444/wd/hub/session/75f626e6-8981-4bea-95f8-f0fc392b2a16/element {"using": "xpath", "sessionId": "75f626e6-8981-4bea-95f8-f0fc392b2a16", "value": "//header/section/nav/a[2]"}
selenium.webdriver.remote.remote_connection: DEBUG: POST http://172.31.237.7:4444/wd/hub/session/75f626e6-8981-4bea-95f8-f0fc392b2a16/element/118/click {"sessionId": "75f626e6-8981-4bea-95f8-f0fc392b2a16", "id": "118"}
selenium.webdriver.remote.remote_connection: DEBUG: POST http://172.31.237.7:4444/wd/hub/session/75f626e6-8981-4bea-95f8-f0fc392b2a16/timeouts/implicit_wait {"sessionId": "75f626e6-8981-4bea-95f8-f0fc392b2a16", "ms": 20000.0}
selenium.webdriver.remote.remote_connection: DEBUG: GET http://172.31.237.7:4444/wd/hub/session/75f626e6-8981-4bea-95f8-f0fc392b2a16/window_handles {"sessionId": "75f626e6-8981-4bea-95f8-f0fc392b2a16"}
selenium.webdriver.remote.remote_connection: DEBUG: GET http://172.31.237.7:4444/wd/hub/session/75f626e6-8981-4bea-95f8-f0fc392b2a16/url {"sessionId": "75f626e6-8981-4bea-95f8-f0fc392b2a16"}
selenium.webdriver.remote.remote_connection: DEBUG: POST http://172.31.237.7:4444/wd/hub/session/75f626e6-8981-4bea-95f8-f0fc392b2a16/back {"sessionId": "75f626e6-8981-4bea-95f8-f0fc392b2a16"}
selenium.webdriver.remote.remote_connection: DEBUG: POST http://172.31.237.7:4444/wd/hub/session/75f626e6-8981-4bea-95f8-f0fc392b2a16/element {"using": "xpath", "sessionId": "75f626e6-8981-4bea-95f8-f0fc392b2a16", "value": "//header/section/nav/a[3]"}
selenium.webdriver.remote.remote_connection: DEBUG: POST http://172.31.237.7:4444/wd/hub/session/75f626e6-8981-4bea-95f8-f0fc392b2a16/element/119/click {"sessionId": "75f626e6-8981-4bea-95f8-f0fc392b2a16", "id": "119"}
selenium.webdriver.remote.remote_connection: DEBUG: POST http://172.31.237.7:4444/wd/hub/session/75f626e6-8981-4bea-95f8-f0fc392b2a16/timeouts/implicit_wait {"sessionId": "75f626e6-8981-4bea-95f8-f0fc392b2a16", "ms": 20000.0}
selenium.webdriver.remote.remote_connection: DEBUG: GET http://172.31.237.7:4444/wd/hub/session/75f626e6-8981-4bea-95f8-f0fc392b2a16/window_handles {"sessionId": "75f626e6-8981-4bea-95f8-f0fc392b2a16"}
selenium.webdriver.remote.remote_connection: DEBUG: GET http://172.31.237.7:4444/wd/hub/session/75f626e6-8981-4bea-95f8-f0fc392b2a16/url {"sessionId": "75f626e6-8981-4bea-95f8-f0fc392b2a16"}
selenium.webdriver.remote.remote_connection: DEBUG: POST http://172.31.237.7:4444/wd/hub/session/75f626e6-8981-4bea-95f8-f0fc392b2a16/back {"sessionId": "75f626e6-8981-4bea-95f8-f0fc392b2a16"}
selenium.webdriver.remote.remote_connection: DEBUG: POST http://172.31.237.7:4444/wd/hub/session/75f626e6-8981-4bea-95f8-f0fc392b2a16/element {"using": "xpath", "sessionId": "75f626e6-8981-4bea-95f8-f0fc392b2a16", "value": "//header/section/nav/a[4]"}
selenium.webdriver.remote.remote_connection: DEBUG: POST http://172.31.237.7:4444/wd/hub/session/75f626e6-8981-4bea-95f8-f0fc392b2a16/element/120/click {"sessionId": "75f626e6-8981-4bea-95f8-f0fc392b2a16", "id": "120"}
selenium.webdriver.remote.remote_connection: DEBUG: POST http://172.31.237.7:4444/wd/hub/session/75f626e6-8981-4bea-95f8-f0fc392b2a16/timeouts/implicit_wait {"sessionId": "75f626e6-8981-4bea-95f8-f0fc392b2a16", "ms": 20000.0}
selenium.webdriver.remote.remote_connection: DEBUG: GET http://172.31.237.7:4444/wd/hub/session/75f626e6-8981-4bea-95f8-f0fc392b2a16/window_handles {"sessionId": "75f626e6-8981-4bea-95f8-f0fc392b2a16"}
selenium.webdriver.remote.remote_connection: DEBUG: GET http://172.31.237.7:4444/wd/hub/session/75f626e6-8981-4bea-95f8-f0fc392b2a16/url {"sessionId": "75f626e6-8981-4bea-95f8-f0fc392b2a16"}
selenium.webdriver.remote.remote_connection: DEBUG: POST http://172.31.237.7:4444/wd/hub/session/75f626e6-8981-4bea-95f8-f0fc392b2a16/back {"sessionId": "75f626e6-8981-4bea-95f8-f0fc392b2a16"}
selenium.webdriver.remote.remote_connection: DEBUG: POST http://172.31.237.7:4444/wd/hub/session/75f626e6-8981-4bea-95f8-f0fc392b2a16/element {"using": "xpath", "sessionId": "75f626e6-8981-4bea-95f8-f0fc392b2a16", "value": "//header/section/nav/a[5]"}
selenium.webdriver.remote.remote_connection: DEBUG: GET http://172.31.237.7:4444/wd/hub/session/75f626e6-8981-4bea-95f8-f0fc392b2a16/url {"sessionId": "75f626e6-8981-4bea-95f8-f0fc392b2a16"}
selenium.webdriver.remote.remote_connection: DEBUG: POST http://172.31.237.7:4444/wd/hub/session/75f626e6-8981-4bea-95f8-f0fc392b2a16/element/121/click {"sessionId": "75f626e6-8981-4bea-95f8-f0fc392b2a16", "id": "121"}
selenium.webdriver.remote.remote_connection: DEBUG: POST http://172.31.237.7:4444/wd/hub/session/75f626e6-8981-4bea-95f8-f0fc392b2a16/timeouts/implicit_wait {"sessionId": "75f626e6-8981-4bea-95f8-f0fc392b2a16", "ms": 20000.0}
selenium.webdriver.remote.remote_connection: DEBUG: GET http://172.31.237.7:4444/wd/hub/session/75f626e6-8981-4bea-95f8-f0fc392b2a16/window_handles {"sessionId": "75f626e6-8981-4bea-95f8-f0fc392b2a16"}
selenium.webdriver.remote.remote_connection: DEBUG: GET http://172.31.237.7:4444/wd/hub/session/75f626e6-8981-4bea-95f8-f0fc392b2a16/url {"sessionId": "75f626e6-8981-4bea-95f8-f0fc392b2a16"}
selenium.webdriver.remote.remote_connection: DEBUG: POST http://172.31.237.7:4444/wd/hub/session/75f626e6-8981-4bea-95f8-f0fc392b2a16/element {"using": "xpath", "sessionId": "75f626e6-8981-4bea-95f8-f0fc392b2a16", "value": "//header/section/nav/a[6]"}
selenium.webdriver.remote.remote_connection: DEBUG: POST http://172.31.237.7:4444/wd/hub/session/75f626e6-8981-4bea-95f8-f0fc392b2a16/element/122/click {"sessionId": "75f626e6-8981-4bea-95f8-f0fc392b2a16", "id": "122"}
selenium.webdriver.remote.remote_connection: DEBUG: POST http://172.31.237.7:4444/wd/hub/session/75f626e6-8981-4bea-95f8-f0fc392b2a16/timeouts/implicit_wait {"sessionId": "75f626e6-8981-4bea-95f8-f0fc392b2a16", "ms": 20000.0}
selenium.webdriver.remote.remote_connection: DEBUG: GET http://172.31.237.7:4444/wd/hub/session/75f626e6-8981-4bea-95f8-f0fc392b2a16/window_handles {"sessionId": "75f626e6-8981-4bea-95f8-f0fc392b2a16"}
selenium.webdriver.remote.remote_connection: DEBUG: GET http://172.31.237.7:4444/wd/hub/session/75f626e6-8981-4bea-95f8-f0fc392b2a16/url {"sessionId": "75f626e6-8981-4bea-95f8-f0fc392b2a16"}
selenium.webdriver.remote.remote_connection: DEBUG: POST http://172.31.237.7:4444/wd/hub/session/75f626e6-8981-4bea-95f8-f0fc392b2a16/back {"sessionId": "75f626e6-8981-4bea-95f8-f0fc392b2a16"}
selenium.webdriver.remote.remote_connection: DEBUG: POST http://172.31.237.7:4444/wd/hub/session/75f626e6-8981-4bea-95f8-f0fc392b2a16/element {"using": "xpath", "sessionId": "75f626e6-8981-4bea-95f8-f0fc392b2a16", "value": "//header/section/nav/a[7]"}
selenium.webdriver.remote.remote_connection: DEBUG: GET http://172.31.237.7:4444/wd/hub/session/75f626e6-8981-4bea-95f8-f0fc392b2a16/url {"sessionId": "75f626e6-8981-4bea-95f8-f0fc392b2a16"}
selenium.webdriver.remote.remote_connection: DEBUG: POST http://172.31.237.7:4444/wd/hub/session/75f626e6-8981-4bea-95f8-f0fc392b2a16/element/123/click {"sessionId": "75f626e6-8981-4bea-95f8-f0fc392b2a16", "id": "123"}
selenium.webdriver.remote.remote_connection: DEBUG: POST http://172.31.237.7:4444/wd/hub/session/75f626e6-8981-4bea-95f8-f0fc392b2a16/timeouts/implicit_wait {"sessionId": "75f626e6-8981-4bea-95f8-f0fc392b2a16", "ms": 20000.0}
selenium.webdriver.remote.remote_connection: DEBUG: GET http://172.31.237.7:4444/wd/hub/session/75f626e6-8981-4bea-95f8-f0fc392b2a16/window_handles {"sessionId": "75f626e6-8981-4bea-95f8-f0fc392b2a16"}
selenium.webdriver.remote.remote_connection: DEBUG: GET http://172.31.237.7:4444/wd/hub/session/75f626e6-8981-4bea-95f8-f0fc392b2a16/url {"sessionId": "75f626e6-8981-4bea-95f8-f0fc392b2a16"}
selenium.webdriver.remote.remote_connection: DEBUG: POST http://172.31.237.7:4444/wd/hub/session/75f626e6-8981-4bea-95f8-f0fc392b2a16/element {"using": "xpath", "sessionId": "75f626e6-8981-4bea-95f8-f0fc392b2a16", "value": "//header/section/nav/a[8]"}
selenium.webdriver.remote.remote_connection: DEBUG: GET http://172.31.237.7:4444/wd/hub/session/75f626e6-8981-4bea-95f8-f0fc392b2a16/url {"sessionId": "75f626e6-8981-4bea-95f8-f0fc392b2a16"}
selenium.webdriver.remote.remote_connection: DEBUG: POST http://172.31.237.7:4444/wd/hub/session/75f626e6-8981-4bea-95f8-f0fc392b2a16/element/124/click {"sessionId": "75f626e6-8981-4bea-95f8-f0fc392b2a16", "id": "124"}
selenium.webdriver.remote.remote_connection: DEBUG: POST http://172.31.237.7:4444/wd/hub/session/75f626e6-8981-4bea-95f8-f0fc392b2a16/timeouts/implicit_wait {"sessionId": "75f626e6-8981-4bea-95f8-f0fc392b2a16", "ms": 20000.0}
selenium.webdriver.remote.remote_connection: DEBUG: GET http://172.31.237.7:4444/wd/hub/session/75f626e6-8981-4bea-95f8-f0fc392b2a16/window_handles {"sessionId": "75f626e6-8981-4bea-95f8-f0fc392b2a16"}
selenium.webdriver.remote.remote_connection: DEBUG: GET http://172.31.237.7:4444/wd/hub/session/75f626e6-8981-4bea-95f8-f0fc392b2a16/url {"sessionId": "75f626e6-8981-4bea-95f8-f0fc392b2a16"}
selenium.webdriver.remote.remote_connection: DEBUG: POST http://172.31.237.7:4444/wd/hub/session/75f626e6-8981-4bea-95f8-f0fc392b2a16/element {"using": "xpath", "sessionId": "75f626e6-8981-4bea-95f8-f0fc392b2a16", "value": "//header/section[2]/ul/li[2]/div"}
selenium.webdriver.remote.remote_connection: DEBUG: POST http://172.31.237.7:4444/wd/hub/session/75f626e6-8981-4bea-95f8-f0fc392b2a16/element/125/click {"sessionId": "75f626e6-8981-4bea-95f8-f0fc392b2a16", "id": "125"}
selenium.webdriver.remote.remote_connection: DEBUG: POST http://172.31.237.7:4444/wd/hub/session/75f626e6-8981-4bea-95f8-f0fc392b2a16/element {"using": "xpath", "sessionId": "75f626e6-8981-4bea-95f8-f0fc392b2a16", "value": "//header/section[2]/ul/li[2]/div/ul"}
selenium.webdriver.remote.remote_connection: DEBUG: GET http://172.31.237.7:4444/wd/hub/session/75f626e6-8981-4bea-95f8-f0fc392b2a16/element/126/size {"sessionId": "75f626e6-8981-4bea-95f8-f0fc392b2a16", "id": "126"}
selenium.webdriver.remote.remote_connection: DEBUG: POST http://172.31.237.7:4444/wd/hub/session/75f626e6-8981-4bea-95f8-f0fc392b2a16/element {"using": "xpath", "sessionId": "75f626e6-8981-4bea-95f8-f0fc392b2a16", "value": "//header/section[2]/ul/li[6]"}
selenium.webdriver.remote.remote_connection: DEBUG: POST http://172.31.237.7:4444/wd/hub/session/75f626e6-8981-4bea-95f8-f0fc392b2a16/element/127/click {"sessionId": "75f626e6-8981-4bea-95f8-f0fc392b2a16", "id": "127"}
selenium.webdriver.remote.remote_connection: DEBUG: POST http://172.31.237.7:4444/wd/hub/session/75f626e6-8981-4bea-95f8-f0fc392b2a16/element {"using": "xpath", "sessionId": "75f626e6-8981-4bea-95f8-f0fc392b2a16", "value": "//header/section[2]/ul/li[6]/div/ul"}
selenium.webdriver.remote.remote_connection: DEBUG: GET http://172.31.237.7:4444/wd/hub/session/75f626e6-8981-4bea-95f8-f0fc392b2a16/element/128/size {"sessionId": "75f626e6-8981-4bea-95f8-f0fc392b2a16", "id": "128"}
--------------------- >> end captured logging << ---------------------]]></failure></testcase><testcase classname="tests.tests.test_check_links.CheckLinksTest" name="test_check_section_page_header_and_footer_links" time="25.965"><failure type="exceptions.AssertionError" message='dropdown is not visible&#10;-------------------- &gt;&gt; begin captured logging &lt;&lt; --------------------&#10;selenium.webdriver.remote.remote_connection: DEBUG: DELETE http://172.31.237.7:4444/wd/hub/session/75f626e6-8981-4bea-95f8-f0fc392b2a16/cookie {"sessionId": "75f626e6-8981-4bea-95f8-f0fc392b2a16"}&#10;selenium.webdriver.remote.remote_connection: DEBUG: POST http://172.31.237.7:4444/wd/hub/session/75f626e6-8981-4bea-95f8-f0fc392b2a16/url {"url": "about:blank", "sessionId": "75f626e6-8981-4bea-95f8-f0fc392b2a16"}&#10;selenium.webdriver.remote.remote_connection: DEBUG: POST http://172.31.237.7:4444/wd/hub/session/75f626e6-8981-4bea-95f8-f0fc392b2a16/url {"url": "http://172.31.237.12/ng/#/section/leisure", "sessionId": "75f626e6-8981-4bea-95f8-f0fc392b2a16"}&#10;selenium.webdriver.remote.remote_connection: DEBUG: GET http://172.31.237.7:4444/wd/hub/session/75f626e6-8981-4bea-95f8-f0fc392b2a16/title {"sessionId": "75f626e6-8981-4bea-95f8-f0fc392b2a16"}&#10;selenium.webdriver.remote.remote_connection: DEBUG: GET http://172.31.237.7:4444/wd/hub/session/75f626e6-8981-4bea-95f8-f0fc392b2a16/screenshot {"sessionId": "75f626e6-8981-4bea-95f8-f0fc392b2a16"}&#10;selenium.webdriver.remote.remote_connection: DEBUG: POST http://172.31.237.7:4444/wd/hub/session/75f626e6-8981-4bea-95f8-f0fc392b2a16/element {"using": "xpath", "sessionId": "75f626e6-8981-4bea-95f8-f0fc392b2a16", "value": "//header/section[2]/ul/li[1]/a"}&#10;selenium.webdriver.remote.remote_connection: DEBUG: POST http://172.31.237.7:4444/wd/hub/session/75f626e6-8981-4bea-95f8-f0fc392b2a16/element/129/click {"sessionId": "75f626e6-8981-4bea-95f8-f0fc392b2a16", "id": "129"}&#10;selenium.webdriver.remote.remote_connection: DEBUG: POST http://172.31.237.7:4444/wd/hub/session/75f626e6-8981-4bea-95f8-f0fc392b2a16/timeouts/implicit_wait {"sessionId": "75f626e6-8981-4bea-95f8-f0fc392b2a16", "ms": 20000.0}&#10;selenium.webdriver.remote.remote_connection: DEBUG: GET http://172.31.237.7:4444/wd/hub/session/75f626e6-8981-4bea-95f8-f0fc392b2a16/window_handles {"sessionId": "75f626e6-8981-4bea-95f8-f0fc392b2a16"}&#10;selenium.webdriver.remote.remote_connection: DEBUG: GET http://172.31.237.7:4444/wd/hub/session/75f626e6-8981-4bea-95f8-f0fc392b2a16/url {"sessionId": "75f626e6-8981-4bea-95f8-f0fc392b2a16"}&#10;selenium.webdriver.remote.remote_connection: DEBUG: POST http://172.31.237.7:4444/wd/hub/session/75f626e6-8981-4bea-95f8-f0fc392b2a16/back {"sessionId": "75f626e6-8981-4bea-95f8-f0fc392b2a16"}&#10;selenium.webdriver.remote.remote_connection: DEBUG: POST http://172.31.237.7:4444/wd/hub/session/75f626e6-8981-4bea-95f8-f0fc392b2a16/element {"using": "xpath", "sessionId": "75f626e6-8981-4bea-95f8-f0fc392b2a16", "value": "//header/section/nav/a[2]"}&#10;selenium.webdriver.remote.remote_connection: DEBUG: POST http://172.31.237.7:4444/wd/hub/session/75f626e6-8981-4bea-95f8-f0fc392b2a16/element/130/click {"sessionId": "75f626e6-8981-4bea-95f8-f0fc392b2a16", "id": "130"}&#10;selenium.webdriver.remote.remote_connection: DEBUG: POST http://172.31.237.7:4444/wd/hub/session/75f626e6-8981-4bea-95f8-f0fc392b2a16/timeouts/implicit_wait {"sessionId": "75f626e6-8981-4bea-95f8-f0fc392b2a16", "ms": 20000.0}&#10;selenium.webdriver.remote.remote_connection: DEBUG: GET http://172.31.237.7:4444/wd/hub/session/75f626e6-8981-4bea-95f8-f0fc392b2a16/window_handles {"sessionId": "75f626e6-8981-4bea-95f8-f0fc392b2a16"}&#10;selenium.webdriver.remote.remote_connection: DEBUG: GET http://172.31.237.7:4444/wd/hub/session/75f626e6-8981-4bea-95f8-f0fc392b2a16/url {"sessionId": "75f626e6-8981-4bea-95f8-f0fc392b2a16"}&#10;selenium.webdriver.remote.remote_connection: DEBUG: POST http://172.31.237.7:4444/wd/hub/session/75f626e6-8981-4bea-95f8-f0fc392b2a16/back {"sessionId": "75f626e6-8981-4bea-95f8-f0fc392b2a16"}&#10;selenium.webdriver.remote.remote_connection: DEBUG: POST http://172.31.237.7:4444/wd/hub/session/75f626e6-8981-4bea-95f8-f0fc392b2a16/element {"using": "xpath", "sessionId": "75f626e6-8981-4bea-95f8-f0fc392b2a16", "value": "//header/section/nav/a[1]"}&#10;selenium.webdriver.remote.remote_connection: DEBUG: POST http://172.31.237.7:4444/wd/hub/session/75f626e6-8981-4bea-95f8-f0fc392b2a16/element/131/click {"sessionId": "75f626e6-8981-4bea-95f8-f0fc392b2a16", "id": "131"}&#10;selenium.webdriver.remote.remote_connection: DEBUG: POST http://172.31.237.7:4444/wd/hub/session/75f626e6-8981-4bea-95f8-f0fc392b2a16/timeouts/implicit_wait {"sessionId": "75f626e6-8981-4bea-95f8-f0fc392b2a16", "ms": 20000.0}&#10;selenium.webdriver.remote.remote_connection: DEBUG: GET http://172.31.237.7:4444/wd/hub/session/75f626e6-8981-4bea-95f8-f0fc392b2a16/window_handles {"sessionId": "75f626e6-8981-4bea-95f8-f0fc392b2a16"}&#10;selenium.webdriver.remote.remote_connection: DEBUG: GET http://172.31.237.7:4444/wd/hub/session/75f626e6-8981-4bea-95f8-f0fc392b2a16/url {"sessionId": "75f626e6-8981-4bea-95f8-f0fc392b2a16"}&#10;selenium.webdriver.remote.remote_connection: DEBUG: POST http://172.31.237.7:4444/wd/hub/session/75f626e6-8981-4bea-95f8-f0fc392b2a16/back {"sessionId": "75f626e6-8981-4bea-95f8-f0fc392b2a16"}&#10;selenium.webdriver.remote.remote_connection: DEBUG: POST http://172.31.237.7:4444/wd/hub/session/75f626e6-8981-4bea-95f8-f0fc392b2a16/element {"using": "xpath", "sessionId": "75f626e6-8981-4bea-95f8-f0fc392b2a16", "value": "//header/section/nav/a[3]"}&#10;selenium.webdriver.remote.remote_connection: DEBUG: POST http://172.31.237.7:4444/wd/hub/session/75f626e6-8981-4bea-95f8-f0fc392b2a16/element/132/click {"sessionId": "75f626e6-8981-4bea-95f8-f0fc392b2a16", "id": "132"}&#10;selenium.webdriver.remote.remote_connection: DEBUG: POST http://172.31.237.7:4444/wd/hub/session/75f626e6-8981-4bea-95f8-f0fc392b2a16/timeouts/implicit_wait {"sessionId": "75f626e6-8981-4bea-95f8-f0fc392b2a16", "ms": 20000.0}&#10;selenium.webdriver.remote.remote_connection: DEBUG: GET http://172.31.237.7:4444/wd/hub/session/75f626e6-8981-4bea-95f8-f0fc392b2a16/window_handles {"sessionId": "75f626e6-8981-4bea-95f8-f0fc392b2a16"}&#10;selenium.webdriver.remote.remote_connection: DEBUG: GET http://172.31.237.7:4444/wd/hub/session/75f626e6-8981-4bea-95f8-f0fc392b2a16/url {"sessionId": "75f626e6-8981-4bea-95f8-f0fc392b2a16"}&#10;selenium.webdriver.remote.remote_connection: DEBUG: POST http://172.31.237.7:4444/wd/hub/session/75f626e6-8981-4bea-95f8-f0fc392b2a16/back {"sessionId": "75f626e6-8981-4bea-95f8-f0fc392b2a16"}&#10;selenium.webdriver.remote.remote_connection: DEBUG: POST http://172.31.237.7:4444/wd/hub/session/75f626e6-8981-4bea-95f8-f0fc392b2a16/element {"using": "xpath", "sessionId": "75f626e6-8981-4bea-95f8-f0fc392b2a16", "value": "//header/section/nav/a[4]"}&#10;selenium.webdriver.remote.remote_connection: DEBUG: POST http://172.31.237.7:4444/wd/hub/session/75f626e6-8981-4bea-95f8-f0fc392b2a16/element/133/click {"sessionId": "75f626e6-8981-4bea-95f8-f0fc392b2a16", "id": "133"}&#10;selenium.webdriver.remote.remote_connection: DEBUG: POST http://172.31.237.7:4444/wd/hub/session/75f626e6-8981-4bea-95f8-f0fc392b2a16/timeouts/implicit_wait {"sessionId": "75f626e6-8981-4bea-95f8-f0fc392b2a16", "ms": 20000.0}&#10;selenium.webdriver.remote.remote_connection: DEBUG: GET http://172.31.237.7:4444/wd/hub/session/75f626e6-8981-4bea-95f8-f0fc392b2a16/window_handles {"sessionId": "75f626e6-8981-4bea-95f8-f0fc392b2a16"}&#10;selenium.webdriver.remote.remote_connection: DEBUG: GET http://172.31.237.7:4444/wd/hub/session/75f626e6-8981-4bea-95f8-f0fc392b2a16/url {"sessionId": "75f626e6-8981-4bea-95f8-f0fc392b2a16"}&#10;selenium.webdriver.remote.remote_connection: DEBUG: POST http://172.31.237.7:4444/wd/hub/session/75f626e6-8981-4bea-95f8-f0fc392b2a16/back {"sessionId": "75f626e6-8981-4bea-95f8-f0fc392b2a16"}&#10;selenium.webdriver.remote.remote_connection: DEBUG: POST http://172.31.237.7:4444/wd/hub/session/75f626e6-8981-4bea-95f8-f0fc392b2a16/element {"using": "xpath", "sessionId": "75f626e6-8981-4bea-95f8-f0fc392b2a16", "value": "//header/section/nav/a[5]"}&#10;selenium.webdriver.remote.remote_connection: DEBUG: GET http://172.31.237.7:4444/wd/hub/session/75f626e6-8981-4bea-95f8-f0fc392b2a16/url {"sessionId": "75f626e6-8981-4bea-95f8-f0fc392b2a16"}&#10;selenium.webdriver.remote.remote_connection: DEBUG: POST http://172.31.237.7:4444/wd/hub/session/75f626e6-8981-4bea-95f8-f0fc392b2a16/element/134/click {"sessionId": "75f626e6-8981-4bea-95f8-f0fc392b2a16", "id": "134"}&#10;selenium.webdriver.remote.remote_connection: DEBUG: POST http://172.31.237.7:4444/wd/hub/session/75f626e6-8981-4bea-95f8-f0fc392b2a16/timeouts/implicit_wait {"sessionId": "75f626e6-8981-4bea-95f8-f0fc392b2a16", "ms": 20000.0}&#10;selenium.webdriver.remote.remote_connection: DEBUG: GET http://172.31.237.7:4444/wd/hub/session/75f626e6-8981-4bea-95f8-f0fc392b2a16/window_handles {"sessionId": "75f626e6-8981-4bea-95f8-f0fc392b2a16"}&#10;selenium.webdriver.remote.remote_connection: DEBUG: GET http://172.31.237.7:4444/wd/hub/session/75f626e6-8981-4bea-95f8-f0fc392b2a16/url {"sessionId": "75f626e6-8981-4bea-95f8-f0fc392b2a16"}&#10;selenium.webdriver.remote.remote_connection: DEBUG: POST http://172.31.237.7:4444/wd/hub/session/75f626e6-8981-4bea-95f8-f0fc392b2a16/element {"using": "xpath", "sessionId": "75f626e6-8981-4bea-95f8-f0fc392b2a16", "value": "//header/section/nav/a[6]"}&#10;selenium.webdriver.remote.remote_connection: DEBUG: POST http://172.31.237.7:4444/wd/hub/session/75f626e6-8981-4bea-95f8-f0fc392b2a16/element/135/click {"sessionId": "75f626e6-8981-4bea-95f8-f0fc392b2a16", "id": "135"}&#10;selenium.webdriver.remote.remote_connection: DEBUG: POST http://172.31.237.7:4444/wd/hub/session/75f626e6-8981-4bea-95f8-f0fc392b2a16/timeouts/implicit_wait {"sessionId": "75f626e6-8981-4bea-95f8-f0fc392b2a16", "ms": 20000.0}&#10;selenium.webdriver.remote.remote_connection: DEBUG: GET http://172.31.237.7:4444/wd/hub/session/75f626e6-8981-4bea-95f8-f0fc392b2a16/window_handles {"sessionId": "75f626e6-8981-4bea-95f8-f0fc392b2a16"}&#10;selenium.webdriver.remote.remote_connection: DEBUG: GET http://172.31.237.7:4444/wd/hub/session/75f626e6-8981-4bea-95f8-f0fc392b2a16/url {"sessionId": "75f626e6-8981-4bea-95f8-f0fc392b2a16"}&#10;selenium.webdriver.remote.remote_connection: DEBUG: POST http://172.31.237.7:4444/wd/hub/session/75f626e6-8981-4bea-95f8-f0fc392b2a16/back {"sessionId": "75f626e6-8981-4bea-95f8-f0fc392b2a16"}&#10;selenium.webdriver.remote.remote_connection: DEBUG: POST http://172.31.237.7:4444/wd/hub/session/75f626e6-8981-4bea-95f8-f0fc392b2a16/element {"using": "xpath", "sessionId": "75f626e6-8981-4bea-95f8-f0fc392b2a16", "value": "//header/section/nav/a[7]"}&#10;selenium.webdriver.remote.remote_connection: DEBUG: GET http://172.31.237.7:4444/wd/hub/session/75f626e6-8981-4bea-95f8-f0fc392b2a16/url {"sessionId": "75f626e6-8981-4bea-95f8-f0fc392b2a16"}&#10;selenium.webdriver.remote.remote_connection: DEBUG: POST http://172.31.237.7:4444/wd/hub/session/75f626e6-8981-4bea-95f8-f0fc392b2a16/element/136/click {"sessionId": "75f626e6-8981-4bea-95f8-f0fc392b2a16", "id": "136"}&#10;selenium.webdriver.remote.remote_connection: DEBUG: POST http://172.31.237.7:4444/wd/hub/session/75f626e6-8981-4bea-95f8-f0fc392b2a16/timeouts/implicit_wait {"sessionId": "75f626e6-8981-4bea-95f8-f0fc392b2a16", "ms": 20000.0}&#10;selenium.webdriver.remote.remote_connection: DEBUG: GET http://172.31.237.7:4444/wd/hub/session/75f626e6-8981-4bea-95f8-f0fc392b2a16/window_handles {"sessionId": "75f626e6-8981-4bea-95f8-f0fc392b2a16"}&#10;selenium.webdriver.remote.remote_connection: DEBUG: GET http://172.31.237.7:4444/wd/hub/session/75f626e6-8981-4bea-95f8-f0fc392b2a16/url {"sessionId": "75f626e6-8981-4bea-95f8-f0fc392b2a16"}&#10;selenium.webdriver.remote.remote_connection: DEBUG: POST http://172.31.237.7:4444/wd/hub/session/75f626e6-8981-4bea-95f8-f0fc392b2a16/element {"using": "xpath", "sessionId": "75f626e6-8981-4bea-95f8-f0fc392b2a16", "value": "//header/section/nav/a[8]"}&#10;selenium.webdriver.remote.remote_connection: DEBUG: GET http://172.31.237.7:4444/wd/hub/session/75f626e6-8981-4bea-95f8-f0fc392b2a16/url {"sessionId": "75f626e6-8981-4bea-95f8-f0fc392b2a16"}&#10;selenium.webdriver.remote.remote_connection: DEBUG: POST http://172.31.237.7:4444/wd/hub/session/75f626e6-8981-4bea-95f8-f0fc392b2a16/element/137/click {"sessionId": "75f626e6-8981-4bea-95f8-f0fc392b2a16", "id": "137"}&#10;selenium.webdriver.remote.remote_connection: DEBUG: POST http://172.31.237.7:4444/wd/hub/session/75f626e6-8981-4bea-95f8-f0fc392b2a16/timeouts/implicit_wait {"sessionId": "75f626e6-8981-4bea-95f8-f0fc392b2a16", "ms": 20000.0}&#10;selenium.webdriver.remote.remote_connection: DEBUG: GET http://172.31.237.7:4444/wd/hub/session/75f626e6-8981-4bea-95f8-f0fc392b2a16/window_handles {"sessionId": "75f626e6-8981-4bea-95f8-f0fc392b2a16"}&#10;selenium.webdriver.remote.remote_connection: DEBUG: GET http://172.31.237.7:4444/wd/hub/session/75f626e6-8981-4bea-95f8-f0fc392b2a16/url {"sessionId": "75f626e6-8981-4bea-95f8-f0fc392b2a16"}&#10;selenium.webdriver.remote.remote_connection: DEBUG: POST http://172.31.237.7:4444/wd/hub/session/75f626e6-8981-4bea-95f8-f0fc392b2a16/element {"using": "xpath", "sessionId": "75f626e6-8981-4bea-95f8-f0fc392b2a16", "value": "//header/section[2]/ul/li[2]/div"}&#10;selenium.webdriver.remote.remote_connection: DEBUG: POST http://172.31.237.7:4444/wd/hub/session/75f626e6-8981-4bea-95f8-f0fc392b2a16/element/138/click {"sessionId": "75f626e6-8981-4bea-95f8-f0fc392b2a16", "id": "138"}&#10;selenium.webdriver.remote.remote_connection: DEBUG: POST http://172.31.237.7:4444/wd/hub/session/75f626e6-8981-4bea-95f8-f0fc392b2a16/element {"using": "xpath", "sessionId": "75f626e6-8981-4bea-95f8-f0fc392b2a16", "value": "//header/section[2]/ul/li[2]/div/ul"}&#10;selenium.webdriver.remote.remote_connection: DEBUG: GET http://172.31.237.7:4444/wd/hub/session/75f626e6-8981-4bea-95f8-f0fc392b2a16/element/139/size {"sessionId": "75f626e6-8981-4bea-95f8-f0fc392b2a16", "id": "139"}&#10;selenium.webdriver.remote.remote_connection: DEBUG: POST http://172.31.237.7:4444/wd/hub/session/75f626e6-8981-4bea-95f8-f0fc392b2a16/element {"using": "xpath", "sessionId": "75f626e6-8981-4bea-95f8-f0fc392b2a16", "value": "//header/section[2]/ul/li[6]"}&#10;selenium.webdriver.remote.remote_connection: DEBUG: POST http://172.31.237.7:4444/wd/hub/session/75f626e6-8981-4bea-95f8-f0fc392b2a16/element/140/click {"sessionId": "75f626e6-8981-4bea-95f8-f0fc392b2a16", "id": "140"}&#10;selenium.webdriver.remote.remote_connection: DEBUG: POST http://172.31.237.7:4444/wd/hub/session/75f626e6-8981-4bea-95f8-f0fc392b2a16/element {"using": "xpath", "sessionId": "75f626e6-8981-4bea-95f8-f0fc392b2a16", "value": "//header/section[2]/ul/li[6]/div/ul"}&#10;selenium.webdriver.remote.remote_connection: DEBUG: GET http://172.31.237.7:4444/wd/hub/session/75f626e6-8981-4bea-95f8-f0fc392b2a16/element/141/size {"sessionId": "75f626e6-8981-4bea-95f8-f0fc392b2a16", "id": "141"}&#10;--------------------- &gt;&gt; end captured logging &lt;&lt; ---------------------'><![CDATA[  File "C:\Users\lxz\Documents\GitHub\localway_tests\wtframework\wtf\testobjects\testcase.py", line 101, in run
    testMethod()
  File "C:\Users\lxz\Documents\GitHub\localway_tests\tests\tests\test_check_links.py", line 204, in test_check_section_page_header_and_footer_links
    'dropdown is not visible')
  File "C:\Python27\lib\unittest\case.py", line 424, in assertTrue
    raise self.failureException(msg)
dropdown is not visible
-------------------- >> begin captured logging << --------------------
selenium.webdriver.remote.remote_connection: DEBUG: DELETE http://172.31.237.7:4444/wd/hub/session/75f626e6-8981-4bea-95f8-f0fc392b2a16/cookie {"sessionId": "75f626e6-8981-4bea-95f8-f0fc392b2a16"}
selenium.webdriver.remote.remote_connection: DEBUG: POST http://172.31.237.7:4444/wd/hub/session/75f626e6-8981-4bea-95f8-f0fc392b2a16/url {"url": "about:blank", "sessionId": "75f626e6-8981-4bea-95f8-f0fc392b2a16"}
selenium.webdriver.remote.remote_connection: DEBUG: POST http://172.31.237.7:4444/wd/hub/session/75f626e6-8981-4bea-95f8-f0fc392b2a16/url {"url": "http://172.31.237.12/ng/#/section/leisure", "sessionId": "75f626e6-8981-4bea-95f8-f0fc392b2a16"}
selenium.webdriver.remote.remote_connection: DEBUG: GET http://172.31.237.7:4444/wd/hub/session/75f626e6-8981-4bea-95f8-f0fc392b2a16/title {"sessionId": "75f626e6-8981-4bea-95f8-f0fc392b2a16"}
selenium.webdriver.remote.remote_connection: DEBUG: GET http://172.31.237.7:4444/wd/hub/session/75f626e6-8981-4bea-95f8-f0fc392b2a16/screenshot {"sessionId": "75f626e6-8981-4bea-95f8-f0fc392b2a16"}
selenium.webdriver.remote.remote_connection: DEBUG: POST http://172.31.237.7:4444/wd/hub/session/75f626e6-8981-4bea-95f8-f0fc392b2a16/element {"using": "xpath", "sessionId": "75f626e6-8981-4bea-95f8-f0fc392b2a16", "value": "//header/section[2]/ul/li[1]/a"}
selenium.webdriver.remote.remote_connection: DEBUG: POST http://172.31.237.7:4444/wd/hub/session/75f626e6-8981-4bea-95f8-f0fc392b2a16/element/129/click {"sessionId": "75f626e6-8981-4bea-95f8-f0fc392b2a16", "id": "129"}
selenium.webdriver.remote.remote_connection: DEBUG: POST http://172.31.237.7:4444/wd/hub/session/75f626e6-8981-4bea-95f8-f0fc392b2a16/timeouts/implicit_wait {"sessionId": "75f626e6-8981-4bea-95f8-f0fc392b2a16", "ms": 20000.0}
selenium.webdriver.remote.remote_connection: DEBUG: GET http://172.31.237.7:4444/wd/hub/session/75f626e6-8981-4bea-95f8-f0fc392b2a16/window_handles {"sessionId": "75f626e6-8981-4bea-95f8-f0fc392b2a16"}
selenium.webdriver.remote.remote_connection: DEBUG: GET http://172.31.237.7:4444/wd/hub/session/75f626e6-8981-4bea-95f8-f0fc392b2a16/url {"sessionId": "75f626e6-8981-4bea-95f8-f0fc392b2a16"}
selenium.webdriver.remote.remote_connection: DEBUG: POST http://172.31.237.7:4444/wd/hub/session/75f626e6-8981-4bea-95f8-f0fc392b2a16/back {"sessionId": "75f626e6-8981-4bea-95f8-f0fc392b2a16"}
selenium.webdriver.remote.remote_connection: DEBUG: POST http://172.31.237.7:4444/wd/hub/session/75f626e6-8981-4bea-95f8-f0fc392b2a16/element {"using": "xpath", "sessionId": "75f626e6-8981-4bea-95f8-f0fc392b2a16", "value": "//header/section/nav/a[2]"}
selenium.webdriver.remote.remote_connection: DEBUG: POST http://172.31.237.7:4444/wd/hub/session/75f626e6-8981-4bea-95f8-f0fc392b2a16/element/130/click {"sessionId": "75f626e6-8981-4bea-95f8-f0fc392b2a16", "id": "130"}
selenium.webdriver.remote.remote_connection: DEBUG: POST http://172.31.237.7:4444/wd/hub/session/75f626e6-8981-4bea-95f8-f0fc392b2a16/timeouts/implicit_wait {"sessionId": "75f626e6-8981-4bea-95f8-f0fc392b2a16", "ms": 20000.0}
selenium.webdriver.remote.remote_connection: DEBUG: GET http://172.31.237.7:4444/wd/hub/session/75f626e6-8981-4bea-95f8-f0fc392b2a16/window_handles {"sessionId": "75f626e6-8981-4bea-95f8-f0fc392b2a16"}
selenium.webdriver.remote.remote_connection: DEBUG: GET http://172.31.237.7:4444/wd/hub/session/75f626e6-8981-4bea-95f8-f0fc392b2a16/url {"sessionId": "75f626e6-8981-4bea-95f8-f0fc392b2a16"}
selenium.webdriver.remote.remote_connection: DEBUG: POST http://172.31.237.7:4444/wd/hub/session/75f626e6-8981-4bea-95f8-f0fc392b2a16/back {"sessionId": "75f626e6-8981-4bea-95f8-f0fc392b2a16"}
selenium.webdriver.remote.remote_connection: DEBUG: POST http://172.31.237.7:4444/wd/hub/session/75f626e6-8981-4bea-95f8-f0fc392b2a16/element {"using": "xpath", "sessionId": "75f626e6-8981-4bea-95f8-f0fc392b2a16", "value": "//header/section/nav/a[1]"}
selenium.webdriver.remote.remote_connection: DEBUG: POST http://172.31.237.7:4444/wd/hub/session/75f626e6-8981-4bea-95f8-f0fc392b2a16/element/131/click {"sessionId": "75f626e6-8981-4bea-95f8-f0fc392b2a16", "id": "131"}
selenium.webdriver.remote.remote_connection: DEBUG: POST http://172.31.237.7:4444/wd/hub/session/75f626e6-8981-4bea-95f8-f0fc392b2a16/timeouts/implicit_wait {"sessionId": "75f626e6-8981-4bea-95f8-f0fc392b2a16", "ms": 20000.0}
selenium.webdriver.remote.remote_connection: DEBUG: GET http://172.31.237.7:4444/wd/hub/session/75f626e6-8981-4bea-95f8-f0fc392b2a16/window_handles {"sessionId": "75f626e6-8981-4bea-95f8-f0fc392b2a16"}
selenium.webdriver.remote.remote_connection: DEBUG: GET http://172.31.237.7:4444/wd/hub/session/75f626e6-8981-4bea-95f8-f0fc392b2a16/url {"sessionId": "75f626e6-8981-4bea-95f8-f0fc392b2a16"}
selenium.webdriver.remote.remote_connection: DEBUG: POST http://172.31.237.7:4444/wd/hub/session/75f626e6-8981-4bea-95f8-f0fc392b2a16/back {"sessionId": "75f626e6-8981-4bea-95f8-f0fc392b2a16"}
selenium.webdriver.remote.remote_connection: DEBUG: POST http://172.31.237.7:4444/wd/hub/session/75f626e6-8981-4bea-95f8-f0fc392b2a16/element {"using": "xpath", "sessionId": "75f626e6-8981-4bea-95f8-f0fc392b2a16", "value": "//header/section/nav/a[3]"}
selenium.webdriver.remote.remote_connection: DEBUG: POST http://172.31.237.7:4444/wd/hub/session/75f626e6-8981-4bea-95f8-f0fc392b2a16/element/132/click {"sessionId": "75f626e6-8981-4bea-95f8-f0fc392b2a16", "id": "132"}
selenium.webdriver.remote.remote_connection: DEBUG: POST http://172.31.237.7:4444/wd/hub/session/75f626e6-8981-4bea-95f8-f0fc392b2a16/timeouts/implicit_wait {"sessionId": "75f626e6-8981-4bea-95f8-f0fc392b2a16", "ms": 20000.0}
selenium.webdriver.remote.remote_connection: DEBUG: GET http://172.31.237.7:4444/wd/hub/session/75f626e6-8981-4bea-95f8-f0fc392b2a16/window_handles {"sessionId": "75f626e6-8981-4bea-95f8-f0fc392b2a16"}
selenium.webdriver.remote.remote_connection: DEBUG: GET http://172.31.237.7:4444/wd/hub/session/75f626e6-8981-4bea-95f8-f0fc392b2a16/url {"sessionId": "75f626e6-8981-4bea-95f8-f0fc392b2a16"}
selenium.webdriver.remote.remote_connection: DEBUG: POST http://172.31.237.7:4444/wd/hub/session/75f626e6-8981-4bea-95f8-f0fc392b2a16/back {"sessionId": "75f626e6-8981-4bea-95f8-f0fc392b2a16"}
selenium.webdriver.remote.remote_connection: DEBUG: POST http://172.31.237.7:4444/wd/hub/session/75f626e6-8981-4bea-95f8-f0fc392b2a16/element {"using": "xpath", "sessionId": "75f626e6-8981-4bea-95f8-f0fc392b2a16", "value": "//header/section/nav/a[4]"}
selenium.webdriver.remote.remote_connection: DEBUG: POST http://172.31.237.7:4444/wd/hub/session/75f626e6-8981-4bea-95f8-f0fc392b2a16/element/133/click {"sessionId": "75f626e6-8981-4bea-95f8-f0fc392b2a16", "id": "133"}
selenium.webdriver.remote.remote_connection: DEBUG: POST http://172.31.237.7:4444/wd/hub/session/75f626e6-8981-4bea-95f8-f0fc392b2a16/timeouts/implicit_wait {"sessionId": "75f626e6-8981-4bea-95f8-f0fc392b2a16", "ms": 20000.0}
selenium.webdriver.remote.remote_connection: DEBUG: GET http://172.31.237.7:4444/wd/hub/session/75f626e6-8981-4bea-95f8-f0fc392b2a16/window_handles {"sessionId": "75f626e6-8981-4bea-95f8-f0fc392b2a16"}
selenium.webdriver.remote.remote_connection: DEBUG: GET http://172.31.237.7:4444/wd/hub/session/75f626e6-8981-4bea-95f8-f0fc392b2a16/url {"sessionId": "75f626e6-8981-4bea-95f8-f0fc392b2a16"}
selenium.webdriver.remote.remote_connection: DEBUG: POST http://172.31.237.7:4444/wd/hub/session/75f626e6-8981-4bea-95f8-f0fc392b2a16/back {"sessionId": "75f626e6-8981-4bea-95f8-f0fc392b2a16"}
selenium.webdriver.remote.remote_connection: DEBUG: POST http://172.31.237.7:4444/wd/hub/session/75f626e6-8981-4bea-95f8-f0fc392b2a16/element {"using": "xpath", "sessionId": "75f626e6-8981-4bea-95f8-f0fc392b2a16", "value": "//header/section/nav/a[5]"}
selenium.webdriver.remote.remote_connection: DEBUG: GET http://172.31.237.7:4444/wd/hub/session/75f626e6-8981-4bea-95f8-f0fc392b2a16/url {"sessionId": "75f626e6-8981-4bea-95f8-f0fc392b2a16"}
selenium.webdriver.remote.remote_connection: DEBUG: POST http://172.31.237.7:4444/wd/hub/session/75f626e6-8981-4bea-95f8-f0fc392b2a16/element/134/click {"sessionId": "75f626e6-8981-4bea-95f8-f0fc392b2a16", "id": "134"}
selenium.webdriver.remote.remote_connection: DEBUG: POST http://172.31.237.7:4444/wd/hub/session/75f626e6-8981-4bea-95f8-f0fc392b2a16/timeouts/implicit_wait {"sessionId": "75f626e6-8981-4bea-95f8-f0fc392b2a16", "ms": 20000.0}
selenium.webdriver.remote.remote_connection: DEBUG: GET http://172.31.237.7:4444/wd/hub/session/75f626e6-8981-4bea-95f8-f0fc392b2a16/window_handles {"sessionId": "75f626e6-8981-4bea-95f8-f0fc392b2a16"}
selenium.webdriver.remote.remote_connection: DEBUG: GET http://172.31.237.7:4444/wd/hub/session/75f626e6-8981-4bea-95f8-f0fc392b2a16/url {"sessionId": "75f626e6-8981-4bea-95f8-f0fc392b2a16"}
selenium.webdriver.remote.remote_connection: DEBUG: POST http://172.31.237.7:4444/wd/hub/session/75f626e6-8981-4bea-95f8-f0fc392b2a16/element {"using": "xpath", "sessionId": "75f626e6-8981-4bea-95f8-f0fc392b2a16", "value": "//header/section/nav/a[6]"}
selenium.webdriver.remote.remote_connection: DEBUG: POST http://172.31.237.7:4444/wd/hub/session/75f626e6-8981-4bea-95f8-f0fc392b2a16/element/135/click {"sessionId": "75f626e6-8981-4bea-95f8-f0fc392b2a16", "id": "135"}
selenium.webdriver.remote.remote_connection: DEBUG: POST http://172.31.237.7:4444/wd/hub/session/75f626e6-8981-4bea-95f8-f0fc392b2a16/timeouts/implicit_wait {"sessionId": "75f626e6-8981-4bea-95f8-f0fc392b2a16", "ms": 20000.0}
selenium.webdriver.remote.remote_connection: DEBUG: GET http://172.31.237.7:4444/wd/hub/session/75f626e6-8981-4bea-95f8-f0fc392b2a16/window_handles {"sessionId": "75f626e6-8981-4bea-95f8-f0fc392b2a16"}
selenium.webdriver.remote.remote_connection: DEBUG: GET http://172.31.237.7:4444/wd/hub/session/75f626e6-8981-4bea-95f8-f0fc392b2a16/url {"sessionId": "75f626e6-8981-4bea-95f8-f0fc392b2a16"}
selenium.webdriver.remote.remote_connection: DEBUG: POST http://172.31.237.7:4444/wd/hub/session/75f626e6-8981-4bea-95f8-f0fc392b2a16/back {"sessionId": "75f626e6-8981-4bea-95f8-f0fc392b2a16"}
selenium.webdriver.remote.remote_connection: DEBUG: POST http://172.31.237.7:4444/wd/hub/session/75f626e6-8981-4bea-95f8-f0fc392b2a16/element {"using": "xpath", "sessionId": "75f626e6-8981-4bea-95f8-f0fc392b2a16", "value": "//header/section/nav/a[7]"}
selenium.webdriver.remote.remote_connection: DEBUG: GET http://172.31.237.7:4444/wd/hub/session/75f626e6-8981-4bea-95f8-f0fc392b2a16/url {"sessionId": "75f626e6-8981-4bea-95f8-f0fc392b2a16"}
selenium.webdriver.remote.remote_connection: DEBUG: POST http://172.31.237.7:4444/wd/hub/session/75f626e6-8981-4bea-95f8-f0fc392b2a16/element/136/click {"sessionId": "75f626e6-8981-4bea-95f8-f0fc392b2a16", "id": "136"}
selenium.webdriver.remote.remote_connection: DEBUG: POST http://172.31.237.7:4444/wd/hub/session/75f626e6-8981-4bea-95f8-f0fc392b2a16/timeouts/implicit_wait {"sessionId": "75f626e6-8981-4bea-95f8-f0fc392b2a16", "ms": 20000.0}
selenium.webdriver.remote.remote_connection: DEBUG: GET http://172.31.237.7:4444/wd/hub/session/75f626e6-8981-4bea-95f8-f0fc392b2a16/window_handles {"sessionId": "75f626e6-8981-4bea-95f8-f0fc392b2a16"}
selenium.webdriver.remote.remote_connection: DEBUG: GET http://172.31.237.7:4444/wd/hub/session/75f626e6-8981-4bea-95f8-f0fc392b2a16/url {"sessionId": "75f626e6-8981-4bea-95f8-f0fc392b2a16"}
selenium.webdriver.remote.remote_connection: DEBUG: POST http://172.31.237.7:4444/wd/hub/session/75f626e6-8981-4bea-95f8-f0fc392b2a16/element {"using": "xpath", "sessionId": "75f626e6-8981-4bea-95f8-f0fc392b2a16", "value": "//header/section/nav/a[8]"}
selenium.webdriver.remote.remote_connection: DEBUG: GET http://172.31.237.7:4444/wd/hub/session/75f626e6-8981-4bea-95f8-f0fc392b2a16/url {"sessionId": "75f626e6-8981-4bea-95f8-f0fc392b2a16"}
selenium.webdriver.remote.remote_connection: DEBUG: POST http://172.31.237.7:4444/wd/hub/session/75f626e6-8981-4bea-95f8-f0fc392b2a16/element/137/click {"sessionId": "75f626e6-8981-4bea-95f8-f0fc392b2a16", "id": "137"}
selenium.webdriver.remote.remote_connection: DEBUG: POST http://172.31.237.7:4444/wd/hub/session/75f626e6-8981-4bea-95f8-f0fc392b2a16/timeouts/implicit_wait {"sessionId": "75f626e6-8981-4bea-95f8-f0fc392b2a16", "ms": 20000.0}
selenium.webdriver.remote.remote_connection: DEBUG: GET http://172.31.237.7:4444/wd/hub/session/75f626e6-8981-4bea-95f8-f0fc392b2a16/window_handles {"sessionId": "75f626e6-8981-4bea-95f8-f0fc392b2a16"}
selenium.webdriver.remote.remote_connection: DEBUG: GET http://172.31.237.7:4444/wd/hub/session/75f626e6-8981-4bea-95f8-f0fc392b2a16/url {"sessionId": "75f626e6-8981-4bea-95f8-f0fc392b2a16"}
selenium.webdriver.remote.remote_connection: DEBUG: POST http://172.31.237.7:4444/wd/hub/session/75f626e6-8981-4bea-95f8-f0fc392b2a16/element {"using": "xpath", "sessionId": "75f626e6-8981-4bea-95f8-f0fc392b2a16", "value": "//header/section[2]/ul/li[2]/div"}
selenium.webdriver.remote.remote_connection: DEBUG: POST http://172.31.237.7:4444/wd/hub/session/75f626e6-8981-4bea-95f8-f0fc392b2a16/element/138/click {"sessionId": "75f626e6-8981-4bea-95f8-f0fc392b2a16", "id": "138"}
selenium.webdriver.remote.remote_connection: DEBUG: POST http://172.31.237.7:4444/wd/hub/session/75f626e6-8981-4bea-95f8-f0fc392b2a16/element {"using": "xpath", "sessionId": "75f626e6-8981-4bea-95f8-f0fc392b2a16", "value": "//header/section[2]/ul/li[2]/div/ul"}
selenium.webdriver.remote.remote_connection: DEBUG: GET http://172.31.237.7:4444/wd/hub/session/75f626e6-8981-4bea-95f8-f0fc392b2a16/element/139/size {"sessionId": "75f626e6-8981-4bea-95f8-f0fc392b2a16", "id": "139"}
selenium.webdriver.remote.remote_connection: DEBUG: POST http://172.31.237.7:4444/wd/hub/session/75f626e6-8981-4bea-95f8-f0fc392b2a16/element {"using": "xpath", "sessionId": "75f626e6-8981-4bea-95f8-f0fc392b2a16", "value": "//header/section[2]/ul/li[6]"}
selenium.webdriver.remote.remote_connection: DEBUG: POST http://172.31.237.7:4444/wd/hub/session/75f626e6-8981-4bea-95f8-f0fc392b2a16/element/140/click {"sessionId": "75f626e6-8981-4bea-95f8-f0fc392b2a16", "id": "140"}
selenium.webdriver.remote.remote_connection: DEBUG: POST http://172.31.237.7:4444/wd/hub/session/75f626e6-8981-4bea-95f8-f0fc392b2a16/element {"using": "xpath", "sessionId": "75f626e6-8981-4bea-95f8-f0fc392b2a16", "value": "//header/section[2]/ul/li[6]/div/ul"}
selenium.webdriver.remote.remote_connection: DEBUG: GET http://172.31.237.7:4444/wd/hub/session/75f626e6-8981-4bea-95f8-f0fc392b2a16/element/141/size {"sessionId": "75f626e6-8981-4bea-95f8-f0fc392b2a16", "id": "141"}
--------------------- >> end captured logging << ---------------------]]></failure></testcase><testcase classname="tests.tests.test_check_links.CheckLinksTest" name="test_contact_links" time="35.537"></testcase><testcase classname="tests.tests.test_check_links.CheckLinksTest" name="test_contact_links_tags" time="5.619"></testcase><testcase classname="tests.tests.test_check_links.CheckLinksTest" name="test_cuisine_links" time="9.770"></testcase><testcase classname="tests.tests.test_home_page.HomePageTest" name="test_elements_existence" time="4.033"></testcase><testcase classname="tests.tests.test_home_page.HomePageTest" name="test_max_input_50_symbols_in_what_search_field" time="4.876"></testcase><testcase classname="tests.tests.test_home_page.HomePageTest" name="test_max_input_50_symbols_in_where_search_field" time="4.130"></testcase><testcase classname="tests.tests.test_home_page.HomePageTest" name="test_search_button_is_disabled" time="4.407"></testcase><testcase classname="tests.tests.test_home_page.HomePageTest" name="test_search_button_is_enabled_when_what_search_input_not_empty" time="4.098"></testcase><testcase classname="tests.tests.test_home_page.HomePageTest" name="test_search_button_is_enabled_when_where_search_input_not_empty" time="4.709"></testcase><testcase classname="tests.tests.test_mongo_vs_json.MongoVsJSON" name="test_mongo_vs_json" time="0.023"><failure type="exceptions.AssertionError" message="{u'rating': 4.0, u'house': u'19/4', u'intro': u'\u0417\u0434\u0435\u0441\u044c \ [truncated]... != {u'rating': 4, u'house': u'19/4', u'street': u'\u041c\u0438\u043b\u044e\u0442\u0 [truncated]...&#10;  {u'_id': u'164512af0000000000000000',&#10;   u'amenities': [u'78af00000000000000000000',&#10;                  u'80af00000000000000000000',&#10;                  u'91af00000000000000000000',&#10;                  u'100af0000000000000000000',&#10;                  u'88af00000000000000000000',&#10;                  u'86af00000000000000000000',&#10;                  u'66af00000000000000000000',&#10;                  u'82af00000000000000000000'],&#10;   u'aroundTheClock': False,&#10;+  u'averagePrice': [],&#10;   u'building': u'1',&#10;+  u'businessLunchPrice': [],&#10;   u'categories': [u'156af0000000000000000000'],&#10;   u'city': u'93086af00000000000000000',&#10;   u'contacts': [{u'contact': u'(495) 532-87-58',&#10;                  u'contactType': u'1af000000000000000000000'},&#10;                 {u'contact': u'www.zdver.com',&#10;                  u'contactType': u'4af000000000000000000000'}],&#10;   u'cuisines': [u'83af00000000000000000000'],&#10;   u'description': u'\u0410\u043d\u0442\u0438\u043a\u0430\u0444\u0435 \xab\u0417\u0435\u043b\u0435\u043d\u0430\u044f \u0434\u0432\u0435\u0440\u044c\xbb \u043d\u0430\u0445\u043e\u0434\u0438\u0442\u0441\u044f \u043d\u0435\u0434\u0430\u043b\u0435\u043a\u043e \u043e\u0442 \u0441\u0442\u0430\u043d\u0446\u0438\u0438 \u043c\u0435\u0442\u0440\u043e \xab\u0422\u0443\u0440\u0433\u0435\u043d\u0435\u0432\u0441\u043a\u0430\u044f\xbb. \u0417\u0430\u0432\u0435\u0434\u0435\u043d\u0438\u0435 \u043d\u0430\u0437\u0432\u0430\u043d\u043e \u0432 \u0447\u0435\u0441\u0442\u044c \u0437\u043d\u0430\u043c\u0435\u043d\u0438\u0442\u043e\u0433\u043e \u0440\u0430\u0441\u0441\u043a\u0430\u0437\u0430 \u0413\u0435\u0440\u0431\u0435\u0440\u0442\u0430 \u0423\u044d\u043b\u043b\u0441\u0430 \xab\u0414\u0432\u0435\u0440\u044c \u0432 \u0441\u0442\u0435\u043d\u0435\xbb. \u041f\u043e\u0441\u0435\u0442\u0438\u0442\u0435\u043b\u0438 \u043f\u043b\u0430\u0442\u044f\u0442 \u0442\u043e\u043b\u044c\u043a\u043e \u0437\u0430 \u0432\u0440\u0435\u043c\u044f, \u043f\u0440\u043e\u0432\u0435\u0434\u0435\u043d\u043d\u043e\u0435 \u0437\u0430 \xab\u0417\u0435\u043b\u0435\u043d\u043e\u0439 \u0434\u0432\u0435\u0440\u044c\u044e\xbb. \u041f\u0435\u0440\u0432\u044b\u0439 \u0447\u0430\u0441 - 2 \u0440\u0443\u0431\u043b\u044f \u0437\u0430 \u043c\u0438\u043d\u0443\u0442\u0443, \u0432\u0441\u0435 \u043f\u043e\u0441\u043b\u0435\u0434\u0443\u044e\u0449\u0438\u0435 \u0447\u0430\u0441\u044b - 1 \u0440\u0443\u0431\u043b\u044c \u0437\u0430 \u043c\u0438\u043d\u0443\u0442\u0443. \xab\u0417\u0435\u043b\u0435\u043d\u0430\u044f \u0434\u0432\u0435\u0440\u044c\xbb - \u044d\u0442\u043e \u043c\u0435\u0441\u0442\u043e, \u043a\u0443\u0434\u0430 \u043f\u0440\u0438\u0445\u043e\u0434\u044f\u0442, \u0447\u0442\u043e\u0431\u044b \u043f\u0440\u0438\u044f\u0442\u043d\u043e \u043f\u0440\u043e\u0432\u0435\u0441\u0442\u0438 \u0432\u0440\u0435\u043c\u044f, \u043f\u043e\u043e\u0431\u0449\u0430\u0442\u044c\u0441\u044f \u0441 \u0434\u0440\u0443\u0437\u044c\u044f\u043c\u0438 \u0438 \u043f\u043e\u0437\u043d\u0430\u043a\u043e\u043c\u0438\u0442\u044c\u0441\u044f \u0441 \u043d\u043e\u0432\u044b\u043c\u0438 \u043b\u044e\u0434\u044c\u043c\u0438. \u042d\u0442\u043e \u043e\u0442\u043a\u0440\u044b\u0442\u0430\u044f \u0430\u0440\u0442-\u043f\u043b\u043e\u0449\u0430\u0434\u043a\u0430, \u0433\u0434\u0435 \u043f\u0440\u043e\u0445\u043e\u0434\u044f\u0442 \u0432\u044b\u0441\u0442\u0430\u0432\u043a\u0438 \u0445\u0443\u0434\u043e\u0436\u043d\u0438\u043a\u043e\u0432 \u0438 \u0444\u043e\u0442\u043e\u0433\u0440\u0430\u0444\u043e\u0432, \u043f\u0435\u0440\u0444\u043e\u043c\u0430\u043d\u0441\u044b, \u043f\u043e\u044d\u0442\u0438\u0447\u0435\u0441\u043a\u0438\u0435 \u0447\u0442\u0435\u043d\u0438\u044f, \u043b\u0438\u0442\u0435\u0440\u0430\u0442\u0443\u0440\u043d\u044b\u0435 \u043f\u0440\u0435\u0437\u0435\u043d\u0442\u0430\u0446\u0438\u0438, \u043f\u0440\u043e\u0441\u043c\u043e\u0442\u0440\u044b \u0438 \u043e\u0431\u0441\u0443\u0436\u0434\u0435\u043d\u0438\u044f \u0430\u0440\u0442\u0445\u0430\u0443\u0441\u043d\u043e\u0433\u043e \u043a\u0438\u043d\u043e, \u0442\u0435\u043c\u0430\u0442\u0438\u0447\u0435\u0441\u043a\u0438\u0435 \u0441\u0435\u043c\u0438\u043d\u0430\u0440\u044b \u0438 \u043c\u0430\u0441\u0442\u0435\u0440-\u043a\u043b\u0430\u0441\u0441\u044b. \u0417\u0434\u0435\u0441\u044c \u043c\u043e\u0436\u043d\u043e \u043e\u0431\u0449\u0430\u0442\u044c\u0441\u044f \u0437\u0430 \u0447\u0430\u0448\u043a\u043e\u0439 \u0447\u0430\u044f, \u0438\u0433\u0440\u0430\u0442\u044c \u0432 \u043d\u0430\u0441\u0442\u043e\u043b\u044c\u043d\u044b\u0435 \u0438\u0433\u0440\u044b \u0438\u043b\u0438 xbox, \u0447\u0438\u0442\u0430\u0442\u044c \u043a\u043d\u0438\u0433\u0438, \u0441\u043c\u043e\u0442\u0440\u0435\u0442\u044c \u043a\u0438\u043d\u043e, \u0443\u0441\u0442\u0440\u0430\u0438\u0432\u0430\u0442\u044c \u043f\u043e\u0441\u0438\u0434\u0435\u043b\u043a\u0438 \u0441 \u0433\u0438\u0442\u0430\u0440\u043e\u0439. \u0423\u0442\u0440\u043e\u043c \u0437\u0434\u0435\u0441\u044c \u0435\u0436\u0435\u0434\u043d\u0435\u0432\u043d\u043e \u043f\u0440\u043e\u0445\u043e\u0434\u044f\u0442 \u0437\u0430\u043d\u044f\u0442\u0438\u044f \u043f\u043e \u0439\u043e\u0433\u0435, \u0430 \u043f\u043e \u0432\u0435\u0447\u0435\u0440\u0430\u043c - \u043f\u0440\u043e\u0441\u043c\u043e\u0442\u0440\u044b \u043b\u044e\u0431\u0438\u043c\u044b\u0445 \u0444\u0438\u043b\u044c\u043c\u043e\u0432 \u0438 \u0438\u043d\u0442\u0435\u0440\u0435\u0441\u043d\u044b\u0445 \u0441\u0435\u0440\u0438\u0430\u043b\u043e\u0432. \u041a\u0430\u0436\u0434\u0443\u044e \u043f\u044f\u0442\u043d\u0438\u0446\u0443, \u043d\u0430\u043f\u0440\u0438\u043c\u0435\u0440, \u0432 \u0430\u043d\u0442\u0438\u043a\u0430\u0444\u0435 \u0441\u043e\u0431\u0438\u0440\u0430\u044e\u0442\u0441\u044f \u0444\u0430\u043d\u0430\u0442\u044b \u0431\u0440\u0438\u0442\u0430\u043d\u0441\u043a\u043e\u0433\u043e \u0444\u0430\u043d\u0442\u0430\u0441\u0442\u0438\u0447\u0435\u0441\u043a\u043e\u0433\u043e \u0441\u0435\u0440\u0438\u0430\u043b\u0430 \xab\u0414\u043e\u043a\u0442\u043e\u0440 \u041a\u0442\u043e\xbb.\n\u0412 \u0430\u043d\u0442\u0438\u043a\u0430\u0444\u0435 \u0431\u0435\u0441\u043f\u043b\u0430\u0442\u043d\u043e \u043f\u0440\u0435\u0434\u043b\u0430\u0433\u0430\u044e\u0442 \u0447\u0430\u0439, \u043a\u043e\u0444\u0435 \u0438 \u0441\u043b\u0430\u0434\u043e\u0441\u0442\u0438.\n\u041e\u0431\u0441\u043b\u0443\u0436\u0438\u0432\u0430\u044e\u0442 \u0433\u043e\u0441\u0442\u0435\u0439 \u0437\u0434\u0435\u0441\u044c \u0432\u0441\u0435\u0433\u0434\u0430 \u0434\u043e\u0431\u0440\u043e\u0436\u0435\u043b\u0430\u0442\u0435\u043b\u044c\u043d\u043e, \u0432\u0435\u0434\u044c \u0433\u043b\u0430\u0432\u043d\u043e\u0435 \u0432 \u0430\u043d\u0442\u0438\u043a\u0430\u0444\u0435 - \u043f\u0440\u0438\u044f\u0442\u043d\u0430\u044f \u0430\u0442\u043c\u043e\u0441\u0444\u0435\u0440\u0430, \u0431\u043b\u0430\u0433\u043e\u0434\u0430\u0440\u044f \u043a\u043e\u0442\u043e\u0440\u043e\u0439 \u0445\u043e\u0447\u0435\u0442\u0441\u044f \u043f\u0440\u0438\u0439\u0442\u0438 \u0441\u044e\u0434\u0430 \u0441\u043d\u043e\u0432\u0430.\n\u0410\u043d\u0442\u0438\u043a\u0430\u0444\u0435 \xab\u0417\u0435\u043b\u0435\u043d\u0430\u044f \u0434\u0432\u0435\u0440\u044c\xbb - \u043f\u0440\u0435\u043a\u0440\u0430\u0441\u043d\u043e\u0435 \u043c\u0435\u0441\u0442\u043e \u0434\u043b\u044f \u0432\u0441\u0442\u0440\u0435\u0447 \u0441 \u0434\u0440\u0443\u0437\u044c\u044f\u043c\u0438.\n\n\u0417\u0430\u0433\u043e\u043b\u043e\u0432\u043e\u043a: \u0417\u0434\u0435\u0441\u044c \u043c\u043e\u0436\u043d\u043e \u043e\u0431\u0449\u0430\u0442\u044c\u0441\u044f \u0437\u0430 \u0447\u0430\u0448\u043a\u043e\u0439 \u0447\u0430\u044f, \u0438\u0433\u0440\u0430\u0442\u044c \u0432 \u043d\u0430\u0441\u0442\u043e\u043b\u044c\u043d\u044b\u0435 \u0438\u0433\u0440\u044b \u0438\u043b\u0438 xbox, \u0447\u0438\u0442\u0430\u0442\u044c \u043a\u043d\u0438\u0433\u0438, \u0441\u043c\u043e\u0442\u0440\u0435\u0442\u044c \u043a\u0438\u043d\u043e, \u0443\u0441\u0442\u0440\u0430\u0438\u0432\u0430\u0442\u044c \u043f\u043e\u0441\u0438\u0434\u0435\u043b\u043a\u0438 \u0441 \u0433\u0438\u0442\u0430\u0440\u043e\u0439.\n\u041a\u0443\u0445\u043d\u044f: \u0435\u0432\u0440\u043e\u043f\u0435\u0439\u0441\u043a\u0430\u044f',&#10;   u'district': u'173af0000000000000000000',&#10;   u'groupedSchedule': [{u'days': [0, 1, 2, 3, 4],&#10;                         u'timeFrom': 39600000,&#10;                         u'timeTo': 3600000},&#10;                        {u'days': [5, 6], u'timeFrom': 0, u'timeTo': 0}],&#10;   u'house': u'19/4',&#10;   u'images': [u'367343', u'367344', u'367345', u'367346', u'367347'],&#10;   u'intro': u'\u0417\u0434\u0435\u0441\u044c \u043c\u043e\u0436\u043d\u043e \u043e\u0431\u0449\u0430\u0442\u044c\u0441\u044f \u0437\u0430 \u0447\u0430\u0448\u043a\u043e\u0439 \u0447\u0430\u044f, \u0438\u0433\u0440\u0430\u0442\u044c \u0432 \u043d\u0430\u0441\u0442\u043e\u043b\u044c\u043d\u044b\u0435 \u0438\u0433\u0440\u044b \u0438\u043b\u0438 xbox, \u0447\u0438\u0442\u0430\u0442\u044c \u043a\u043d\u0438\u0433\u0438, \u0441\u043c\u043e\u0442\u0440\u0435\u0442\u044c \u043a\u0438\u043d\u043e, \u0443\u0441\u0442\u0440\u0430\u0438\u0432\u0430\u0442\u044c \u043f\u043e\u0441\u0438\u0434\u0435\u043b\u043a\u0438 \u0441 \u0433\u0438\u0442\u0430\u0440\u043e\u0439.',&#10;   u'lat': 55.765637861049484,&#10;   u'lon': 37.632266940536525,&#10;   u'metroStations': [u'255af0000000000000000000', u'336af0000000000000000000'],&#10;   u'name': u'\u0417\u0435\u043b\u0435\u043d\u0430\u044f \u0434\u0432\u0435\u0440\u044c',&#10;   u'payments': [u'42af00000000000000000000'],&#10;-  u'rating': 4.0,&#10;?              --&#10;&#10;+  u'rating': 4,&#10;   u'sections': [u'11af00000000000000000000'],&#10;   u'street': u'\u041c\u0438\u043b\u044e\u0442\u0438\u043d\u0441\u043a\u0438\u0439 \u043f\u0435\u0440'}&#10;-------------------- &gt;&gt; begin captured logging &lt;&lt; --------------------&#10;requests.packages.urllib3.connectionpool: INFO: Starting new HTTP connection (1): 172.31.237.12&#10;requests.packages.urllib3.connectionpool: DEBUG: &quot;GET /portal-api/poi/164512af0000000000000000 HTTP/1.1&quot; 200 4686&#10;--------------------- &gt;&gt; end captured logging &lt;&lt; ---------------------"><![CDATA[  File "C:\Users\lxz\Documents\GitHub\localway_tests\wtframework\wtf\testobjects\testcase.py", line 101, in run
    testMethod()
  File "C:\Users\lxz\Documents\GitHub\localway_tests\tests\tests\test_mongo_vs_json.py", line 18, in test_mongo_vs_json
    self.assertDictEqual(poi_converted, poi_json)
  File "C:\Python27\lib\unittest\case.py", line 837, in assertDictEqual
    self.fail(self._formatMessage(msg, standardMsg))
  File "C:\Python27\lib\unittest\case.py", line 412, in fail
    raise self.failureException(msg)
{u'rating': 4.0, u'house': u'19/4', u'intro': u'\u0417\u0434\u0435\u0441\u044c \ [truncated]... != {u'rating': 4, u'house': u'19/4', u'street': u'\u041c\u0438\u043b\u044e\u0442\u0 [truncated]...
  {u'_id': u'164512af0000000000000000',
   u'amenities': [u'78af00000000000000000000',
                  u'80af00000000000000000000',
                  u'91af00000000000000000000',
                  u'100af0000000000000000000',
                  u'88af00000000000000000000',
                  u'86af00000000000000000000',
                  u'66af00000000000000000000',
                  u'82af00000000000000000000'],
   u'aroundTheClock': False,
+  u'averagePrice': [],
   u'building': u'1',
+  u'businessLunchPrice': [],
   u'categories': [u'156af0000000000000000000'],
   u'city': u'93086af00000000000000000',
   u'contacts': [{u'contact': u'(495) 532-87-58',
                  u'contactType': u'1af000000000000000000000'},
                 {u'contact': u'www.zdver.com',
                  u'contactType': u'4af000000000000000000000'}],
   u'cuisines': [u'83af00000000000000000000'],
   u'description': u'\u0410\u043d\u0442\u0438\u043a\u0430\u0444\u0435 \xab\u0417\u0435\u043b\u0435\u043d\u0430\u044f \u0434\u0432\u0435\u0440\u044c\xbb \u043d\u0430\u0445\u043e\u0434\u0438\u0442\u0441\u044f \u043d\u0435\u0434\u0430\u043b\u0435\u043a\u043e \u043e\u0442 \u0441\u0442\u0430\u043d\u0446\u0438\u0438 \u043c\u0435\u0442\u0440\u043e \xab\u0422\u0443\u0440\u0433\u0435\u043d\u0435\u0432\u0441\u043a\u0430\u044f\xbb. \u0417\u0430\u0432\u0435\u0434\u0435\u043d\u0438\u0435 \u043d\u0430\u0437\u0432\u0430\u043d\u043e \u0432 \u0447\u0435\u0441\u0442\u044c \u0437\u043d\u0430\u043c\u0435\u043d\u0438\u0442\u043e\u0433\u043e \u0440\u0430\u0441\u0441\u043a\u0430\u0437\u0430 \u0413\u0435\u0440\u0431\u0435\u0440\u0442\u0430 \u0423\u044d\u043b\u043b\u0441\u0430 \xab\u0414\u0432\u0435\u0440\u044c \u0432 \u0441\u0442\u0435\u043d\u0435\xbb. \u041f\u043e\u0441\u0435\u0442\u0438\u0442\u0435\u043b\u0438 \u043f\u043b\u0430\u0442\u044f\u0442 \u0442\u043e\u043b\u044c\u043a\u043e \u0437\u0430 \u0432\u0440\u0435\u043c\u044f, \u043f\u0440\u043e\u0432\u0435\u0434\u0435\u043d\u043d\u043e\u0435 \u0437\u0430 \xab\u0417\u0435\u043b\u0435\u043d\u043e\u0439 \u0434\u0432\u0435\u0440\u044c\u044e\xbb. \u041f\u0435\u0440\u0432\u044b\u0439 \u0447\u0430\u0441 - 2 \u0440\u0443\u0431\u043b\u044f \u0437\u0430 \u043c\u0438\u043d\u0443\u0442\u0443, \u0432\u0441\u0435 \u043f\u043e\u0441\u043b\u0435\u0434\u0443\u044e\u0449\u0438\u0435 \u0447\u0430\u0441\u044b - 1 \u0440\u0443\u0431\u043b\u044c \u0437\u0430 \u043c\u0438\u043d\u0443\u0442\u0443. \xab\u0417\u0435\u043b\u0435\u043d\u0430\u044f \u0434\u0432\u0435\u0440\u044c\xbb - \u044d\u0442\u043e \u043c\u0435\u0441\u0442\u043e, \u043a\u0443\u0434\u0430 \u043f\u0440\u0438\u0445\u043e\u0434\u044f\u0442, \u0447\u0442\u043e\u0431\u044b \u043f\u0440\u0438\u044f\u0442\u043d\u043e \u043f\u0440\u043e\u0432\u0435\u0441\u0442\u0438 \u0432\u0440\u0435\u043c\u044f, \u043f\u043e\u043e\u0431\u0449\u0430\u0442\u044c\u0441\u044f \u0441 \u0434\u0440\u0443\u0437\u044c\u044f\u043c\u0438 \u0438 \u043f\u043e\u0437\u043d\u0430\u043a\u043e\u043c\u0438\u0442\u044c\u0441\u044f \u0441 \u043d\u043e\u0432\u044b\u043c\u0438 \u043b\u044e\u0434\u044c\u043c\u0438. \u042d\u0442\u043e \u043e\u0442\u043a\u0440\u044b\u0442\u0430\u044f \u0430\u0440\u0442-\u043f\u043b\u043e\u0449\u0430\u0434\u043a\u0430, \u0433\u0434\u0435 \u043f\u0440\u043e\u0445\u043e\u0434\u044f\u0442 \u0432\u044b\u0441\u0442\u0430\u0432\u043a\u0438 \u0445\u0443\u0434\u043e\u0436\u043d\u0438\u043a\u043e\u0432 \u0438 \u0444\u043e\u0442\u043e\u0433\u0440\u0430\u0444\u043e\u0432, \u043f\u0435\u0440\u0444\u043e\u043c\u0430\u043d\u0441\u044b, \u043f\u043e\u044d\u0442\u0438\u0447\u0435\u0441\u043a\u0438\u0435 \u0447\u0442\u0435\u043d\u0438\u044f, \u043b\u0438\u0442\u0435\u0440\u0430\u0442\u0443\u0440\u043d\u044b\u0435 \u043f\u0440\u0435\u0437\u0435\u043d\u0442\u0430\u0446\u0438\u0438, \u043f\u0440\u043e\u0441\u043c\u043e\u0442\u0440\u044b \u0438 \u043e\u0431\u0441\u0443\u0436\u0434\u0435\u043d\u0438\u044f \u0430\u0440\u0442\u0445\u0430\u0443\u0441\u043d\u043e\u0433\u043e \u043a\u0438\u043d\u043e, \u0442\u0435\u043c\u0430\u0442\u0438\u0447\u0435\u0441\u043a\u0438\u0435 \u0441\u0435\u043c\u0438\u043d\u0430\u0440\u044b \u0438 \u043c\u0430\u0441\u0442\u0435\u0440-\u043a\u043b\u0430\u0441\u0441\u044b. \u0417\u0434\u0435\u0441\u044c \u043c\u043e\u0436\u043d\u043e \u043e\u0431\u0449\u0430\u0442\u044c\u0441\u044f \u0437\u0430 \u0447\u0430\u0448\u043a\u043e\u0439 \u0447\u0430\u044f, \u0438\u0433\u0440\u0430\u0442\u044c \u0432 \u043d\u0430\u0441\u0442\u043e\u043b\u044c\u043d\u044b\u0435 \u0438\u0433\u0440\u044b \u0438\u043b\u0438 xbox, \u0447\u0438\u0442\u0430\u0442\u044c \u043a\u043d\u0438\u0433\u0438, \u0441\u043c\u043e\u0442\u0440\u0435\u0442\u044c \u043a\u0438\u043d\u043e, \u0443\u0441\u0442\u0440\u0430\u0438\u0432\u0430\u0442\u044c \u043f\u043e\u0441\u0438\u0434\u0435\u043b\u043a\u0438 \u0441 \u0433\u0438\u0442\u0430\u0440\u043e\u0439. \u0423\u0442\u0440\u043e\u043c \u0437\u0434\u0435\u0441\u044c \u0435\u0436\u0435\u0434\u043d\u0435\u0432\u043d\u043e \u043f\u0440\u043e\u0445\u043e\u0434\u044f\u0442 \u0437\u0430\u043d\u044f\u0442\u0438\u044f \u043f\u043e \u0439\u043e\u0433\u0435, \u0430 \u043f\u043e \u0432\u0435\u0447\u0435\u0440\u0430\u043c - \u043f\u0440\u043e\u0441\u043c\u043e\u0442\u0440\u044b \u043b\u044e\u0431\u0438\u043c\u044b\u0445 \u0444\u0438\u043b\u044c\u043c\u043e\u0432 \u0438 \u0438\u043d\u0442\u0435\u0440\u0435\u0441\u043d\u044b\u0445 \u0441\u0435\u0440\u0438\u0430\u043b\u043e\u0432. \u041a\u0430\u0436\u0434\u0443\u044e \u043f\u044f\u0442\u043d\u0438\u0446\u0443, \u043d\u0430\u043f\u0440\u0438\u043c\u0435\u0440, \u0432 \u0430\u043d\u0442\u0438\u043a\u0430\u0444\u0435 \u0441\u043e\u0431\u0438\u0440\u0430\u044e\u0442\u0441\u044f \u0444\u0430\u043d\u0430\u0442\u044b \u0431\u0440\u0438\u0442\u0430\u043d\u0441\u043a\u043e\u0433\u043e \u0444\u0430\u043d\u0442\u0430\u0441\u0442\u0438\u0447\u0435\u0441\u043a\u043e\u0433\u043e \u0441\u0435\u0440\u0438\u0430\u043b\u0430 \xab\u0414\u043e\u043a\u0442\u043e\u0440 \u041a\u0442\u043e\xbb.\n\u0412 \u0430\u043d\u0442\u0438\u043a\u0430\u0444\u0435 \u0431\u0435\u0441\u043f\u043b\u0430\u0442\u043d\u043e \u043f\u0440\u0435\u0434\u043b\u0430\u0433\u0430\u044e\u0442 \u0447\u0430\u0439, \u043a\u043e\u0444\u0435 \u0438 \u0441\u043b\u0430\u0434\u043e\u0441\u0442\u0438.\n\u041e\u0431\u0441\u043b\u0443\u0436\u0438\u0432\u0430\u044e\u0442 \u0433\u043e\u0441\u0442\u0435\u0439 \u0437\u0434\u0435\u0441\u044c \u0432\u0441\u0435\u0433\u0434\u0430 \u0434\u043e\u0431\u0440\u043e\u0436\u0435\u043b\u0430\u0442\u0435\u043b\u044c\u043d\u043e, \u0432\u0435\u0434\u044c \u0433\u043b\u0430\u0432\u043d\u043e\u0435 \u0432 \u0430\u043d\u0442\u0438\u043a\u0430\u0444\u0435 - \u043f\u0440\u0438\u044f\u0442\u043d\u0430\u044f \u0430\u0442\u043c\u043e\u0441\u0444\u0435\u0440\u0430, \u0431\u043b\u0430\u0433\u043e\u0434\u0430\u0440\u044f \u043a\u043e\u0442\u043e\u0440\u043e\u0439 \u0445\u043e\u0447\u0435\u0442\u0441\u044f \u043f\u0440\u0438\u0439\u0442\u0438 \u0441\u044e\u0434\u0430 \u0441\u043d\u043e\u0432\u0430.\n\u0410\u043d\u0442\u0438\u043a\u0430\u0444\u0435 \xab\u0417\u0435\u043b\u0435\u043d\u0430\u044f \u0434\u0432\u0435\u0440\u044c\xbb - \u043f\u0440\u0435\u043a\u0440\u0430\u0441\u043d\u043e\u0435 \u043c\u0435\u0441\u0442\u043e \u0434\u043b\u044f \u0432\u0441\u0442\u0440\u0435\u0447 \u0441 \u0434\u0440\u0443\u0437\u044c\u044f\u043c\u0438.\n\n\u0417\u0430\u0433\u043e\u043b\u043e\u0432\u043e\u043a: \u0417\u0434\u0435\u0441\u044c \u043c\u043e\u0436\u043d\u043e \u043e\u0431\u0449\u0430\u0442\u044c\u0441\u044f \u0437\u0430 \u0447\u0430\u0448\u043a\u043e\u0439 \u0447\u0430\u044f, \u0438\u0433\u0440\u0430\u0442\u044c \u0432 \u043d\u0430\u0441\u0442\u043e\u043b\u044c\u043d\u044b\u0435 \u0438\u0433\u0440\u044b \u0438\u043b\u0438 xbox, \u0447\u0438\u0442\u0430\u0442\u044c \u043a\u043d\u0438\u0433\u0438, \u0441\u043c\u043e\u0442\u0440\u0435\u0442\u044c \u043a\u0438\u043d\u043e, \u0443\u0441\u0442\u0440\u0430\u0438\u0432\u0430\u0442\u044c \u043f\u043e\u0441\u0438\u0434\u0435\u043b\u043a\u0438 \u0441 \u0433\u0438\u0442\u0430\u0440\u043e\u0439.\n\u041a\u0443\u0445\u043d\u044f: \u0435\u0432\u0440\u043e\u043f\u0435\u0439\u0441\u043a\u0430\u044f',
   u'district': u'173af0000000000000000000',
   u'groupedSchedule': [{u'days': [0, 1, 2, 3, 4],
                         u'timeFrom': 39600000,
                         u'timeTo': 3600000},
                        {u'days': [5, 6], u'timeFrom': 0, u'timeTo': 0}],
   u'house': u'19/4',
   u'images': [u'367343', u'367344', u'367345', u'367346', u'367347'],
   u'intro': u'\u0417\u0434\u0435\u0441\u044c \u043c\u043e\u0436\u043d\u043e \u043e\u0431\u0449\u0430\u0442\u044c\u0441\u044f \u0437\u0430 \u0447\u0430\u0448\u043a\u043e\u0439 \u0447\u0430\u044f, \u0438\u0433\u0440\u0430\u0442\u044c \u0432 \u043d\u0430\u0441\u0442\u043e\u043b\u044c\u043d\u044b\u0435 \u0438\u0433\u0440\u044b \u0438\u043b\u0438 xbox, \u0447\u0438\u0442\u0430\u0442\u044c \u043a\u043d\u0438\u0433\u0438, \u0441\u043c\u043e\u0442\u0440\u0435\u0442\u044c \u043a\u0438\u043d\u043e, \u0443\u0441\u0442\u0440\u0430\u0438\u0432\u0430\u0442\u044c \u043f\u043e\u0441\u0438\u0434\u0435\u043b\u043a\u0438 \u0441 \u0433\u0438\u0442\u0430\u0440\u043e\u0439.',
   u'lat': 55.765637861049484,
   u'lon': 37.632266940536525,
   u'metroStations': [u'255af0000000000000000000', u'336af0000000000000000000'],
   u'name': u'\u0417\u0435\u043b\u0435\u043d\u0430\u044f \u0434\u0432\u0435\u0440\u044c',
   u'payments': [u'42af00000000000000000000'],
-  u'rating': 4.0,
?              --

+  u'rating': 4,
   u'sections': [u'11af00000000000000000000'],
   u'street': u'\u041c\u0438\u043b\u044e\u0442\u0438\u043d\u0441\u043a\u0438\u0439 \u043f\u0435\u0440'}
-------------------- >> begin captured logging << --------------------
requests.packages.urllib3.connectionpool: INFO: Starting new HTTP connection (1): 172.31.237.12
requests.packages.urllib3.connectionpool: DEBUG: "GET /portal-api/poi/164512af0000000000000000 HTTP/1.1" 200 4686
--------------------- >> end captured logging << ---------------------]]></failure></testcase><testcase classname="tests.tests.test_poi_page.POIPageTest" name="test_cuisine_is_not_shown" time="26.844"></testcase><testcase classname="tests.tests.test_poi_page.POIPageTest" name="test_cuisine_is_shown" time="6.298"></testcase><testcase classname="tests.tests.test_poi_page.POIPageTest" name="test_hotel_stars_and_check_io_is_shown" time="5.143"></testcase><testcase classname="tests.tests.test_poi_page.POIPageTest" name="test_hotel_stars_is_not_shown_and_check_io_is_shown" time="5.005"></testcase><testcase classname="tests.tests.test_poi_page.POIPageTest" name="test_image_gallery" time="4.970"><error type="exceptions.AttributeError" message="'NoneType' object has no attribute 'group'&#10;-------------------- &gt;&gt; begin captured logging &lt;&lt; --------------------&#10;selenium.webdriver.remote.remote_connection: DEBUG: DELETE http://172.31.237.7:4444/wd/hub/session/75f626e6-8981-4bea-95f8-f0fc392b2a16/cookie {&quot;sessionId&quot;: &quot;75f626e6-8981-4bea-95f8-f0fc392b2a16&quot;}&#10;selenium.webdriver.remote.remote_connection: DEBUG: POST http://172.31.237.7:4444/wd/hub/session/75f626e6-8981-4bea-95f8-f0fc392b2a16/url {&quot;url&quot;: &quot;about:blank&quot;, &quot;sessionId&quot;: &quot;75f626e6-8981-4bea-95f8-f0fc392b2a16&quot;}&#10;selenium.webdriver.remote.remote_connection: DEBUG: POST http://172.31.237.7:4444/wd/hub/session/75f626e6-8981-4bea-95f8-f0fc392b2a16/url {&quot;url&quot;: &quot;http://172.31.237.12/#/poi?id=175493af0000000000000000&quot;, &quot;sessionId&quot;: &quot;75f626e6-8981-4bea-95f8-f0fc392b2a16&quot;}&#10;selenium.webdriver.remote.remote_connection: DEBUG: GET http://172.31.237.7:4444/wd/hub/session/75f626e6-8981-4bea-95f8-f0fc392b2a16/title {&quot;sessionId&quot;: &quot;75f626e6-8981-4bea-95f8-f0fc392b2a16&quot;}&#10;selenium.webdriver.remote.remote_connection: DEBUG: POST http://172.31.237.7:4444/wd/hub/session/75f626e6-8981-4bea-95f8-f0fc392b2a16/elements {&quot;using&quot;: &quot;xpath&quot;, &quot;sessionId&quot;: &quot;75f626e6-8981-4bea-95f8-f0fc392b2a16&quot;, &quot;value&quot;: &quot;//div[@class='img-container']/img&quot;}&#10;selenium.webdriver.remote.remote_connection: DEBUG: GET http://172.31.237.7:4444/wd/hub/session/75f626e6-8981-4bea-95f8-f0fc392b2a16/element/182/attribute/src {&quot;sessionId&quot;: &quot;75f626e6-8981-4bea-95f8-f0fc392b2a16&quot;, &quot;name&quot;: &quot;src&quot;, &quot;id&quot;: &quot;182&quot;}&#10;--------------------- &gt;&gt; end captured logging &lt;&lt; ---------------------"><![CDATA[  File "C:\Users\lxz\Documents\GitHub\localway_tests\wtframework\wtf\testobjects\testcase.py", line 101, in run
    testMethod()
  File "C:\Users\lxz\Documents\GitHub\localway_tests\tests\tests\test_poi_page.py", line 94, in test_image_gallery
    center_image_id = get_image_id_from_src(poi_page.get_center_image().get_attribute('src'))
  File "C:\Users\lxz\Documents\GitHub\localway_tests\tests\utils\data_utils.py", line 213, in get_image_id_from_src
    return matcher.group(1)
'NoneType' object has no attribute 'group'
-------------------- >> begin captured logging << --------------------
selenium.webdriver.remote.remote_connection: DEBUG: DELETE http://172.31.237.7:4444/wd/hub/session/75f626e6-8981-4bea-95f8-f0fc392b2a16/cookie {"sessionId": "75f626e6-8981-4bea-95f8-f0fc392b2a16"}
selenium.webdriver.remote.remote_connection: DEBUG: POST http://172.31.237.7:4444/wd/hub/session/75f626e6-8981-4bea-95f8-f0fc392b2a16/url {"url": "about:blank", "sessionId": "75f626e6-8981-4bea-95f8-f0fc392b2a16"}
selenium.webdriver.remote.remote_connection: DEBUG: POST http://172.31.237.7:4444/wd/hub/session/75f626e6-8981-4bea-95f8-f0fc392b2a16/url {"url": "http://172.31.237.12/#/poi?id=175493af0000000000000000", "sessionId": "75f626e6-8981-4bea-95f8-f0fc392b2a16"}
selenium.webdriver.remote.remote_connection: DEBUG: GET http://172.31.237.7:4444/wd/hub/session/75f626e6-8981-4bea-95f8-f0fc392b2a16/title {"sessionId": "75f626e6-8981-4bea-95f8-f0fc392b2a16"}
selenium.webdriver.remote.remote_connection: DEBUG: POST http://172.31.237.7:4444/wd/hub/session/75f626e6-8981-4bea-95f8-f0fc392b2a16/elements {"using": "xpath", "sessionId": "75f626e6-8981-4bea-95f8-f0fc392b2a16", "value": "//div[@class='img-container']/img"}
selenium.webdriver.remote.remote_connection: DEBUG: GET http://172.31.237.7:4444/wd/hub/session/75f626e6-8981-4bea-95f8-f0fc392b2a16/element/182/attribute/src {"sessionId": "75f626e6-8981-4bea-95f8-f0fc392b2a16", "name": "src", "id": "182"}
--------------------- >> end captured logging << ---------------------]]></error></testcase><testcase classname="tests.tests.test_poi_page.POIPageTest" name="test_yandex_map_existence_false_scenario" time="5.362"></testcase><testcase classname="tests.tests.test_poi_page.POIPageTest" name="test_yandex_map_existence_true_scenario" time="9.018"></testcase><testcase classname="tests.tests.test_poi_page_ddt.DDTPOIPageTest" name="test_complex_check_poi_page_{'poi_id': '172772af0000000000000000'}" time="26.415"><error type="selenium.common.exceptions.NoSuchElementException" message="Message: u'Unable to locate element: {&quot;method&quot;:&quot;xpath&quot;,&quot;selector&quot;:&quot;//img[@data-bind=\\&quot;galleryImage\\&quot;]&quot;}\nCommand duration or timeout: 20.10 seconds\nFor documentation on this error, please visit: http://seleniumhq.org/exceptions/no_such_element.html\nBuild info: version: \'2.35.0\', revision: \'c916b9d\', time: \'2013-08-12 15:42:01\'\nSystem info: os.name: \'Windows 8\', os.arch: \'x86\', os.version: \'6.2\', java.version: \'1.7.0_25\'\nSession ID: 162ebf7f-9432-43c1-bb70-bc1892c657d3\nDriver info: org.openqa.selenium.firefox.FirefoxDriver\nCapabilities [{platform=XP, databaseEnabled=true, cssSelectorsEnabled=true, javascriptEnabled=true, acceptSslCerts=true, handlesAlerts=true, browserName=firefox, browserConnectionEnabled=true, nativeEvents=true, webStorageEnabled=true, rotatable=false, locationContextEnabled=true, applicationCacheEnabled=true, takesScreenshot=true, version=20.0.1}]' ; Screenshot: available via screen ; Stacktrace: &#10;    at sun.reflect.NativeConstructorAccessorImpl.newInstance0 (None:-2)&#10;    at sun.reflect.NativeConstructorAccessorImpl.newInstance (None:-1)&#10;    at sun.reflect.DelegatingConstructorAccessorImpl.newInstance (None:-1)&#10;    at java.lang.reflect.Constructor.newInstance (None:-1)&#10;    at org.openqa.selenium.remote.ErrorHandler.createThrowable (ErrorHandler.java:191)&#10;    at org.openqa.selenium.remote.ErrorHandler.throwIfResponseFailed (ErrorHandler.java:145)&#10;    at org.openqa.selenium.remote.RemoteWebDriver.execute (RemoteWebDriver.java:554)&#10;    at org.openqa.selenium.remote.RemoteWebDriver.findElement (RemoteWebDriver.java:307)&#10;    at org.openqa.selenium.remote.RemoteWebDriver.findElementByXPath (RemoteWebDriver.java:404)&#10;    at org.openqa.selenium.By$ByXPath.findElement (By.java:344)&#10;    at org.openqa.selenium.remote.RemoteWebDriver.findElement (RemoteWebDriver.java:299)&#10;    at sun.reflect.GeneratedMethodAccessor25.invoke (None:-1)&#10;    at sun.reflect.DelegatingMethodAccessorImpl.invoke (None:-1)&#10;    at java.lang.reflect.Method.invoke (None:-1)&#10;    at org.openqa.selenium.support.events.EventFiringWebDriver$2.invoke (EventFiringWebDriver.java:101)&#10;    at com.sun.proxy.$Proxy4.findElement (None:-1)&#10;    at org.openqa.selenium.support.events.EventFiringWebDriver.findElement (EventFiringWebDriver.java:180)&#10;    at org.openqa.selenium.remote.server.handler.FindElement.call (FindElement.java:47)&#10;    at org.openqa.selenium.remote.server.handler.FindElement.call (FindElement.java:1)&#10;    at java.util.concurrent.FutureTask$Sync.innerRun (None:-1)&#10;    at java.util.concurrent.FutureTask.run (None:-1)&#10;    at org.openqa.selenium.remote.server.DefaultSession$1.run (DefaultSession.java:169)&#10;    at java.util.concurrent.ThreadPoolExecutor.runWorker (None:-1)&#10;    at java.util.concurrent.ThreadPoolExecutor$Worker.run (None:-1)&#10;    at java.lang.Thread.run (None:-1) &#10;-------------------- &gt;&gt; begin captured logging &lt;&lt; --------------------&#10;selenium.webdriver.remote.remote_connection: DEBUG: DELETE http://172.31.237.7:4444/wd/hub/session/75f626e6-8981-4bea-95f8-f0fc392b2a16/cookie {&quot;sessionId&quot;: &quot;75f626e6-8981-4bea-95f8-f0fc392b2a16&quot;}&#10;selenium.webdriver.remote.remote_connection: DEBUG: POST http://172.31.237.7:4444/wd/hub/session/75f626e6-8981-4bea-95f8-f0fc392b2a16/url {&quot;url&quot;: &quot;about:blank&quot;, &quot;sessionId&quot;: &quot;75f626e6-8981-4bea-95f8-f0fc392b2a16&quot;}&#10;selenium.webdriver.remote.remote_connection: DEBUG: POST http://172.31.237.7:4444/wd/hub/session/75f626e6-8981-4bea-95f8-f0fc392b2a16/url {&quot;url&quot;: &quot;http://172.31.237.12/&quot;, &quot;sessionId&quot;: &quot;75f626e6-8981-4bea-95f8-f0fc392b2a16&quot;}&#10;selenium.webdriver.remote.remote_connection: DEBUG: POST http://172.31.237.7:4444/wd/hub/session/75f626e6-8981-4bea-95f8-f0fc392b2a16/url {&quot;url&quot;: &quot;http://172.31.237.12/#/poi?id=172772af0000000000000000&quot;, &quot;sessionId&quot;: &quot;75f626e6-8981-4bea-95f8-f0fc392b2a16&quot;}&#10;selenium.webdriver.remote.remote_connection: DEBUG: POST http://172.31.237.7:4444/wd/hub/session/75f626e6-8981-4bea-95f8-f0fc392b2a16/timeouts/implicit_wait {&quot;sessionId&quot;: &quot;75f626e6-8981-4bea-95f8-f0fc392b2a16&quot;, &quot;ms&quot;: 20000.0}&#10;selenium.webdriver.remote.remote_connection: DEBUG: GET http://172.31.237.7:4444/wd/hub/session/75f626e6-8981-4bea-95f8-f0fc392b2a16/title {&quot;sessionId&quot;: &quot;75f626e6-8981-4bea-95f8-f0fc392b2a16&quot;}&#10;selenium.webdriver.remote.remote_connection: DEBUG: POST http://172.31.237.7:4444/wd/hub/session/75f626e6-8981-4bea-95f8-f0fc392b2a16/element {&quot;using&quot;: &quot;xpath&quot;, &quot;sessionId&quot;: &quot;75f626e6-8981-4bea-95f8-f0fc392b2a16&quot;, &quot;value&quot;: &quot;//span[@data-bind=\&quot;poiName\&quot;]&quot;}&#10;selenium.webdriver.remote.remote_connection: DEBUG: GET http://172.31.237.7:4444/wd/hub/session/75f626e6-8981-4bea-95f8-f0fc392b2a16/element/186/text {&quot;sessionId&quot;: &quot;75f626e6-8981-4bea-95f8-f0fc392b2a16&quot;, &quot;id&quot;: &quot;186&quot;}&#10;selenium.webdriver.remote.remote_connection: DEBUG: POST http://172.31.237.7:4444/wd/hub/session/75f626e6-8981-4bea-95f8-f0fc392b2a16/element {&quot;using&quot;: &quot;xpath&quot;, &quot;sessionId&quot;: &quot;75f626e6-8981-4bea-95f8-f0fc392b2a16&quot;, &quot;value&quot;: &quot;//p[@data-bind=\&quot;description\&quot;]&quot;}&#10;selenium.webdriver.remote.remote_connection: DEBUG: GET http://172.31.237.7:4444/wd/hub/session/75f626e6-8981-4bea-95f8-f0fc392b2a16/element/187/text {&quot;sessionId&quot;: &quot;75f626e6-8981-4bea-95f8-f0fc392b2a16&quot;, &quot;id&quot;: &quot;187&quot;}&#10;selenium.webdriver.remote.remote_connection: DEBUG: POST http://172.31.237.7:4444/wd/hub/session/75f626e6-8981-4bea-95f8-f0fc392b2a16/element {&quot;using&quot;: &quot;xpath&quot;, &quot;sessionId&quot;: &quot;75f626e6-8981-4bea-95f8-f0fc392b2a16&quot;, &quot;value&quot;: &quot;/html/body/section/article/section[2]/section/header/div/span&quot;}&#10;selenium.webdriver.remote.remote_connection: DEBUG: GET http://172.31.237.7:4444/wd/hub/session/75f626e6-8981-4bea-95f8-f0fc392b2a16/element/188/attribute/class {&quot;sessionId&quot;: &quot;75f626e6-8981-4bea-95f8-f0fc392b2a16&quot;, &quot;name&quot;: &quot;class&quot;, &quot;id&quot;: &quot;188&quot;}&#10;selenium.webdriver.remote.remote_connection: DEBUG: POST http://172.31.237.7:4444/wd/hub/session/75f626e6-8981-4bea-95f8-f0fc392b2a16/element {&quot;using&quot;: &quot;xpath&quot;, &quot;sessionId&quot;: &quot;75f626e6-8981-4bea-95f8-f0fc392b2a16&quot;, &quot;value&quot;: &quot;//span[@data-bind=\&quot;rating\&quot;]&quot;}&#10;selenium.webdriver.remote.remote_connection: DEBUG: GET http://172.31.237.7:4444/wd/hub/session/75f626e6-8981-4bea-95f8-f0fc392b2a16/element/189/text {&quot;sessionId&quot;: &quot;75f626e6-8981-4bea-95f8-f0fc392b2a16&quot;, &quot;id&quot;: &quot;189&quot;}&#10;selenium.webdriver.remote.remote_connection: DEBUG: POST http://172.31.237.7:4444/wd/hub/session/75f626e6-8981-4bea-95f8-f0fc392b2a16/element {&quot;using&quot;: &quot;xpath&quot;, &quot;sessionId&quot;: &quot;75f626e6-8981-4bea-95f8-f0fc392b2a16&quot;, &quot;value&quot;: &quot;//section[@class=\&quot;poi-info\&quot;]/div[@class=\&quot;address\&quot;]&quot;}&#10;selenium.webdriver.remote.remote_connection: DEBUG: GET http://172.31.237.7:4444/wd/hub/session/75f626e6-8981-4bea-95f8-f0fc392b2a16/element/190/text {&quot;sessionId&quot;: &quot;75f626e6-8981-4bea-95f8-f0fc392b2a16&quot;, &quot;id&quot;: &quot;190&quot;}&#10;selenium.webdriver.remote.remote_connection: DEBUG: POST http://172.31.237.7:4444/wd/hub/session/75f626e6-8981-4bea-95f8-f0fc392b2a16/element {&quot;using&quot;: &quot;xpath&quot;, &quot;sessionId&quot;: &quot;75f626e6-8981-4bea-95f8-f0fc392b2a16&quot;, &quot;value&quot;: &quot;//img[@data-bind=\&quot;galleryImage\&quot;]&quot;}&#10;--------------------- &gt;&gt; end captured logging &lt;&lt; ---------------------"><![CDATA[  File "C:\Users\lxz\Documents\GitHub\localway_tests\wtframework\wtf\testobjects\testcase.py", line 101, in run
    testMethod()
  File "C:\Users\lxz\Documents\GitHub\localway_tests\wtframework\wtf\testobjects\test_decorators.py", line 89, in wrapper
    return func(self, *args, **kwargs)
  File "C:\Users\lxz\Documents\GitHub\localway_tests\tests\tests\test_poi_page_ddt.py", line 59, in test_complex_check_poi_page
    0 if not poi_page.image().is_displayed() else poi_page.image().get_attribute('src'))
  File "C:\Users\lxz\Documents\GitHub\localway_tests\tests\pages\poi_page.py", line 40, in <lambda>
    image = lambda self: self.webdriver.find_element_by_xpath("//img[@data-bind=\"galleryImage\"]")
  File "C:\Python27\lib\site-packages\selenium\webdriver\remote\webdriver.py", line 222, in find_element_by_xpath
    return self.find_element(by=By.XPATH, value=xpath)
  File "C:\Python27\lib\site-packages\selenium\webdriver\remote\webdriver.py", line 680, in find_element
    {'using': by, 'value': value})['value']
  File "C:\Python27\lib\site-packages\selenium\webdriver\remote\webdriver.py", line 165, in execute
    self.error_handler.check_response(response)
  File "C:\Python27\lib\site-packages\selenium\webdriver\remote\errorhandler.py", line 158, in check_response
    raise exception_class(message, screen, stacktrace)
Message: u'Unable to locate element: {"method":"xpath","selector":"//img[@data-bind=\\"galleryImage\\"]"}\nCommand duration or timeout: 20.10 seconds\nFor documentation on this error, please visit: http://seleniumhq.org/exceptions/no_such_element.html\nBuild info: version: \'2.35.0\', revision: \'c916b9d\', time: \'2013-08-12 15:42:01\'\nSystem info: os.name: \'Windows 8\', os.arch: \'x86\', os.version: \'6.2\', java.version: \'1.7.0_25\'\nSession ID: 162ebf7f-9432-43c1-bb70-bc1892c657d3\nDriver info: org.openqa.selenium.firefox.FirefoxDriver\nCapabilities [{platform=XP, databaseEnabled=true, cssSelectorsEnabled=true, javascriptEnabled=true, acceptSslCerts=true, handlesAlerts=true, browserName=firefox, browserConnectionEnabled=true, nativeEvents=true, webStorageEnabled=true, rotatable=false, locationContextEnabled=true, applicationCacheEnabled=true, takesScreenshot=true, version=20.0.1}]' ; Screenshot: available via screen ; Stacktrace: 
    at sun.reflect.NativeConstructorAccessorImpl.newInstance0 (None:-2)
    at sun.reflect.NativeConstructorAccessorImpl.newInstance (None:-1)
    at sun.reflect.DelegatingConstructorAccessorImpl.newInstance (None:-1)
    at java.lang.reflect.Constructor.newInstance (None:-1)
    at org.openqa.selenium.remote.ErrorHandler.createThrowable (ErrorHandler.java:191)
    at org.openqa.selenium.remote.ErrorHandler.throwIfResponseFailed (ErrorHandler.java:145)
    at org.openqa.selenium.remote.RemoteWebDriver.execute (RemoteWebDriver.java:554)
    at org.openqa.selenium.remote.RemoteWebDriver.findElement (RemoteWebDriver.java:307)
    at org.openqa.selenium.remote.RemoteWebDriver.findElementByXPath (RemoteWebDriver.java:404)
    at org.openqa.selenium.By$ByXPath.findElement (By.java:344)
    at org.openqa.selenium.remote.RemoteWebDriver.findElement (RemoteWebDriver.java:299)
    at sun.reflect.GeneratedMethodAccessor25.invoke (None:-1)
    at sun.reflect.DelegatingMethodAccessorImpl.invoke (None:-1)
    at java.lang.reflect.Method.invoke (None:-1)
    at org.openqa.selenium.support.events.EventFiringWebDriver$2.invoke (EventFiringWebDriver.java:101)
    at com.sun.proxy.$Proxy4.findElement (None:-1)
    at org.openqa.selenium.support.events.EventFiringWebDriver.findElement (EventFiringWebDriver.java:180)
    at org.openqa.selenium.remote.server.handler.FindElement.call (FindElement.java:47)
    at org.openqa.selenium.remote.server.handler.FindElement.call (FindElement.java:1)
    at java.util.concurrent.FutureTask$Sync.innerRun (None:-1)
    at java.util.concurrent.FutureTask.run (None:-1)
    at org.openqa.selenium.remote.server.DefaultSession$1.run (DefaultSession.java:169)
    at java.util.concurrent.ThreadPoolExecutor.runWorker (None:-1)
    at java.util.concurrent.ThreadPoolExecutor$Worker.run (None:-1)
    at java.lang.Thread.run (None:-1) 
-------------------- >> begin captured logging << --------------------
selenium.webdriver.remote.remote_connection: DEBUG: DELETE http://172.31.237.7:4444/wd/hub/session/75f626e6-8981-4bea-95f8-f0fc392b2a16/cookie {"sessionId": "75f626e6-8981-4bea-95f8-f0fc392b2a16"}
selenium.webdriver.remote.remote_connection: DEBUG: POST http://172.31.237.7:4444/wd/hub/session/75f626e6-8981-4bea-95f8-f0fc392b2a16/url {"url": "about:blank", "sessionId": "75f626e6-8981-4bea-95f8-f0fc392b2a16"}
selenium.webdriver.remote.remote_connection: DEBUG: POST http://172.31.237.7:4444/wd/hub/session/75f626e6-8981-4bea-95f8-f0fc392b2a16/url {"url": "http://172.31.237.12/", "sessionId": "75f626e6-8981-4bea-95f8-f0fc392b2a16"}
selenium.webdriver.remote.remote_connection: DEBUG: POST http://172.31.237.7:4444/wd/hub/session/75f626e6-8981-4bea-95f8-f0fc392b2a16/url {"url": "http://172.31.237.12/#/poi?id=172772af0000000000000000", "sessionId": "75f626e6-8981-4bea-95f8-f0fc392b2a16"}
selenium.webdriver.remote.remote_connection: DEBUG: POST http://172.31.237.7:4444/wd/hub/session/75f626e6-8981-4bea-95f8-f0fc392b2a16/timeouts/implicit_wait {"sessionId": "75f626e6-8981-4bea-95f8-f0fc392b2a16", "ms": 20000.0}
selenium.webdriver.remote.remote_connection: DEBUG: GET http://172.31.237.7:4444/wd/hub/session/75f626e6-8981-4bea-95f8-f0fc392b2a16/title {"sessionId": "75f626e6-8981-4bea-95f8-f0fc392b2a16"}
selenium.webdriver.remote.remote_connection: DEBUG: POST http://172.31.237.7:4444/wd/hub/session/75f626e6-8981-4bea-95f8-f0fc392b2a16/element {"using": "xpath", "sessionId": "75f626e6-8981-4bea-95f8-f0fc392b2a16", "value": "//span[@data-bind=\"poiName\"]"}
selenium.webdriver.remote.remote_connection: DEBUG: GET http://172.31.237.7:4444/wd/hub/session/75f626e6-8981-4bea-95f8-f0fc392b2a16/element/186/text {"sessionId": "75f626e6-8981-4bea-95f8-f0fc392b2a16", "id": "186"}
selenium.webdriver.remote.remote_connection: DEBUG: POST http://172.31.237.7:4444/wd/hub/session/75f626e6-8981-4bea-95f8-f0fc392b2a16/element {"using": "xpath", "sessionId": "75f626e6-8981-4bea-95f8-f0fc392b2a16", "value": "//p[@data-bind=\"description\"]"}
selenium.webdriver.remote.remote_connection: DEBUG: GET http://172.31.237.7:4444/wd/hub/session/75f626e6-8981-4bea-95f8-f0fc392b2a16/element/187/text {"sessionId": "75f626e6-8981-4bea-95f8-f0fc392b2a16", "id": "187"}
selenium.webdriver.remote.remote_connection: DEBUG: POST http://172.31.237.7:4444/wd/hub/session/75f626e6-8981-4bea-95f8-f0fc392b2a16/element {"using": "xpath", "sessionId": "75f626e6-8981-4bea-95f8-f0fc392b2a16", "value": "/html/body/section/article/section[2]/section/header/div/span"}
selenium.webdriver.remote.remote_connection: DEBUG: GET http://172.31.237.7:4444/wd/hub/session/75f626e6-8981-4bea-95f8-f0fc392b2a16/element/188/attribute/class {"sessionId": "75f626e6-8981-4bea-95f8-f0fc392b2a16", "name": "class", "id": "188"}
selenium.webdriver.remote.remote_connection: DEBUG: POST http://172.31.237.7:4444/wd/hub/session/75f626e6-8981-4bea-95f8-f0fc392b2a16/element {"using": "xpath", "sessionId": "75f626e6-8981-4bea-95f8-f0fc392b2a16", "value": "//span[@data-bind=\"rating\"]"}
selenium.webdriver.remote.remote_connection: DEBUG: GET http://172.31.237.7:4444/wd/hub/session/75f626e6-8981-4bea-95f8-f0fc392b2a16/element/189/text {"sessionId": "75f626e6-8981-4bea-95f8-f0fc392b2a16", "id": "189"}
selenium.webdriver.remote.remote_connection: DEBUG: POST http://172.31.237.7:4444/wd/hub/session/75f626e6-8981-4bea-95f8-f0fc392b2a16/element {"using": "xpath", "sessionId": "75f626e6-8981-4bea-95f8-f0fc392b2a16", "value": "//section[@class=\"poi-info\"]/div[@class=\"address\"]"}
selenium.webdriver.remote.remote_connection: DEBUG: GET http://172.31.237.7:4444/wd/hub/session/75f626e6-8981-4bea-95f8-f0fc392b2a16/element/190/text {"sessionId": "75f626e6-8981-4bea-95f8-f0fc392b2a16", "id": "190"}
selenium.webdriver.remote.remote_connection: DEBUG: POST http://172.31.237.7:4444/wd/hub/session/75f626e6-8981-4bea-95f8-f0fc392b2a16/element {"using": "xpath", "sessionId": "75f626e6-8981-4bea-95f8-f0fc392b2a16", "value": "//img[@data-bind=\"galleryImage\"]"}
--------------------- >> end captured logging << ---------------------]]></error></testcase><testcase classname="tests.tests.test_results_page.ResustsPageTest" name="test_pagination_existence_false_scenario" time="7.738"></testcase><testcase classname="tests.tests.test_results_page.ResustsPageTest" name="test_pagination_existence_true_scenario" time="10.110"></testcase><testcase classname="tests.tests.test_results_page.ResustsPageTest" name="test_search_only_with_what" time="8.584"></testcase><testcase classname="tests.tests.test_results_page.ResustsPageTest" name="test_search_only_with_what_but_with_focus_on_when_by_enter" time="8.772"></testcase><testcase classname="tests.tests.test_results_page.ResustsPageTest" name="test_search_only_with_what_by_enter" time="9.492"></testcase><testcase classname="tests.tests.test_results_page.ResustsPageTest" name="test_search_only_with_where_by_enter" time="9.399"></testcase><testcase classname="tests.tests.test_results_page.ResustsPageTest" name="test_search_only_with_where_when_found_equals_0" time="10.484"></testcase><testcase classname="tests.tests.test_results_page.ResustsPageTest" name="test_search_only_with_where_when_yandex_found_greater_than_0" time="11.747"></testcase><testcase classname="tests.tests.test_weight_calculation.WeightTest" name="test_weight_calculate" time="0.136"><error type="exceptions.UnicodeEncodeError" message="'ascii' codec can't encode characters in position 10-12: ordinal not in range(128)&#10;-------------------- &gt;&gt; begin captured logging &lt;&lt; --------------------&#10;requests.packages.urllib3.connectionpool: INFO: Starting new HTTP connection (1): 172.31.237.12&#10;requests.packages.urllib3.connectionpool: DEBUG: &quot;GET /search-api/query?sort=wordScore&amp;sort.dir=desc&amp;what=%D0%91%D0%B0%D1%80&amp;where=%D0%9C%D0%BE%D1%81%D0%BA%D0%B2%D0%B0%20%D0%A2%D0%B2%D0%B5%D1%80%D1%81%D0%BA%D0%B0%D1%8F%2017&amp;pageSize=25 HTTP/1.1&quot; 200 None&#10;--------------------- &gt;&gt; end captured logging &lt;&lt; ---------------------"><![CDATA[  File "C:\Users\lxz\Documents\GitHub\localway_tests\wtframework\wtf\testobjects\testcase.py", line 101, in run
    testMethod()
  File "C:\Users\lxz\Documents\GitHub\localway_tests\tests\tests\test_weight_calculation.py", line 31, in test_weight_calculate
    print 'POI name: ' + item['name'] + ' and id: ' + item['_id']
  File "C:\Python27\lib\site-packages\nose\plugins\xunit.py", line 136, in write
    s.write(*args)
'ascii' codec can't encode characters in position 10-12: ordinal not in range(128)
-------------------- >> begin captured logging << --------------------
requests.packages.urllib3.connectionpool: INFO: Starting new HTTP connection (1): 172.31.237.12
requests.packages.urllib3.connectionpool: DEBUG: "GET /search-api/query?sort=wordScore&sort.dir=desc&what=%D0%91%D0%B0%D1%80&where=%D0%9C%D0%BE%D1%81%D0%BA%D0%B2%D0%B0%20%D0%A2%D0%B2%D0%B5%D1%80%D1%81%D0%BA%D0%B0%D1%8F%2017&pageSize=25 HTTP/1.1" 200 None
--------------------- >> end captured logging << ---------------------]]></error></testcase><testcase classname="tests.tests.test_weight_calculation.WeightTest" name="test_weight_ranging_view" time="11.442"></testcase></testsuite>